<?xml version="1.0" encoding="ISO-8859-1" ?>
<link_info>
   <banner>TI ARM Clang Linker PC v3.2.2.LTS</banner>
   <copyright>Copyright (c) 1996-2018 Texas Instruments Incorporated</copyright>
   <link_time>0x67584364</link_time>
   <link_errors>0x0</link_errors>
   <output_file>C:\Users\jonas\repos\tin\ti_iwrl6432boost_dsp\person_detection\Debug\person_detection.out</output_file>
   <entry_point>
      <name>_c_int00</name>
      <address>0x4104b3</address>
   </entry_point>
   <input_file_list>
      <input_file id="fl-1">
         <path>C:\Users\jonas\repos\tin\ti_iwrl6432boost_dsp\person_detection\Debug\.\syscfg\</path>
         <kind>object</kind>
         <file>ti_dpl_config.o</file>
         <name>ti_dpl_config.o</name>
      </input_file>
      <input_file id="fl-2">
         <path>C:\Users\jonas\repos\tin\ti_iwrl6432boost_dsp\person_detection\Debug\.\syscfg\</path>
         <kind>object</kind>
         <file>ti_drivers_config.o</file>
         <name>ti_drivers_config.o</name>
      </input_file>
      <input_file id="fl-3">
         <path>C:\Users\jonas\repos\tin\ti_iwrl6432boost_dsp\person_detection\Debug\.\syscfg\</path>
         <kind>object</kind>
         <file>ti_drivers_open_close.o</file>
         <name>ti_drivers_open_close.o</name>
      </input_file>
      <input_file id="fl-4">
         <path>C:\Users\jonas\repos\tin\ti_iwrl6432boost_dsp\person_detection\Debug\.\syscfg\</path>
         <kind>object</kind>
         <file>ti_pinmux_config.o</file>
         <name>ti_pinmux_config.o</name>
      </input_file>
      <input_file id="fl-5">
         <path>C:\Users\jonas\repos\tin\ti_iwrl6432boost_dsp\person_detection\Debug\.\syscfg\</path>
         <kind>object</kind>
         <file>ti_power_clock_config.o</file>
         <name>ti_power_clock_config.o</name>
      </input_file>
      <input_file id="fl-6">
         <path>C:\Users\jonas\repos\tin\ti_iwrl6432boost_dsp\person_detection\Debug\.\syscfg\</path>
         <kind>object</kind>
         <file>ti_board_config.o</file>
         <name>ti_board_config.o</name>
      </input_file>
      <input_file id="fl-7">
         <path>C:\Users\jonas\repos\tin\ti_iwrl6432boost_dsp\person_detection\Debug\.\syscfg\</path>
         <kind>object</kind>
         <file>ti_board_open_close.o</file>
         <name>ti_board_open_close.o</name>
      </input_file>
      <input_file id="fl-8">
         <path>C:\Users\jonas\repos\tin\ti_iwrl6432boost_dsp\person_detection\Debug\.\src\</path>
         <kind>object</kind>
         <file>main.o</file>
         <name>main.o</name>
      </input_file>
      <input_file id="fl-9">
         <path>C:\Users\jonas\repos\tin\ti_iwrl6432boost_dsp\person_detection\Debug\.\src\</path>
         <kind>object</kind>
         <file>rangeproc_dpc.o</file>
         <name>rangeproc_dpc.o</name>
      </input_file>
      <input_file id="fl-1a">
         <path>C:\Users\jonas\repos\tin\ti_iwrl6432boost_dsp\person_detection\Debug\</path>
         <kind>object</kind>
         <file>&lt;internal&gt;</file>
         <name>&lt;internal&gt;</name>
      </input_file>
      <input_file id="fl-1b">
         <path>C:\ti\MMWAVE_L_SDK_05_05_02_00\source\kernel\freertos\lib\</path>
         <kind>archive</kind>
         <file>freertos.xwrL64xx.m4f.ti-arm-clang.debug.lib</file>
         <name>boot_armv7m.obj</name>
      </input_file>
      <input_file id="fl-1c">
         <path>C:\ti\MMWAVE_L_SDK_05_05_02_00\source\kernel\freertos\lib\</path>
         <kind>archive</kind>
         <file>freertos.xwrL64xx.m4f.ti-arm-clang.debug.lib</file>
         <name>DebugP_uartLogWriter.obj</name>
      </input_file>
      <input_file id="fl-1d">
         <path>C:\ti\MMWAVE_L_SDK_05_05_02_00\source\kernel\freertos\lib\</path>
         <kind>archive</kind>
         <file>freertos.xwrL64xx.m4f.ti-arm-clang.debug.lib</file>
         <name>DebugP_log.obj</name>
      </input_file>
      <input_file id="fl-1e">
         <path>C:\ti\MMWAVE_L_SDK_05_05_02_00\source\kernel\freertos\lib\</path>
         <kind>archive</kind>
         <file>freertos.xwrL64xx.m4f.ti-arm-clang.debug.lib</file>
         <name>MpuP_armv7m.obj</name>
      </input_file>
      <input_file id="fl-1f">
         <path>C:\ti\MMWAVE_L_SDK_05_05_02_00\source\kernel\freertos\lib\</path>
         <kind>archive</kind>
         <file>freertos.xwrL64xx.m4f.ti-arm-clang.debug.lib</file>
         <name>HwiP_armv7m.obj</name>
      </input_file>
      <input_file id="fl-20">
         <path>C:\ti\MMWAVE_L_SDK_05_05_02_00\source\kernel\freertos\lib\</path>
         <kind>archive</kind>
         <file>freertos.xwrL64xx.m4f.ti-arm-clang.debug.lib</file>
         <name>ClockP_freertos.obj</name>
      </input_file>
      <input_file id="fl-21">
         <path>C:\ti\MMWAVE_L_SDK_05_05_02_00\source\kernel\freertos\lib\</path>
         <kind>archive</kind>
         <file>freertos.xwrL64xx.m4f.ti-arm-clang.debug.lib</file>
         <name>ClockP_freertos_m4.obj</name>
      </input_file>
      <input_file id="fl-22">
         <path>C:\ti\MMWAVE_L_SDK_05_05_02_00\source\kernel\freertos\lib\</path>
         <kind>archive</kind>
         <file>freertos.xwrL64xx.m4f.ti-arm-clang.debug.lib</file>
         <name>HwiP_armv7m_handlers_freertos.obj</name>
      </input_file>
      <input_file id="fl-23">
         <path>C:\ti\MMWAVE_L_SDK_05_05_02_00\source\kernel\freertos\lib\</path>
         <kind>archive</kind>
         <file>freertos.xwrL64xx.m4f.ti-arm-clang.debug.lib</file>
         <name>DebugP_freertos.obj</name>
      </input_file>
      <input_file id="fl-24">
         <path>C:\ti\MMWAVE_L_SDK_05_05_02_00\source\kernel\freertos\lib\</path>
         <kind>archive</kind>
         <file>freertos.xwrL64xx.m4f.ti-arm-clang.debug.lib</file>
         <name>tasks.obj</name>
      </input_file>
      <input_file id="fl-25">
         <path>C:\ti\MMWAVE_L_SDK_05_05_02_00\source\kernel\freertos\lib\</path>
         <kind>archive</kind>
         <file>freertos.xwrL64xx.m4f.ti-arm-clang.debug.lib</file>
         <name>timers.obj</name>
      </input_file>
      <input_file id="fl-26">
         <path>C:\ti\MMWAVE_L_SDK_05_05_02_00\source\kernel\freertos\lib\</path>
         <kind>archive</kind>
         <file>freertos.xwrL64xx.m4f.ti-arm-clang.debug.lib</file>
         <name>queue.obj</name>
      </input_file>
      <input_file id="fl-27">
         <path>C:\ti\MMWAVE_L_SDK_05_05_02_00\source\kernel\freertos\lib\</path>
         <kind>archive</kind>
         <file>freertos.xwrL64xx.m4f.ti-arm-clang.debug.lib</file>
         <name>list.obj</name>
      </input_file>
      <input_file id="fl-28">
         <path>C:\ti\MMWAVE_L_SDK_05_05_02_00\source\kernel\freertos\lib\</path>
         <kind>archive</kind>
         <file>freertos.xwrL64xx.m4f.ti-arm-clang.debug.lib</file>
         <name>heap_3.obj</name>
      </input_file>
      <input_file id="fl-29">
         <path>C:\ti\MMWAVE_L_SDK_05_05_02_00\source\kernel\freertos\lib\</path>
         <kind>archive</kind>
         <file>freertos.xwrL64xx.m4f.ti-arm-clang.debug.lib</file>
         <name>port.obj</name>
      </input_file>
      <input_file id="fl-2a">
         <path>C:\ti\MMWAVE_L_SDK_05_05_02_00\source\kernel\freertos\lib\</path>
         <kind>archive</kind>
         <file>freertos.xwrL64xx.m4f.ti-arm-clang.debug.lib</file>
         <name>printf.obj</name>
      </input_file>
      <input_file id="fl-2b">
         <path>C:\ti\MMWAVE_L_SDK_05_05_02_00\source\kernel\freertos\lib\</path>
         <kind>archive</kind>
         <file>freertos.xwrL64xx.m4f.ti-arm-clang.debug.lib</file>
         <name>SysTickTimerP.obj</name>
      </input_file>
      <input_file id="fl-2c">
         <path>C:\ti\MMWAVE_L_SDK_05_05_02_00\source\kernel\freertos\lib\</path>
         <kind>archive</kind>
         <file>freertos.xwrL64xx.m4f.ti-arm-clang.debug.lib</file>
         <name>SemaphoreP_freertos.obj</name>
      </input_file>
      <input_file id="fl-2d">
         <path>C:\ti\MMWAVE_L_SDK_05_05_02_00\source\kernel\freertos\lib\</path>
         <kind>archive</kind>
         <file>freertos.xwrL64xx.m4f.ti-arm-clang.debug.lib</file>
         <name>power_xwrLx4xx_freertos.obj</name>
      </input_file>
      <input_file id="fl-2e">
         <path>C:\ti\MMWAVE_L_SDK_05_05_02_00\source\kernel\freertos\lib\</path>
         <kind>archive</kind>
         <file>freertos.xwrL64xx.m4f.ti-arm-clang.debug.lib</file>
         <name>TimerP_rti.obj</name>
      </input_file>
      <input_file id="fl-2f">
         <path>C:\ti\MMWAVE_L_SDK_05_05_02_00\source\datapath\lib\</path>
         <kind>archive</kind>
         <file>datapath_tracker2d.xwrL64xx.m4f.ti-arm-clang.debug.lib</file>
         <name>rangeprochwa.obj</name>
      </input_file>
      <input_file id="fl-30">
         <path>C:\ti\MMWAVE_L_SDK_05_05_02_00\source\datapath\lib\</path>
         <kind>archive</kind>
         <file>datapath_tracker2d.xwrL64xx.m4f.ti-arm-clang.debug.lib</file>
         <name>dpedma.obj</name>
      </input_file>
      <input_file id="fl-31">
         <path>C:\ti\MMWAVE_L_SDK_05_05_02_00\source\datapath\lib\</path>
         <kind>archive</kind>
         <file>datapath_tracker2d.xwrL64xx.m4f.ti-arm-clang.debug.lib</file>
         <name>dpedmahwa.obj</name>
      </input_file>
      <input_file id="fl-32">
         <path>C:\ti\MMWAVE_L_SDK_05_05_02_00\source\drivers\lib\</path>
         <kind>archive</kind>
         <file>drivers.xwrL64xx.m4f.ti-arm-clang.debug.lib</file>
         <name>edma.obj</name>
      </input_file>
      <input_file id="fl-33">
         <path>C:\ti\MMWAVE_L_SDK_05_05_02_00\source\drivers\lib\</path>
         <kind>archive</kind>
         <file>drivers.xwrL64xx.m4f.ti-arm-clang.debug.lib</file>
         <name>hwa.obj</name>
      </input_file>
      <input_file id="fl-34">
         <path>C:\ti\MMWAVE_L_SDK_05_05_02_00\source\drivers\lib\</path>
         <kind>archive</kind>
         <file>drivers.xwrL64xx.m4f.ti-arm-clang.debug.lib</file>
         <name>pinmux.obj</name>
      </input_file>
      <input_file id="fl-35">
         <path>C:\ti\MMWAVE_L_SDK_05_05_02_00\source\drivers\lib\</path>
         <kind>archive</kind>
         <file>drivers.xwrL64xx.m4f.ti-arm-clang.debug.lib</file>
         <name>power_xwrLx4xx.obj</name>
      </input_file>
      <input_file id="fl-36">
         <path>C:\ti\MMWAVE_L_SDK_05_05_02_00\source\drivers\lib\</path>
         <kind>archive</kind>
         <file>drivers.xwrL64xx.m4f.ti-arm-clang.debug.lib</file>
         <name>prcm.obj</name>
      </input_file>
      <input_file id="fl-37">
         <path>C:\ti\MMWAVE_L_SDK_05_05_02_00\source\drivers\lib\</path>
         <kind>archive</kind>
         <file>drivers.xwrL64xx.m4f.ti-arm-clang.debug.lib</file>
         <name>soc.obj</name>
      </input_file>
      <input_file id="fl-38">
         <path>C:\ti\MMWAVE_L_SDK_05_05_02_00\source\drivers\lib\</path>
         <kind>archive</kind>
         <file>drivers.xwrL64xx.m4f.ti-arm-clang.debug.lib</file>
         <name>soc_rcm.obj</name>
      </input_file>
      <input_file id="fl-39">
         <path>C:\ti\MMWAVE_L_SDK_05_05_02_00\source\drivers\lib\</path>
         <kind>archive</kind>
         <file>drivers.xwrL64xx.m4f.ti-arm-clang.debug.lib</file>
         <name>uart_sci.obj</name>
      </input_file>
      <input_file id="fl-3a">
         <path>C:\ti\MMWAVE_L_SDK_05_05_02_00\source\drivers\lib\</path>
         <kind>archive</kind>
         <file>drivers.xwrL64xx.m4f.ti-arm-clang.debug.lib</file>
         <name>uart_sci_edma.obj</name>
      </input_file>
      <input_file id="fl-3b">
         <path>C:\ti\MMWAVE_L_SDK_05_05_02_00\source\drivers\lib\</path>
         <kind>archive</kind>
         <file>drivers.xwrL64xx.m4f.ti-arm-clang.debug.lib</file>
         <name>power_xwrLx4xx_asm.obj</name>
      </input_file>
      <input_file id="fl-3c">
         <path>C:\ti\MMWAVE_L_SDK_05_05_02_00\source\drivers\lib\</path>
         <kind>archive</kind>
         <file>drivers.xwrL64xx.m4f.ti-arm-clang.debug.lib</file>
         <name>List.obj</name>
      </input_file>
      <input_file id="fl-3d">
         <path>C:\ti\MMWAVE_L_SDK_05_05_02_00\source\board\lib\</path>
         <kind>archive</kind>
         <file>board.xwrL64xx.m4f.ti-arm-clang.debug.lib</file>
         <name>cpu.obj</name>
      </input_file>
      <input_file id="fl-3e">
         <path>C:\ti\MMWAVE_L_SDK_05_05_02_00\source\utils\lib\</path>
         <kind>archive</kind>
         <file>utils.xwrL64xx.m4f.ti-arm-clang.debug.lib</file>
         <name>mathutils.obj</name>
      </input_file>
      <input_file id="fl-4d">
         <path>C:\ti\ti_cgt_tiarmclang_3.2.2.LTS\lib\armv7em-ti-none-eabihf\c\</path>
         <kind>archive</kind>
         <file>libc.a</file>
         <name>fputc.c.obj</name>
      </input_file>
      <input_file id="fl-4e">
         <path>C:\ti\ti_cgt_tiarmclang_3.2.2.LTS\lib\armv7em-ti-none-eabihf\c\</path>
         <kind>archive</kind>
         <file>libc.a</file>
         <name>_io_perm.c.obj</name>
      </input_file>
      <input_file id="fl-4f">
         <path>C:\ti\ti_cgt_tiarmclang_3.2.2.LTS\lib\armv7em-ti-none-eabihf\c\</path>
         <kind>archive</kind>
         <file>libc.a</file>
         <name>setvbuf.c.obj</name>
      </input_file>
      <input_file id="fl-50">
         <path>C:\ti\ti_cgt_tiarmclang_3.2.2.LTS\lib\armv7em-ti-none-eabihf\c\</path>
         <kind>archive</kind>
         <file>libc.a</file>
         <name>s_cos.c.obj</name>
      </input_file>
      <input_file id="fl-51">
         <path>C:\ti\ti_cgt_tiarmclang_3.2.2.LTS\lib\armv7em-ti-none-eabihf\c\</path>
         <kind>archive</kind>
         <file>libc.a</file>
         <name>k_rem_pio2.c.obj</name>
      </input_file>
      <input_file id="fl-52">
         <path>C:\ti\ti_cgt_tiarmclang_3.2.2.LTS\lib\armv7em-ti-none-eabihf\c\</path>
         <kind>archive</kind>
         <file>libc.a</file>
         <name>exit.c.obj</name>
      </input_file>
      <input_file id="fl-53">
         <path>C:\ti\ti_cgt_tiarmclang_3.2.2.LTS\lib\armv7em-ti-none-eabihf\c\</path>
         <kind>archive</kind>
         <file>libc.a</file>
         <name>_lock.c.obj</name>
      </input_file>
      <input_file id="fl-54">
         <path>C:\ti\ti_cgt_tiarmclang_3.2.2.LTS\lib\armv7em-ti-none-eabihf\c\</path>
         <kind>archive</kind>
         <file>libc.a</file>
         <name>defs.c.obj</name>
      </input_file>
      <input_file id="fl-55">
         <path>C:\ti\ti_cgt_tiarmclang_3.2.2.LTS\lib\armv7em-ti-none-eabihf\c\</path>
         <kind>archive</kind>
         <file>libc.a</file>
         <name>memory.c.obj</name>
      </input_file>
      <input_file id="fl-56">
         <path>C:\ti\ti_cgt_tiarmclang_3.2.2.LTS\lib\armv7em-ti-none-eabihf\c\</path>
         <kind>archive</kind>
         <file>libc.a</file>
         <name>autoinit.c.obj</name>
      </input_file>
      <input_file id="fl-57">
         <path>C:\ti\ti_cgt_tiarmclang_3.2.2.LTS\lib\armv7em-ti-none-eabihf\c\</path>
         <kind>archive</kind>
         <file>libc.a</file>
         <name>cpy_tbl.c.obj</name>
      </input_file>
      <input_file id="fl-58">
         <path>C:\ti\ti_cgt_tiarmclang_3.2.2.LTS\lib\armv7em-ti-none-eabihf\c\</path>
         <kind>archive</kind>
         <file>libc.a</file>
         <name>fflush.c.obj</name>
      </input_file>
      <input_file id="fl-59">
         <path>C:\ti\ti_cgt_tiarmclang_3.2.2.LTS\lib\armv7em-ti-none-eabihf\c\</path>
         <kind>archive</kind>
         <file>libc.a</file>
         <name>fopen.c.obj</name>
      </input_file>
      <input_file id="fl-5a">
         <path>C:\ti\ti_cgt_tiarmclang_3.2.2.LTS\lib\armv7em-ti-none-eabihf\c\</path>
         <kind>archive</kind>
         <file>libc.a</file>
         <name>fseek.c.obj</name>
      </input_file>
      <input_file id="fl-5b">
         <path>C:\ti\ti_cgt_tiarmclang_3.2.2.LTS\lib\armv7em-ti-none-eabihf\c\</path>
         <kind>archive</kind>
         <file>libc.a</file>
         <name>k_cos.c.obj</name>
      </input_file>
      <input_file id="fl-5c">
         <path>C:\ti\ti_cgt_tiarmclang_3.2.2.LTS\lib\armv7em-ti-none-eabihf\c\</path>
         <kind>archive</kind>
         <file>libc.a</file>
         <name>k_sin.c.obj</name>
      </input_file>
      <input_file id="fl-5d">
         <path>C:\ti\ti_cgt_tiarmclang_3.2.2.LTS\lib\armv7em-ti-none-eabihf\c\</path>
         <kind>archive</kind>
         <file>libc.a</file>
         <name>s_floor.c.obj</name>
      </input_file>
      <input_file id="fl-5e">
         <path>C:\ti\ti_cgt_tiarmclang_3.2.2.LTS\lib\armv7em-ti-none-eabihf\c\</path>
         <kind>archive</kind>
         <file>libc.a</file>
         <name>s_scalbn.c.obj</name>
      </input_file>
      <input_file id="fl-5f">
         <path>C:\ti\ti_cgt_tiarmclang_3.2.2.LTS\lib\armv7em-ti-none-eabihf\c\</path>
         <kind>archive</kind>
         <file>libc.a</file>
         <name>aeabi_portable.c.obj</name>
      </input_file>
      <input_file id="fl-60">
         <path>C:\ti\ti_cgt_tiarmclang_3.2.2.LTS\lib\armv7em-ti-none-eabihf\c\</path>
         <kind>archive</kind>
         <file>libc.a</file>
         <name>assert.c.obj</name>
      </input_file>
      <input_file id="fl-61">
         <path>C:\ti\ti_cgt_tiarmclang_3.2.2.LTS\lib\armv7em-ti-none-eabihf\c\</path>
         <kind>archive</kind>
         <file>libc.a</file>
         <name>sprintf.c.obj</name>
      </input_file>
      <input_file id="fl-62">
         <path>C:\ti\ti_cgt_tiarmclang_3.2.2.LTS\lib\armv7em-ti-none-eabihf\c\</path>
         <kind>archive</kind>
         <file>libc.a</file>
         <name>fclose.c.obj</name>
      </input_file>
      <input_file id="fl-63">
         <path>C:\ti\ti_cgt_tiarmclang_3.2.2.LTS\lib\armv7em-ti-none-eabihf\c\</path>
         <kind>archive</kind>
         <file>libc.a</file>
         <name>fputs.c.obj</name>
      </input_file>
      <input_file id="fl-64">
         <path>C:\ti\ti_cgt_tiarmclang_3.2.2.LTS\lib\armv7em-ti-none-eabihf\c\</path>
         <kind>archive</kind>
         <file>libc.a</file>
         <name>_printfi.c.obj</name>
      </input_file>
      <input_file id="fl-65">
         <path>C:\ti\ti_cgt_tiarmclang_3.2.2.LTS\lib\armv7em-ti-none-eabihf\c\</path>
         <kind>archive</kind>
         <file>libc.a</file>
         <name>s_frexp.c.obj</name>
      </input_file>
      <input_file id="fl-66">
         <path>C:\ti\ti_cgt_tiarmclang_3.2.2.LTS\lib\armv7em-ti-none-eabihf\c\</path>
         <kind>archive</kind>
         <file>libc.a</file>
         <name>_ltoa.c.obj</name>
      </input_file>
      <input_file id="fl-67">
         <path>C:\ti\ti_cgt_tiarmclang_3.2.2.LTS\lib\armv7em-ti-none-eabihf\c\</path>
         <kind>archive</kind>
         <file>libc.a</file>
         <name>atoi.c.obj</name>
      </input_file>
      <input_file id="fl-68">
         <path>C:\ti\ti_cgt_tiarmclang_3.2.2.LTS\lib\armv7em-ti-none-eabihf\c\</path>
         <kind>archive</kind>
         <file>libc.a</file>
         <name>memccpy.c.obj</name>
      </input_file>
      <input_file id="fl-69">
         <path>C:\ti\ti_cgt_tiarmclang_3.2.2.LTS\lib\armv7em-ti-none-eabihf\c\</path>
         <kind>archive</kind>
         <file>libc.a</file>
         <name>wcslen.c.obj</name>
      </input_file>
      <input_file id="fl-6a">
         <path>C:\ti\ti_cgt_tiarmclang_3.2.2.LTS\lib\armv7em-ti-none-eabihf\c\</path>
         <kind>archive</kind>
         <file>libc.a</file>
         <name>aeabi_ctype.S.obj</name>
      </input_file>
      <input_file id="fl-d0">
         <path>C:\ti\ti_cgt_tiarmclang_3.2.2.LTS\lib\armv7em-ti-none-eabihf\c\</path>
         <kind>archive</kind>
         <file>libsysbm.a</file>
         <name>write.c.obj</name>
      </input_file>
      <input_file id="fl-d1">
         <path>C:\ti\ti_cgt_tiarmclang_3.2.2.LTS\lib\armv7em-ti-none-eabihf\c\</path>
         <kind>archive</kind>
         <file>libsysbm.a</file>
         <name>host_device.c.obj</name>
      </input_file>
      <input_file id="fl-d2">
         <path>C:\ti\ti_cgt_tiarmclang_3.2.2.LTS\lib\armv7em-ti-none-eabihf\c\</path>
         <kind>archive</kind>
         <file>libsysbm.a</file>
         <name>remove.c.obj</name>
      </input_file>
      <input_file id="fl-d3">
         <path>C:\ti\ti_cgt_tiarmclang_3.2.2.LTS\lib\armv7em-ti-none-eabihf\c\</path>
         <kind>archive</kind>
         <file>libsysbm.a</file>
         <name>open.c.obj</name>
      </input_file>
      <input_file id="fl-d4">
         <path>C:\ti\ti_cgt_tiarmclang_3.2.2.LTS\lib\armv7em-ti-none-eabihf\c\</path>
         <kind>archive</kind>
         <file>libsysbm.a</file>
         <name>lseek.c.obj</name>
      </input_file>
      <input_file id="fl-d5">
         <path>C:\ti\ti_cgt_tiarmclang_3.2.2.LTS\lib\armv7em-ti-none-eabihf\c\</path>
         <kind>archive</kind>
         <file>libsysbm.a</file>
         <name>close.c.obj</name>
      </input_file>
      <input_file id="fl-d6">
         <path>C:\ti\ti_cgt_tiarmclang_3.2.2.LTS\lib\armv7em-ti-none-eabihf\c\</path>
         <kind>archive</kind>
         <file>libsysbm.a</file>
         <name>unlink.c.obj</name>
      </input_file>
      <input_file id="fl-d7">
         <path>C:\ti\ti_cgt_tiarmclang_3.2.2.LTS\lib\armv7em-ti-none-eabihf\c\</path>
         <kind>archive</kind>
         <file>libsysbm.a</file>
         <name>hostclose.c.obj</name>
      </input_file>
      <input_file id="fl-d8">
         <path>C:\ti\ti_cgt_tiarmclang_3.2.2.LTS\lib\armv7em-ti-none-eabihf\c\</path>
         <kind>archive</kind>
         <file>libsysbm.a</file>
         <name>hostlseek.c.obj</name>
      </input_file>
      <input_file id="fl-d9">
         <path>C:\ti\ti_cgt_tiarmclang_3.2.2.LTS\lib\armv7em-ti-none-eabihf\c\</path>
         <kind>archive</kind>
         <file>libsysbm.a</file>
         <name>hostopen.c.obj</name>
      </input_file>
      <input_file id="fl-da">
         <path>C:\ti\ti_cgt_tiarmclang_3.2.2.LTS\lib\armv7em-ti-none-eabihf\c\</path>
         <kind>archive</kind>
         <file>libsysbm.a</file>
         <name>hostread.c.obj</name>
      </input_file>
      <input_file id="fl-db">
         <path>C:\ti\ti_cgt_tiarmclang_3.2.2.LTS\lib\armv7em-ti-none-eabihf\c\</path>
         <kind>archive</kind>
         <file>libsysbm.a</file>
         <name>hostrename.c.obj</name>
      </input_file>
      <input_file id="fl-dc">
         <path>C:\ti\ti_cgt_tiarmclang_3.2.2.LTS\lib\armv7em-ti-none-eabihf\c\</path>
         <kind>archive</kind>
         <file>libsysbm.a</file>
         <name>hostunlink.c.obj</name>
      </input_file>
      <input_file id="fl-dd">
         <path>C:\ti\ti_cgt_tiarmclang_3.2.2.LTS\lib\armv7em-ti-none-eabihf\c\</path>
         <kind>archive</kind>
         <file>libsysbm.a</file>
         <name>hostwrite.c.obj</name>
      </input_file>
      <input_file id="fl-de">
         <path>C:\ti\ti_cgt_tiarmclang_3.2.2.LTS\lib\armv7em-ti-none-eabihf\c\</path>
         <kind>archive</kind>
         <file>libsysbm.a</file>
         <name>trgmsg.c.obj</name>
      </input_file>
      <input_file id="fl-df">
         <path>C:\ti\ti_cgt_tiarmclang_3.2.2.LTS\lib\clang\15.0.7\lib\armv7em-ti-none-eabihf\</path>
         <kind>archive</kind>
         <file>libclang_rt.builtins.a</file>
         <name>adddf3.S.obj</name>
      </input_file>
      <input_file id="fl-e0">
         <path>C:\ti\ti_cgt_tiarmclang_3.2.2.LTS\lib\clang\15.0.7\lib\armv7em-ti-none-eabihf\</path>
         <kind>archive</kind>
         <file>libclang_rt.builtins.a</file>
         <name>muldf3.S.obj</name>
      </input_file>
      <input_file id="fl-e1">
         <path>C:\ti\ti_cgt_tiarmclang_3.2.2.LTS\lib\clang\15.0.7\lib\armv7em-ti-none-eabihf\</path>
         <kind>archive</kind>
         <file>libclang_rt.builtins.a</file>
         <name>divdf3.S.obj</name>
      </input_file>
      <input_file id="fl-e2">
         <path>C:\ti\ti_cgt_tiarmclang_3.2.2.LTS\lib\clang\15.0.7\lib\armv7em-ti-none-eabihf\</path>
         <kind>archive</kind>
         <file>libclang_rt.builtins.a</file>
         <name>extendsfdf2.S.obj</name>
      </input_file>
      <input_file id="fl-e3">
         <path>C:\ti\ti_cgt_tiarmclang_3.2.2.LTS\lib\clang\15.0.7\lib\armv7em-ti-none-eabihf\</path>
         <kind>archive</kind>
         <file>libclang_rt.builtins.a</file>
         <name>fixdfsi.S.obj</name>
      </input_file>
      <input_file id="fl-e4">
         <path>C:\ti\ti_cgt_tiarmclang_3.2.2.LTS\lib\clang\15.0.7\lib\armv7em-ti-none-eabihf\</path>
         <kind>archive</kind>
         <file>libclang_rt.builtins.a</file>
         <name>fixunsdfsi.S.obj</name>
      </input_file>
      <input_file id="fl-e5">
         <path>C:\ti\ti_cgt_tiarmclang_3.2.2.LTS\lib\clang\15.0.7\lib\armv7em-ti-none-eabihf\</path>
         <kind>archive</kind>
         <file>libclang_rt.builtins.a</file>
         <name>floatsidf.S.obj</name>
      </input_file>
      <input_file id="fl-e6">
         <path>C:\ti\ti_cgt_tiarmclang_3.2.2.LTS\lib\clang\15.0.7\lib\armv7em-ti-none-eabihf\</path>
         <kind>archive</kind>
         <file>libclang_rt.builtins.a</file>
         <name>floatunsidf.S.obj</name>
      </input_file>
      <input_file id="fl-e7">
         <path>C:\ti\ti_cgt_tiarmclang_3.2.2.LTS\lib\clang\15.0.7\lib\armv7em-ti-none-eabihf\</path>
         <kind>archive</kind>
         <file>libclang_rt.builtins.a</file>
         <name>truncdfsf2.S.obj</name>
      </input_file>
      <input_file id="fl-e8">
         <path>C:\ti\ti_cgt_tiarmclang_3.2.2.LTS\lib\clang\15.0.7\lib\armv7em-ti-none-eabihf\</path>
         <kind>archive</kind>
         <file>libclang_rt.builtins.a</file>
         <name>comparedf2.c.obj</name>
      </input_file>
      <input_file id="fl-e9">
         <path>C:\ti\ti_cgt_tiarmclang_3.2.2.LTS\lib\clang\15.0.7\lib\armv7em-ti-none-eabihf\</path>
         <kind>archive</kind>
         <file>libclang_rt.builtins.a</file>
         <name>aeabi_dcmp.S.obj</name>
      </input_file>
      <input_file id="fl-ea">
         <path>C:\ti\ti_cgt_tiarmclang_3.2.2.LTS\lib\clang\15.0.7\lib\armv7em-ti-none-eabihf\</path>
         <kind>archive</kind>
         <file>libclang_rt.builtins.a</file>
         <name>aeabi_memcpy.S.obj</name>
      </input_file>
      <input_file id="fl-eb">
         <path>C:\ti\ti_cgt_tiarmclang_3.2.2.LTS\lib\clang\15.0.7\lib\armv7em-ti-none-eabihf\</path>
         <kind>archive</kind>
         <file>libclang_rt.builtins.a</file>
         <name>aeabi_memset.S.obj</name>
      </input_file>
      <input_file id="fl-ec">
         <path>C:\ti\ti_cgt_tiarmclang_3.2.2.LTS\lib\clang\15.0.7\lib\armv7em-ti-none-eabihf\</path>
         <kind>archive</kind>
         <file>libclang_rt.builtins.a</file>
         <name>aeabi_uldivmod.S.obj</name>
      </input_file>
      <input_file id="fl-ed">
         <path>C:\ti\ti_cgt_tiarmclang_3.2.2.LTS\lib\clang\15.0.7\lib\armv7em-ti-none-eabihf\</path>
         <kind>archive</kind>
         <file>libclang_rt.builtins.a</file>
         <name>udivmoddi4.S.obj</name>
      </input_file>
      <input_file id="fl-ee">
         <path>C:\ti\ti_cgt_tiarmclang_3.2.2.LTS\lib\clang\15.0.7\lib\armv7em-ti-none-eabihf\</path>
         <kind>archive</kind>
         <file>libclang_rt.builtins.a</file>
         <name>aeabi_div0.c.obj</name>
      </input_file>
      <input_file id="fl-ef">
         <path>C:\ti\ti_cgt_tiarmclang_3.2.2.LTS\lib\armv7em-ti-none-eabihf\c\</path>
         <kind>archive</kind>
         <file>libc.a</file>
         <name>getdevice.c.obj</name>
      </input_file>
      <input_file id="fl-f0">
         <path>C:\ti\ti_cgt_tiarmclang_3.2.2.LTS\lib\armv7em-ti-none-eabihf\c\</path>
         <kind>archive</kind>
         <file>libc.a</file>
         <name>strcmp_t2.S.obj</name>
      </input_file>
      <input_file id="fl-f1">
         <path>C:\ti\ti_cgt_tiarmclang_3.2.2.LTS\lib\armv7em-ti-none-eabihf\c\</path>
         <kind>archive</kind>
         <file>libc.a</file>
         <name>memcpy_t2.S.obj</name>
      </input_file>
      <input_file id="fl-f2">
         <path>C:\ti\ti_cgt_tiarmclang_3.2.2.LTS\lib\armv7em-ti-none-eabihf\c\</path>
         <kind>archive</kind>
         <file>libc.a</file>
         <name>memset_t2.S.obj</name>
      </input_file>
      <input_file id="fl-f3">
         <path>C:\ti\MMWAVE_L_SDK_05_05_02_00\source\kernel\freertos\lib\</path>
         <kind>archive</kind>
         <file>freertos.xwrL64xx.m4f.ti-arm-clang.debug.lib</file>
         <name>AddrTranslateP.obj</name>
      </input_file>
      <input_file id="fl-f4">
         <path>C:\ti\MMWAVE_L_SDK_05_05_02_00\source\kernel\freertos\lib\</path>
         <kind>archive</kind>
         <file>freertos.xwrL64xx.m4f.ti-arm-clang.debug.lib</file>
         <name>TaskP_freertos.obj</name>
      </input_file>
   </input_file_list>
   <object_component_list>
      <object_component id="oc-f">
         <name>.vectors</name>
         <load_address>0x400000</load_address>
         <readwrite>true</readwrite>
         <run_address>0x400000</run_address>
         <size>0x140</size>
         <alignment>0x20</alignment>
         <input_file_ref idref="fl-22"/>
      </object_component>
      <object_component id="oc-235">
         <name>.bss.gUartObjects</name>
         <uninitialized>true</uninitialized>
         <readwrite>true</readwrite>
         <run_address>0x405880</run_address>
         <size>0x21c</size>
         <alignment>0x4</alignment>
         <input_file_ref idref="fl-2"/>
      </object_component>
      <object_component id="oc-1ab">
         <name>.bss.gEdmaObjects</name>
         <uninitialized>true</uninitialized>
         <readwrite>true</readwrite>
         <run_address>0x406468</run_address>
         <size>0x58</size>
         <alignment>0x4</alignment>
         <input_file_ref idref="fl-2"/>
      </object_component>
      <object_component id="oc-1d1">
         <name>.bss.gDebugLogLockObj</name>
         <uninitialized>true</uninitialized>
         <readwrite>true</readwrite>
         <run_address>0x406408</run_address>
         <size>0x60</size>
         <alignment>0x4</alignment>
         <input_file_ref idref="fl-23"/>
      </object_component>
      <object_component id="oc-3b">
         <name>.bss.pxReadyTasksLists</name>
         <uninitialized>true</uninitialized>
         <readwrite>true</readwrite>
         <run_address>0x405c24</run_address>
         <size>0x140</size>
         <alignment>0x4</alignment>
         <input_file_ref idref="fl-24"/>
      </object_component>
      <object_component id="oc-13d">
         <name>.bss.xTasksWaitingTermination</name>
         <uninitialized>true</uninitialized>
         <readwrite>true</readwrite>
         <run_address>0x4065ec</run_address>
         <size>0x14</size>
         <alignment>0x4</alignment>
         <input_file_ref idref="fl-24"/>
      </object_component>
      <object_component id="oc-1f1">
         <name>.bss.xSuspendedTaskList</name>
         <uninitialized>true</uninitialized>
         <readwrite>true</readwrite>
         <run_address>0x4065d8</run_address>
         <size>0x14</size>
         <alignment>0x4</alignment>
         <input_file_ref idref="fl-24"/>
      </object_component>
      <object_component id="oc-1f0">
         <name>.bss.xPendingReadyList</name>
         <uninitialized>true</uninitialized>
         <readwrite>true</readwrite>
         <run_address>0x4065c4</run_address>
         <size>0x14</size>
         <alignment>0x4</alignment>
         <input_file_ref idref="fl-24"/>
      </object_component>
      <object_component id="oc-1ec">
         <name>.bss.pxDelayedTaskList</name>
         <uninitialized>true</uninitialized>
         <readwrite>true</readwrite>
         <run_address>0x405abc</run_address>
         <size>0x4</size>
         <alignment>0x4</alignment>
         <input_file_ref idref="fl-24"/>
      </object_component>
      <object_component id="oc-1f2">
         <name>.bss.pxOverflowDelayedTaskList</name>
         <uninitialized>true</uninitialized>
         <readwrite>true</readwrite>
         <run_address>0x406600</run_address>
         <size>0x4</size>
         <alignment>0x4</alignment>
         <input_file_ref idref="fl-24"/>
      </object_component>
      <object_component id="oc-1ee">
         <name>.bss.xDelayedTaskList1</name>
         <uninitialized>true</uninitialized>
         <readwrite>true</readwrite>
         <run_address>0x40659c</run_address>
         <size>0x14</size>
         <alignment>0x4</alignment>
         <input_file_ref idref="fl-24"/>
      </object_component>
      <object_component id="oc-1ef">
         <name>.bss.xDelayedTaskList2</name>
         <uninitialized>true</uninitialized>
         <readwrite>true</readwrite>
         <run_address>0x4065b0</run_address>
         <size>0x14</size>
         <alignment>0x4</alignment>
         <input_file_ref idref="fl-24"/>
      </object_component>
      <object_component id="oc-1ff">
         <name>.bss.pxCurrentTimerList</name>
         <uninitialized>true</uninitialized>
         <readwrite>true</readwrite>
         <run_address>0x405ab8</run_address>
         <size>0x4</size>
         <alignment>0x4</alignment>
         <input_file_ref idref="fl-25"/>
      </object_component>
      <object_component id="oc-200">
         <name>.bss.pxOverflowTimerList</name>
         <uninitialized>true</uninitialized>
         <readwrite>true</readwrite>
         <run_address>0x406604</run_address>
         <size>0x4</size>
         <alignment>0x4</alignment>
         <input_file_ref idref="fl-25"/>
      </object_component>
      <object_component id="oc-1fd">
         <name>.bss.xActiveTimerList1</name>
         <uninitialized>true</uninitialized>
         <readwrite>true</readwrite>
         <run_address>0x405a9c</run_address>
         <size>0x14</size>
         <alignment>0x4</alignment>
         <input_file_ref idref="fl-25"/>
      </object_component>
      <object_component id="oc-1fe">
         <name>.bss.xActiveTimerList2</name>
         <uninitialized>true</uninitialized>
         <readwrite>true</readwrite>
         <run_address>0x406588</run_address>
         <size>0x14</size>
         <alignment>0x4</alignment>
         <input_file_ref idref="fl-25"/>
      </object_component>
      <object_component id="oc-202">
         <name>.bss.prvCheckForValidListAndQueue.xStaticTimerQueue</name>
         <uninitialized>true</uninitialized>
         <readwrite>true</readwrite>
         <run_address>0x4064c0</run_address>
         <size>0x48</size>
         <alignment>0x4</alignment>
         <input_file_ref idref="fl-25"/>
      </object_component>
      <object_component id="oc-201">
         <name>.bss.prvCheckForValidListAndQueue.ucStaticTimerQueueStorage</name>
         <uninitialized>true</uninitialized>
         <readwrite>true</readwrite>
         <run_address>0x405e84</run_address>
         <size>0x100</size>
         <alignment>0x1</alignment>
         <input_file_ref idref="fl-25"/>
      </object_component>
      <object_component id="oc-147">
         <name>.bss.xIdleTaskTCB</name>
         <uninitialized>true</uninitialized>
         <readwrite>true</readwrite>
         <run_address>0x406224</run_address>
         <size>0x7c</size>
         <alignment>0x4</alignment>
         <input_file_ref idref="fl-29"/>
      </object_component>
      <object_component id="oc-148">
         <name>.bss.uxIdleTaskStack</name>
         <uninitialized>true</uninitialized>
         <readwrite>true</readwrite>
         <run_address>0x404200</run_address>
         <size>0x1000</size>
         <alignment>0x4</alignment>
         <input_file_ref idref="fl-29"/>
      </object_component>
      <object_component id="oc-20a">
         <name>.bss.xTimerTaskTCB</name>
         <uninitialized>true</uninitialized>
         <readwrite>true</readwrite>
         <run_address>0x4062a0</run_address>
         <size>0x7c</size>
         <alignment>0x4</alignment>
         <input_file_ref idref="fl-29"/>
      </object_component>
      <object_component id="oc-20b">
         <name>.bss.uxTimerTaskStack</name>
         <uninitialized>true</uninitialized>
         <readwrite>true</readwrite>
         <run_address>0x405200</run_address>
         <size>0x400</size>
         <alignment>0x4</alignment>
         <input_file_ref idref="fl-29"/>
      </object_component>
      <object_component id="oc-25c">
         <name>.bss.gRangeProcHeapMem</name>
         <uninitialized>true</uninitialized>
         <readwrite>true</readwrite>
         <run_address>0x405ac0</run_address>
         <size>0x164</size>
         <alignment>0x40</alignment>
         <input_file_ref idref="fl-2f"/>
      </object_component>
      <object_component id="oc-3d9">
         <name>.bss.__TI_tmpnams</name>
         <uninitialized>true</uninitialized>
         <readwrite>true</readwrite>
         <run_address>0x406184</run_address>
         <size>0xa0</size>
         <alignment>0x1</alignment>
         <input_file_ref idref="fl-54"/>
      </object_component>
      <object_component id="oc-32b">
         <name>.bss.sys_free</name>
         <uninitialized>true</uninitialized>
         <readwrite>true</readwrite>
         <run_address>0x406608</run_address>
         <size>0x4</size>
         <alignment>0x4</alignment>
         <input_file_ref idref="fl-55"/>
      </object_component>
      <object_component id="oc-3e3">
         <name>.bss.parmbuf</name>
         <uninitialized>true</uninitialized>
         <readwrite>true</readwrite>
         <run_address>0x405ab0</run_address>
         <size>0x8</size>
         <alignment>0x1</alignment>
         <input_file_ref idref="fl-d9"/>
      </object_component>
      <object_component id="oc-403">
         <name>.bss:_CIOBUF_</name>
         <uninitialized>true</uninitialized>
         <readwrite>true</readwrite>
         <run_address>0x405d64</run_address>
         <size>0x120</size>
         <alignment>0x4</alignment>
         <input_file_ref idref="fl-de"/>
      </object_component>
      <object_component id="oc-1c5">
         <name>.common:gHwaObject</name>
         <uninitialized>true</uninitialized>
         <readwrite>true</readwrite>
         <run_address>0x406398</run_address>
         <size>0x70</size>
         <alignment>0x8</alignment>
      </object_component>
      <object_component id="oc-244">
         <name>.common:gEdmaHandle</name>
         <uninitialized>true</uninitialized>
         <readwrite>true</readwrite>
         <run_address>0x40660c</run_address>
         <size>0x4</size>
         <alignment>0x4</alignment>
      </object_component>
      <object_component id="oc-249">
         <name>.common:gUartHandle</name>
         <uninitialized>true</uninitialized>
         <readwrite>true</readwrite>
         <run_address>0x406614</run_address>
         <size>0x4</size>
         <alignment>0x4</alignment>
      </object_component>
      <object_component id="oc-7d">
         <name>.common:gMainTaskObj</name>
         <uninitialized>true</uninitialized>
         <readwrite>true</readwrite>
         <run_address>0x40631c</run_address>
         <size>0x7c</size>
         <alignment>0x4</alignment>
      </object_component>
      <object_component id="oc-7e">
         <name>.common:gMainTaskStack</name>
         <uninitialized>true</uninitialized>
         <readwrite>true</readwrite>
         <run_address>0x400200</run_address>
         <size>0x4000</size>
         <alignment>0x20</alignment>
      </object_component>
      <object_component id="oc-82">
         <name>.common:gMainTask</name>
         <uninitialized>true</uninitialized>
         <readwrite>true</readwrite>
         <run_address>0x406610</run_address>
         <size>0x4</size>
         <alignment>0x4</alignment>
      </object_component>
      <object_component id="oc-126">
         <name>.common:hwaHandle</name>
         <uninitialized>true</uninitialized>
         <readwrite>true</readwrite>
         <run_address>0x406618</run_address>
         <size>0x4</size>
         <alignment>0x4</alignment>
      </object_component>
      <object_component id="oc-1e0">
         <name>.common:rangeProcHWADpuHandle</name>
         <uninitialized>true</uninitialized>
         <readwrite>true</readwrite>
         <run_address>0x40661c</run_address>
         <size>0x4</size>
         <alignment>0x4</alignment>
      </object_component>
      <object_component id="oc-57">
         <name>.common:gHwiCtrl</name>
         <uninitialized>true</uninitialized>
         <readwrite>true</readwrite>
         <run_address>0x405600</run_address>
         <size>0x280</size>
         <alignment>0x4</alignment>
      </object_component>
      <object_component id="oc-173">
         <name>.common:gClockCtrl</name>
         <uninitialized>true</uninitialized>
         <readwrite>true</readwrite>
         <run_address>0x406550</run_address>
         <size>0x38</size>
         <alignment>0x8</alignment>
      </object_component>
      <object_component id="oc-26e">
         <name>.common:xQueueRegistry</name>
         <uninitialized>true</uninitialized>
         <readwrite>true</readwrite>
         <run_address>0x406084</run_address>
         <size>0x100</size>
         <alignment>0x4</alignment>
      </object_component>
      <object_component id="oc-16">
         <name>.common:gRovDummyQueue</name>
         <uninitialized>true</uninitialized>
         <readwrite>true</readwrite>
         <run_address>0x406508</run_address>
         <size>0x48</size>
         <alignment>0x4</alignment>
      </object_component>
      <object_component id="oc-1c8">
         <name>.common:HwaParamsetIntr</name>
         <uninitialized>true</uninitialized>
         <readwrite>true</readwrite>
         <run_address>0x405f84</run_address>
         <size>0x100</size>
         <alignment>0x4</alignment>
      </object_component>
      <object_component id="oc-256">
         <name>.text._vsnprintf</name>
         <load_address>0x406640</load_address>
         <readonly>true</readonly>
         <executable>true</executable>
         <run_address>0x406640</run_address>
         <size>0xa30</size>
         <alignment>0x4</alignment>
         <input_file_ref idref="fl-2a"/>
      </object_component>
      <object_component id="oc-2ae">
         <name>.text._etoa</name>
         <load_address>0x407070</load_address>
         <readonly>true</readonly>
         <executable>true</executable>
         <run_address>0x407070</run_address>
         <size>0x640</size>
         <alignment>0x8</alignment>
         <input_file_ref idref="fl-2a"/>
      </object_component>
      <object_component id="oc-2ad">
         <name>.text._ftoa</name>
         <load_address>0x4076b0</load_address>
         <readonly>true</readonly>
         <executable>true</executable>
         <run_address>0x4076b0</run_address>
         <size>0x580</size>
         <alignment>0x8</alignment>
         <input_file_ref idref="fl-2a"/>
      </object_component>
      <object_component id="oc-226">
         <name>.text.SOC_rcmEnablePeripheralClock</name>
         <load_address>0x407c30</load_address>
         <readonly>true</readonly>
         <executable>true</executable>
         <run_address>0x407c30</run_address>
         <size>0x4f4</size>
         <alignment>0x4</alignment>
         <input_file_ref idref="fl-38"/>
      </object_component>
      <object_component id="oc-96">
         <name>.text.hwi</name>
         <load_address>0x408124</load_address>
         <readonly>true</readonly>
         <executable>true</executable>
         <run_address>0x408124</run_address>
         <size>0x4ca</size>
         <alignment>0x2</alignment>
         <input_file_ref idref="fl-1f"/>
      </object_component>
      <object_component id="oc-125">
         <name>.text.HWA_open</name>
         <load_address>0x4085ee</load_address>
         <readonly>true</readonly>
         <executable>true</executable>
         <run_address>0x4085ee</run_address>
         <size>0x35a</size>
         <alignment>0x2</alignment>
         <input_file_ref idref="fl-33"/>
      </object_component>
      <object_component id="oc-118">
         <name>.text.EDMAInitialize</name>
         <load_address>0x408948</load_address>
         <readonly>true</readonly>
         <executable>true</executable>
         <run_address>0x408948</run_address>
         <size>0x32c</size>
         <alignment>0x2</alignment>
         <input_file_ref idref="fl-32"/>
      </object_component>
      <object_component id="oc-193">
         <name>.text.SOC_rcmGetClkSrcAndDivValue</name>
         <load_address>0x408c74</load_address>
         <readonly>true</readonly>
         <executable>true</executable>
         <run_address>0x408c74</run_address>
         <size>0x2f8</size>
         <alignment>0x4</alignment>
         <input_file_ref idref="fl-38"/>
      </object_component>
      <object_component id="oc-ef">
         <name>.text.DebugP_uartSetDrvIndex</name>
         <load_address>0x408f6c</load_address>
         <readonly>true</readonly>
         <executable>true</executable>
         <run_address>0x408f6c</run_address>
         <size>0x14</size>
         <alignment>0x2</alignment>
         <input_file_ref idref="fl-1c"/>
      </object_component>
      <object_component id="oc-412">
         <name>.text:strcmp</name>
         <load_address>0x408f80</load_address>
         <readonly>true</readonly>
         <executable>true</executable>
         <run_address>0x408f80</run_address>
         <size>0x2dc</size>
         <alignment>0x20</alignment>
         <input_file_ref idref="fl-f0"/>
      </object_component>
      <object_component id="oc-295">
         <name>.text.UART_edmaChannelConfig</name>
         <load_address>0x40925c</load_address>
         <readonly>true</readonly>
         <executable>true</executable>
         <run_address>0x40925c</run_address>
         <size>0x2ce</size>
         <alignment>0x2</alignment>
         <input_file_ref idref="fl-3a"/>
      </object_component>
      <object_component id="oc-24b">
         <name>.text.UART_open</name>
         <load_address>0x40952a</load_address>
         <readonly>true</readonly>
         <executable>true</executable>
         <run_address>0x40952a</run_address>
         <size>0x29c</size>
         <alignment>0x2</alignment>
         <input_file_ref idref="fl-39"/>
      </object_component>
      <object_component id="oc-132">
         <name>.text.Board_driversClose</name>
         <load_address>0x4097c6</load_address>
         <readonly>true</readonly>
         <executable>true</executable>
         <run_address>0x4097c6</run_address>
         <size>0x2</size>
         <alignment>0x2</alignment>
         <input_file_ref idref="fl-7"/>
      </object_component>
      <object_component id="oc-353">
         <name>.text.allocResource</name>
         <load_address>0x4097c8</load_address>
         <readonly>true</readonly>
         <executable>true</executable>
         <run_address>0x4097c8</run_address>
         <size>0x25a</size>
         <alignment>0x4</alignment>
         <input_file_ref idref="fl-32"/>
      </object_component>
      <object_component id="oc-5b">
         <name>.text.mpu</name>
         <load_address>0x409a22</load_address>
         <readonly>true</readonly>
         <executable>true</executable>
         <run_address>0x409a22</run_address>
         <size>0x23e</size>
         <alignment>0x2</alignment>
         <input_file_ref idref="fl-1e"/>
      </object_component>
      <object_component id="oc-294">
         <name>.text.UART_controllerIsr</name>
         <load_address>0x409c60</load_address>
         <readonly>true</readonly>
         <executable>true</executable>
         <run_address>0x409c60</run_address>
         <size>0x23c</size>
         <alignment>0x2</alignment>
         <input_file_ref idref="fl-39"/>
      </object_component>
      <object_component id="oc-2f4">
         <name>.text._ntoa_format</name>
         <load_address>0x409e9c</load_address>
         <readonly>true</readonly>
         <executable>true</executable>
         <run_address>0x409e9c</run_address>
         <size>0x23c</size>
         <alignment>0x2</alignment>
         <input_file_ref idref="fl-2a"/>
      </object_component>
      <object_component id="oc-304">
         <name>.text.adddf3_subdf3</name>
         <load_address>0x40a0d8</load_address>
         <readonly>true</readonly>
         <executable>true</executable>
         <run_address>0x40a0d8</run_address>
         <size>0x1b6</size>
         <alignment>0x4</alignment>
         <input_file_ref idref="fl-df"/>
      </object_component>
      <object_component id="oc-36d">
         <name>.text.UART_writeDma</name>
         <load_address>0x40a28e</load_address>
         <readonly>true</readonly>
         <executable>true</executable>
         <run_address>0x40a28e</run_address>
         <size>0x1aa</size>
         <alignment>0x2</alignment>
         <input_file_ref idref="fl-3a"/>
      </object_component>
      <object_component id="oc-339">
         <name>.text.EDMA_freeResource</name>
         <load_address>0x40a438</load_address>
         <readonly>true</readonly>
         <executable>true</executable>
         <run_address>0x40a438</run_address>
         <size>0x1a8</size>
         <alignment>0x4</alignment>
         <input_file_ref idref="fl-32"/>
      </object_component>
      <object_component id="oc-261">
         <name>.text.UART_close</name>
         <load_address>0x40a5e0</load_address>
         <readonly>true</readonly>
         <executable>true</executable>
         <run_address>0x40a5e0</run_address>
         <size>0x1a8</size>
         <alignment>0x2</alignment>
         <input_file_ref idref="fl-39"/>
      </object_component>
      <object_component id="oc-254">
         <name>.text.xQueueSemaphoreTake</name>
         <load_address>0x40a788</load_address>
         <readonly>true</readonly>
         <executable>true</executable>
         <run_address>0x40a788</run_address>
         <size>0x19e</size>
         <alignment>0x2</alignment>
         <input_file_ref idref="fl-26"/>
      </object_component>
      <object_component id="oc-28b">
         <name>.text.EDMA_transferCompletionMasterIsrFxn</name>
         <load_address>0x40a926</load_address>
         <readonly>true</readonly>
         <executable>true</executable>
         <run_address>0x40a926</run_address>
         <size>0x196</size>
         <alignment>0x2</alignment>
         <input_file_ref idref="fl-32"/>
      </object_component>
      <object_component id="oc-293">
         <name>.text.UART_configInstance</name>
         <load_address>0x40aabc</load_address>
         <readonly>true</readonly>
         <executable>true</executable>
         <run_address>0x40aabc</run_address>
         <size>0x194</size>
         <alignment>0x2</alignment>
         <input_file_ref idref="fl-39"/>
      </object_component>
      <object_component id="oc-246">
         <name>.text.EDMA_open</name>
         <load_address>0x40ac50</load_address>
         <readonly>true</readonly>
         <executable>true</executable>
         <run_address>0x40ac50</run_address>
         <size>0x186</size>
         <alignment>0x2</alignment>
         <input_file_ref idref="fl-32"/>
      </object_component>
      <object_component id="oc-f4">
         <name>.text.ClockP_init</name>
         <load_address>0x40add6</load_address>
         <readonly>true</readonly>
         <executable>true</executable>
         <run_address>0x40add6</run_address>
         <size>0x176</size>
         <alignment>0x2</alignment>
         <input_file_ref idref="fl-21"/>
      </object_component>
      <object_component id="oc-342">
         <name>.text.UART_write</name>
         <load_address>0x40af4c</load_address>
         <readonly>true</readonly>
         <executable>true</executable>
         <run_address>0x40af4c</run_address>
         <size>0x174</size>
         <alignment>0x2</alignment>
         <input_file_ref idref="fl-39"/>
      </object_component>
      <object_component id="oc-25b">
         <name>.text.xQueueGenericSend</name>
         <load_address>0x40b0c0</load_address>
         <readonly>true</readonly>
         <executable>true</executable>
         <run_address>0x40b0c0</run_address>
         <size>0x16a</size>
         <alignment>0x2</alignment>
         <input_file_ref idref="fl-26"/>
      </object_component>
      <object_component id="oc-1fc">
         <name>.text.xTaskIncrementTick</name>
         <load_address>0x40b22a</load_address>
         <readonly>true</readonly>
         <executable>true</executable>
         <run_address>0x40b22a</run_address>
         <size>0x168</size>
         <alignment>0x2</alignment>
         <input_file_ref idref="fl-24"/>
      </object_component>
      <object_component id="oc-151">
         <name>.text.xTaskResumeAll</name>
         <load_address>0x40b392</load_address>
         <readonly>true</readonly>
         <executable>true</executable>
         <run_address>0x40b392</run_address>
         <size>0x154</size>
         <alignment>0x2</alignment>
         <input_file_ref idref="fl-24"/>
      </object_component>
      <object_component id="oc-272">
         <name>.text.xQueueReceive</name>
         <load_address>0x40b4e6</load_address>
         <readonly>true</readonly>
         <executable>true</executable>
         <run_address>0x40b4e6</run_address>
         <size>0x152</size>
         <alignment>0x2</alignment>
         <input_file_ref idref="fl-26"/>
      </object_component>
      <object_component id="oc-20e">
         <name>.text.prvProcessReceivedCommands</name>
         <load_address>0x40b638</load_address>
         <readonly>true</readonly>
         <executable>true</executable>
         <run_address>0x40b638</run_address>
         <size>0x13a</size>
         <alignment>0x4</alignment>
         <input_file_ref idref="fl-25"/>
      </object_component>
      <object_component id="oc-2ab">
         <name>.text._ntoa_long_long</name>
         <load_address>0x40b772</load_address>
         <readonly>true</readonly>
         <executable>true</executable>
         <run_address>0x40b772</run_address>
         <size>0x138</size>
         <alignment>0x2</alignment>
         <input_file_ref idref="fl-2a"/>
      </object_component>
      <object_component id="oc-2e4">
         <name>.text.EDMA_registerIntr</name>
         <load_address>0x40b8aa</load_address>
         <readonly>true</readonly>
         <executable>true</executable>
         <run_address>0x40b8aa</run_address>
         <size>0x136</size>
         <alignment>0x2</alignment>
         <input_file_ref idref="fl-32"/>
      </object_component>
      <object_component id="oc-31d">
         <name>.text.__divdf3</name>
         <load_address>0x40b9e0</load_address>
         <readonly>true</readonly>
         <executable>true</executable>
         <run_address>0x40b9e0</run_address>
         <size>0x136</size>
         <alignment>0x4</alignment>
         <input_file_ref idref="fl-e1"/>
      </object_component>
      <object_component id="oc-78">
         <name>.text.Board_init</name>
         <load_address>0x40bb16</load_address>
         <readonly>true</readonly>
         <executable>true</executable>
         <run_address>0x40bb16</run_address>
         <size>0x2</size>
         <alignment>0x2</alignment>
         <input_file_ref idref="fl-6"/>
      </object_component>
      <object_component id="oc-32d">
         <name>.text.EDMA_allocResource</name>
         <load_address>0x40bb18</load_address>
         <readonly>true</readonly>
         <executable>true</executable>
         <run_address>0x40bb18</run_address>
         <size>0x132</size>
         <alignment>0x4</alignment>
         <input_file_ref idref="fl-32"/>
      </object_component>
      <object_component id="oc-b3">
         <name>.text.HWA_init</name>
         <load_address>0x40bc4a</load_address>
         <readonly>true</readonly>
         <executable>true</executable>
         <run_address>0x40bc4a</run_address>
         <size>0x2</size>
         <alignment>0x2</alignment>
         <input_file_ref idref="fl-33"/>
      </object_component>
      <object_component id="oc-27a">
         <name>.text.SOC_rcmGetClkSrcAndDivReg</name>
         <load_address>0x40bc4c</load_address>
         <readonly>true</readonly>
         <executable>true</executable>
         <run_address>0x40bc4c</run_address>
         <size>0x128</size>
         <alignment>0x4</alignment>
         <input_file_ref idref="fl-38"/>
      </object_component>
      <object_component id="oc-3a4">
         <name>.text.aligned_alloc</name>
         <load_address>0x40bd74</load_address>
         <readonly>true</readonly>
         <executable>true</executable>
         <run_address>0x40bd74</run_address>
         <size>0x120</size>
         <alignment>0x4</alignment>
         <input_file_ref idref="fl-55"/>
      </object_component>
      <object_component id="oc-c7">
         <name>.text.vTaskDelete</name>
         <load_address>0x40be94</load_address>
         <readonly>true</readonly>
         <executable>true</executable>
         <run_address>0x40be94</run_address>
         <size>0x11c</size>
         <alignment>0x2</alignment>
         <input_file_ref idref="fl-24"/>
      </object_component>
      <object_component id="oc-2a2">
         <name>.text.xTaskPriorityInherit</name>
         <load_address>0x40bfb0</load_address>
         <readonly>true</readonly>
         <executable>true</executable>
         <run_address>0x40bfb0</run_address>
         <size>0x11a</size>
         <alignment>0x2</alignment>
         <input_file_ref idref="fl-24"/>
      </object_component>
      <object_component id="oc-2ac">
         <name>.text._ntoa_long</name>
         <load_address>0x40c0ca</load_address>
         <readonly>true</readonly>
         <executable>true</executable>
         <run_address>0x40c0ca</run_address>
         <size>0x114</size>
         <alignment>0x2</alignment>
         <input_file_ref idref="fl-2a"/>
      </object_component>
      <object_component id="oc-1db">
         <name>.text.DPU_RangeProcHWA_init</name>
         <load_address>0x40c1de</load_address>
         <readonly>true</readonly>
         <executable>true</executable>
         <run_address>0x40c1de</run_address>
         <size>0x112</size>
         <alignment>0x2</alignment>
         <input_file_ref idref="fl-2f"/>
      </object_component>
      <object_component id="oc-c9">
         <name>.text.prvAddNewTaskToReadyList</name>
         <load_address>0x40c2f0</load_address>
         <readonly>true</readonly>
         <executable>true</executable>
         <run_address>0x40c2f0</run_address>
         <size>0x110</size>
         <alignment>0x2</alignment>
         <input_file_ref idref="fl-24"/>
      </object_component>
      <object_component id="oc-17f">
         <name>.text.SysTickTimerP_setup</name>
         <load_address>0x40c400</load_address>
         <readonly>true</readonly>
         <executable>true</executable>
         <run_address>0x40c400</run_address>
         <size>0x10e</size>
         <alignment>0x2</alignment>
         <input_file_ref idref="fl-2b"/>
      </object_component>
      <object_component id="oc-2b">
         <name>.text.hwi</name>
         <load_address>0x40c50e</load_address>
         <readonly>true</readonly>
         <executable>true</executable>
         <run_address>0x40c50e</run_address>
         <size>0x106</size>
         <alignment>0x2</alignment>
         <input_file_ref idref="fl-22"/>
      </object_component>
      <object_component id="oc-c8">
         <name>.text.prvInitialiseNewTask</name>
         <load_address>0x40c614</load_address>
         <readonly>true</readonly>
         <executable>true</executable>
         <run_address>0x40c614</run_address>
         <size>0x102</size>
         <alignment>0x2</alignment>
         <input_file_ref idref="fl-24"/>
      </object_component>
      <object_component id="oc-280">
         <name>.text.__aeabi_ldiv0</name>
         <load_address>0x40c716</load_address>
         <readonly>true</readonly>
         <executable>true</executable>
         <run_address>0x40c716</run_address>
         <size>0x2</size>
         <alignment>0x2</alignment>
         <input_file_ref idref="fl-ee"/>
      </object_component>
      <object_component id="oc-311">
         <name>.text.__muldf3</name>
         <load_address>0x40c718</load_address>
         <readonly>true</readonly>
         <executable>true</executable>
         <run_address>0x40c718</run_address>
         <size>0xfc</size>
         <alignment>0x4</alignment>
         <input_file_ref idref="fl-e0"/>
      </object_component>
      <object_component id="oc-2a6">
         <name>.text.vTaskPriorityDisinheritAfterTimeout</name>
         <load_address>0x40c814</load_address>
         <readonly>true</readonly>
         <executable>true</executable>
         <run_address>0x40c814</run_address>
         <size>0xf8</size>
         <alignment>0x2</alignment>
         <input_file_ref idref="fl-24"/>
      </object_component>
      <object_component id="oc-2eb">
         <name>.text.prvAddCurrentTaskToDelayedList</name>
         <load_address>0x40c90c</load_address>
         <readonly>true</readonly>
         <executable>true</executable>
         <run_address>0x40c90c</run_address>
         <size>0xf4</size>
         <alignment>0x2</alignment>
         <input_file_ref idref="fl-24"/>
      </object_component>
      <object_component id="oc-263">
         <name>.text.free</name>
         <load_address>0x40ca00</load_address>
         <readonly>true</readonly>
         <executable>true</executable>
         <run_address>0x40ca00</run_address>
         <size>0xf0</size>
         <alignment>0x4</alignment>
         <input_file_ref idref="fl-55"/>
      </object_component>
      <object_component id="oc-1a0">
         <name>.text.AddrTranslateP_getLocalAddr</name>
         <load_address>0x40caf0</load_address>
         <readonly>true</readonly>
         <executable>true</executable>
         <run_address>0x40caf0</run_address>
         <size>0xe8</size>
         <alignment>0x2</alignment>
         <input_file_ref idref="fl-f3"/>
      </object_component>
      <object_component id="oc-2b8">
         <name>.text.UART_flushTxFifo</name>
         <load_address>0x40cbd8</load_address>
         <readonly>true</readonly>
         <executable>true</executable>
         <run_address>0x40cbd8</run_address>
         <size>0xde</size>
         <alignment>0x2</alignment>
         <input_file_ref idref="fl-39"/>
      </object_component>
      <object_component id="oc-36b">
         <name>.text.UART_writeInterrupt</name>
         <load_address>0x40ccb6</load_address>
         <readonly>true</readonly>
         <executable>true</executable>
         <run_address>0x40ccb6</run_address>
         <size>0xda</size>
         <alignment>0x2</alignment>
         <input_file_ref idref="fl-39"/>
      </object_component>
      <object_component id="oc-1ca">
         <name>.text.HWA_paramDoneISR</name>
         <load_address>0x40cd90</load_address>
         <readonly>true</readonly>
         <executable>true</executable>
         <run_address>0x40cd90</run_address>
         <size>0xd8</size>
         <alignment>0x2</alignment>
         <input_file_ref idref="fl-33"/>
      </object_component>
      <object_component id="oc-36c">
         <name>.text.UART_writePolling</name>
         <load_address>0x40ce68</load_address>
         <readonly>true</readonly>
         <executable>true</executable>
         <run_address>0x40ce68</run_address>
         <size>0xd8</size>
         <alignment>0x2</alignment>
         <input_file_ref idref="fl-39"/>
      </object_component>
      <object_component id="oc-373">
         <name>.text.setvbuf</name>
         <load_address>0x40cf40</load_address>
         <readonly>true</readonly>
         <executable>true</executable>
         <run_address>0x40cf40</run_address>
         <size>0xd8</size>
         <alignment>0x4</alignment>
         <input_file_ref idref="fl-4f"/>
      </object_component>
      <object_component id="oc-83">
         <name>.text.vTaskStartScheduler</name>
         <load_address>0x40d018</load_address>
         <readonly>true</readonly>
         <executable>true</executable>
         <run_address>0x40d018</run_address>
         <size>0xd0</size>
         <alignment>0x2</alignment>
         <input_file_ref idref="fl-24"/>
      </object_component>
      <object_component id="oc-227">
         <name>.text.SOC_rcmSetPeripheralClock</name>
         <load_address>0x40d0e8</load_address>
         <readonly>true</readonly>
         <executable>true</executable>
         <run_address>0x40d0e8</run_address>
         <size>0xce</size>
         <alignment>0x2</alignment>
         <input_file_ref idref="fl-38"/>
      </object_component>
      <object_component id="oc-32e">
         <name>.text.EDMAEnableChInShadowRegRegion</name>
         <load_address>0x40d1b6</load_address>
         <readonly>true</readonly>
         <executable>true</executable>
         <run_address>0x40d1b6</run_address>
         <size>0xcc</size>
         <alignment>0x2</alignment>
         <input_file_ref idref="fl-32"/>
      </object_component>
      <object_component id="oc-2b0">
         <name>.text.prvCopyDataToQueue</name>
         <load_address>0x40d282</load_address>
         <readonly>true</readonly>
         <executable>true</executable>
         <run_address>0x40d282</run_address>
         <size>0xcc</size>
         <alignment>0x2</alignment>
         <input_file_ref idref="fl-26"/>
      </object_component>
      <object_component id="oc-2b2">
         <name>.text.HWA_getDriverAccess</name>
         <load_address>0x40d34e</load_address>
         <readonly>true</readonly>
         <executable>true</executable>
         <run_address>0x40d34e</run_address>
         <size>0xca</size>
         <alignment>0x2</alignment>
         <input_file_ref idref="fl-33"/>
      </object_component>
      <object_component id="oc-32f">
         <name>.text.EDMAMapChToEvtQ</name>
         <load_address>0x40d418</load_address>
         <readonly>true</readonly>
         <executable>true</executable>
         <run_address>0x40d418</run_address>
         <size>0xc0</size>
         <alignment>0x2</alignment>
         <input_file_ref idref="fl-32"/>
      </object_component>
      <object_component id="oc-2fc">
         <name>.text._out_rev</name>
         <load_address>0x40d4d8</load_address>
         <readonly>true</readonly>
         <executable>true</executable>
         <run_address>0x40d4d8</run_address>
         <size>0xc0</size>
         <alignment>0x2</alignment>
         <input_file_ref idref="fl-2a"/>
      </object_component>
      <object_component id="oc-2c5">
         <name>.text.xQueueGenericSendFromISR</name>
         <load_address>0x40d598</load_address>
         <readonly>true</readonly>
         <executable>true</executable>
         <run_address>0x40d598</run_address>
         <size>0xbe</size>
         <alignment>0x2</alignment>
         <input_file_ref idref="fl-26"/>
      </object_component>
      <object_component id="oc-2c1">
         <name>.text.prvSwitchTimerLists</name>
         <load_address>0x40d656</load_address>
         <readonly>true</readonly>
         <executable>true</executable>
         <run_address>0x40d656</run_address>
         <size>0xb8</size>
         <alignment>0x2</alignment>
         <input_file_ref idref="fl-25"/>
      </object_component>
      <object_component id="oc-2e1">
         <name>.text.EDMAConfigureChannelRegion</name>
         <load_address>0x40d70e</load_address>
         <readonly>true</readonly>
         <executable>true</executable>
         <run_address>0x40d70e</run_address>
         <size>0xb6</size>
         <alignment>0x2</alignment>
         <input_file_ref idref="fl-32"/>
      </object_component>
      <object_component id="oc-11">
         <name>.text.vTaskSwitchContext</name>
         <load_address>0x40d7c4</load_address>
         <readonly>true</readonly>
         <executable>true</executable>
         <run_address>0x40d7c4</run_address>
         <size>0xb6</size>
         <alignment>0x2</alignment>
         <input_file_ref idref="fl-24"/>
      </object_component>
      <object_component id="oc-10c">
         <name>.text.SOC_rcmGetPeripheralClock</name>
         <load_address>0x40d87a</load_address>
         <readonly>true</readonly>
         <executable>true</executable>
         <run_address>0x40d87a</run_address>
         <size>0xb4</size>
         <alignment>0x2</alignment>
         <input_file_ref idref="fl-38"/>
      </object_component>
      <object_component id="oc-321">
         <name>.text.xTaskPriorityDisinherit</name>
         <load_address>0x40d92e</load_address>
         <readonly>true</readonly>
         <executable>true</executable>
         <run_address>0x40d92e</run_address>
         <size>0xb4</size>
         <alignment>0x2</alignment>
         <input_file_ref idref="fl-24"/>
      </object_component>
      <object_component id="oc-253">
         <name>.text.xQueueReceiveFromISR</name>
         <load_address>0x40d9e2</load_address>
         <readonly>true</readonly>
         <executable>true</executable>
         <run_address>0x40d9e2</run_address>
         <size>0xb2</size>
         <alignment>0x2</alignment>
         <input_file_ref idref="fl-26"/>
      </object_component>
      <object_component id="oc-10d">
         <name>.text.UART_init</name>
         <load_address>0x40da94</load_address>
         <readonly>true</readonly>
         <executable>true</executable>
         <run_address>0x40da94</run_address>
         <size>0xb0</size>
         <alignment>0x2</alignment>
         <input_file_ref idref="fl-39"/>
      </object_component>
      <object_component id="oc-23f">
         <name>.text</name>
         <load_address>0x40db44</load_address>
         <readonly>true</readonly>
         <executable>true</executable>
         <run_address>0x40db44</run_address>
         <size>0xb0</size>
         <alignment>0x4</alignment>
         <input_file_ref idref="fl-ed"/>
      </object_component>
      <object_component id="oc-2a4">
         <name>.text.prvUnlockQueue</name>
         <load_address>0x40dbf4</load_address>
         <readonly>true</readonly>
         <executable>true</executable>
         <run_address>0x40dbf4</run_address>
         <size>0xae</size>
         <alignment>0x2</alignment>
         <input_file_ref idref="fl-26"/>
      </object_component>
      <object_component id="oc-25a">
         <name>.text.xQueueGiveFromISR</name>
         <load_address>0x40dca2</load_address>
         <readonly>true</readonly>
         <executable>true</executable>
         <run_address>0x40dca2</run_address>
         <size>0xae</size>
         <alignment>0x2</alignment>
         <input_file_ref idref="fl-26"/>
      </object_component>
      <object_component id="oc-1be">
         <name>.text.Drivers_uartOpen</name>
         <load_address>0x40dd50</load_address>
         <readonly>true</readonly>
         <executable>true</executable>
         <run_address>0x40dd50</run_address>
         <size>0xaa</size>
         <alignment>0x2</alignment>
         <input_file_ref idref="fl-3"/>
      </object_component>
      <object_component id="oc-262">
         <name>.text.EDMA_close</name>
         <load_address>0x40ddfa</load_address>
         <readonly>true</readonly>
         <executable>true</executable>
         <run_address>0x40ddfa</run_address>
         <size>0xaa</size>
         <alignment>0x2</alignment>
         <input_file_ref idref="fl-32"/>
      </object_component>
      <object_component id="oc-29d">
         <name>.text.xTaskRemoveFromEventList</name>
         <load_address>0x40dea4</load_address>
         <readonly>true</readonly>
         <executable>true</executable>
         <run_address>0x40dea4</run_address>
         <size>0xaa</size>
         <alignment>0x2</alignment>
         <input_file_ref idref="fl-24"/>
      </object_component>
      <object_component id="oc-1bd">
         <name>.text.Drivers_edmaOpen</name>
         <load_address>0x40df4e</load_address>
         <readonly>true</readonly>
         <executable>true</executable>
         <run_address>0x40df4e</run_address>
         <size>0xa6</size>
         <alignment>0x2</alignment>
         <input_file_ref idref="fl-3"/>
      </object_component>
      <object_component id="oc-2e8">
         <name>.text.UART_txEdmaIsrFxn</name>
         <load_address>0x40dff4</load_address>
         <readonly>true</readonly>
         <executable>true</executable>
         <run_address>0x40dff4</run_address>
         <size>0xa6</size>
         <alignment>0x2</alignment>
         <input_file_ref idref="fl-3a"/>
      </object_component>
      <object_component id="oc-1bc">
         <name>.text.EDMASetPaRAM</name>
         <load_address>0x40e09a</load_address>
         <readonly>true</readonly>
         <executable>true</executable>
         <run_address>0x40e09a</run_address>
         <size>0xa2</size>
         <alignment>0x2</alignment>
         <input_file_ref idref="fl-32"/>
      </object_component>
      <object_component id="oc-152">
         <name>.text.prvCheckForValidListAndQueue</name>
         <load_address>0x40e13c</load_address>
         <readonly>true</readonly>
         <executable>true</executable>
         <run_address>0x40e13c</run_address>
         <size>0xa2</size>
         <alignment>0x2</alignment>
         <input_file_ref idref="fl-25"/>
      </object_component>
      <object_component id="oc-2e3">
         <name>.text.UART_rxEdmaIsrFxn</name>
         <load_address>0x40e1de</load_address>
         <readonly>true</readonly>
         <executable>true</executable>
         <run_address>0x40e1de</run_address>
         <size>0xa0</size>
         <alignment>0x2</alignment>
         <input_file_ref idref="fl-3a"/>
      </object_component>
      <object_component id="oc-2be">
         <name>.text.xQueueGenericReset</name>
         <load_address>0x40e27e</load_address>
         <readonly>true</readonly>
         <executable>true</executable>
         <run_address>0x40e27e</run_address>
         <size>0x9e</size>
         <alignment>0x2</alignment>
         <input_file_ref idref="fl-26"/>
      </object_component>
      <object_component id="oc-1d2">
         <name>.text.SemaphoreP_pend</name>
         <load_address>0x40e31c</load_address>
         <readonly>true</readonly>
         <executable>true</executable>
         <run_address>0x40e31c</run_address>
         <size>0x9a</size>
         <alignment>0x2</alignment>
         <input_file_ref idref="fl-2c"/>
      </object_component>
      <object_component id="oc-20d">
         <name>.text.prvProcessTimerOrBlockTask</name>
         <load_address>0x40e3b6</load_address>
         <readonly>true</readonly>
         <executable>true</executable>
         <run_address>0x40e3b6</run_address>
         <size>0x9a</size>
         <alignment>0x2</alignment>
         <input_file_ref idref="fl-25"/>
      </object_component>
      <object_component id="oc-2a0">
         <name>.text.xTaskCheckForTimeOut</name>
         <load_address>0x40e450</load_address>
         <readonly>true</readonly>
         <executable>true</executable>
         <run_address>0x40e450</run_address>
         <size>0x9a</size>
         <alignment>0x2</alignment>
         <input_file_ref idref="fl-24"/>
      </object_component>
      <object_component id="oc-274">
         <name>.text.xTimerGenericCommand</name>
         <load_address>0x40e4ea</load_address>
         <readonly>true</readonly>
         <executable>true</executable>
         <run_address>0x40e4ea</run_address>
         <size>0x94</size>
         <alignment>0x2</alignment>
         <input_file_ref idref="fl-25"/>
      </object_component>
      <object_component id="oc-222">
         <name>.text.SOC_rcmEnableADPLLClock</name>
         <load_address>0x40e57e</load_address>
         <readonly>true</readonly>
         <executable>true</executable>
         <run_address>0x40e57e</run_address>
         <size>0x92</size>
         <alignment>0x2</alignment>
         <input_file_ref idref="fl-38"/>
      </object_component>
      <object_component id="oc-25e">
         <name>.text.SemaphoreP_constructBinary</name>
         <load_address>0x40e610</load_address>
         <readonly>true</readonly>
         <executable>true</executable>
         <run_address>0x40e610</run_address>
         <size>0x92</size>
         <alignment>0x2</alignment>
         <input_file_ref idref="fl-2c"/>
      </object_component>
      <object_component id="oc-128">
         <name>.text._DebugP_logZone</name>
         <load_address>0x40e6a2</load_address>
         <readonly>true</readonly>
         <executable>true</executable>
         <run_address>0x40e6a2</run_address>
         <size>0x92</size>
         <alignment>0x2</alignment>
         <input_file_ref idref="fl-23"/>
      </object_component>
      <object_component id="oc-383">
         <name>.text.UART_writeCancelNoCB</name>
         <load_address>0x40e734</load_address>
         <readonly>true</readonly>
         <executable>true</executable>
         <run_address>0x40e734</run_address>
         <size>0x90</size>
         <alignment>0x2</alignment>
         <input_file_ref idref="fl-39"/>
      </object_component>
      <object_component id="oc-146">
         <name>.text.prvInitialiseTaskLists</name>
         <load_address>0x40e7c4</load_address>
         <readonly>true</readonly>
         <executable>true</executable>
         <run_address>0x40e7c4</run_address>
         <size>0x8e</size>
         <alignment>0x2</alignment>
         <input_file_ref idref="fl-24"/>
      </object_component>
      <object_component id="oc-387">
         <name>.text.EDMAEnableTransferRegion</name>
         <load_address>0x40e852</load_address>
         <readonly>true</readonly>
         <executable>true</executable>
         <run_address>0x40e852</run_address>
         <size>0x8c</size>
         <alignment>0x2</alignment>
         <input_file_ref idref="fl-32"/>
      </object_component>
      <object_component id="oc-b9">
         <name>.text.EDMA_init</name>
         <load_address>0x40e8de</load_address>
         <readonly>true</readonly>
         <executable>true</executable>
         <run_address>0x40e8de</run_address>
         <size>0x8c</size>
         <alignment>0x2</alignment>
         <input_file_ref idref="fl-32"/>
      </object_component>
      <object_component id="oc-15f">
         <name>.text._nop</name>
         <load_address>0x40e96a</load_address>
         <readonly>true</readonly>
         <executable>true</executable>
         <run_address>0x40e96a</run_address>
         <size>0x2</size>
         <alignment>0x2</alignment>
         <input_file_ref idref="fl-53"/>
      </object_component>
      <object_component id="oc-33b">
         <name>.text.fputc</name>
         <load_address>0x40e96c</load_address>
         <readonly>true</readonly>
         <executable>true</executable>
         <run_address>0x40e96c</run_address>
         <size>0x88</size>
         <alignment>0x4</alignment>
         <input_file_ref idref="fl-4d"/>
      </object_component>
      <object_component id="oc-1ac">
         <name>.text.ClockP_getTimeUsec</name>
         <load_address>0x40e9f4</load_address>
         <readonly>true</readonly>
         <executable>true</executable>
         <run_address>0x40e9f4</run_address>
         <size>0x86</size>
         <alignment>0x2</alignment>
         <input_file_ref idref="fl-20"/>
      </object_component>
      <object_component id="oc-273">
         <name>.text.prvInsertTimerInActiveList</name>
         <load_address>0x40ea7a</load_address>
         <readonly>true</readonly>
         <executable>true</executable>
         <run_address>0x40ea7a</run_address>
         <size>0x86</size>
         <alignment>0x2</alignment>
         <input_file_ref idref="fl-25"/>
      </object_component>
[...]
      </symbol>
      <symbol id="sm-44f">
         <name>EDMA_freeTcc</name>
         <value>0x4117b3</value>
         <object_component_ref idref="oc-2e6"/>
      </symbol>
      <symbol id="sm-450">
         <name>EDMA_freeParam</name>
         <value>0x41179d</value>
         <object_component_ref idref="oc-2e7"/>
      </symbol>
      <symbol id="sm-47d">
         <name>HWA_init</name>
         <value>0x40bc4b</value>
         <object_component_ref idref="oc-b3"/>
      </symbol>
      <symbol id="sm-47e">
         <name>HWA_open</name>
         <value>0x4085ef</value>
         <object_component_ref idref="oc-125"/>
      </symbol>
      <symbol id="sm-47f">
         <name>HwaParamsetIntr</name>
         <value>0x405f84</value>
      </symbol>
      <symbol id="sm-480">
         <name>HWA_getHWAMemInfo</name>
         <value>0x40f411</value>
         <object_component_ref idref="oc-25d"/>
      </symbol>
      <symbol id="sm-48c">
         <name>Pinmux_config</name>
         <value>0x40fdf3</value>
         <object_component_ref idref="oc-102"/>
      </symbol>
      <symbol id="sm-495">
         <name>Power_module</name>
         <value>0x412478</value>
         <object_component_ref idref="oc-267"/>
      </symbol>
      <symbol id="sm-496">
         <name>Power_idleFunc</name>
         <value>0x410945</value>
         <object_component_ref idref="oc-1f4"/>
      </symbol>
      <symbol id="sm-4ad">
         <name>SOC_clocksEnable</name>
         <value>0x411695</value>
         <object_component_ref idref="oc-185"/>
      </symbol>
      <symbol id="sm-4ae">
         <name>SOC_moduleClockEnable</name>
         <value>0x41163f</value>
         <object_component_ref idref="oc-18b"/>
      </symbol>
      <symbol id="sm-4af">
         <name>SOC_moduleSetClockFrequency</name>
         <value>0x4116af</value>
         <object_component_ref idref="oc-18d"/>
      </symbol>
      <symbol id="sm-4b0">
         <name>SOC_controlModuleLockMMR</name>
         <value>0x410b35</value>
         <object_component_ref idref="oc-190"/>
      </symbol>
      <symbol id="sm-4b1">
         <name>SOC_controlModuleUnlockMMR</name>
         <value>0x410661</value>
         <object_component_ref idref="oc-18e"/>
      </symbol>
      <symbol id="sm-4b2">
         <name>SOC_virtToPhy</name>
         <value>0x40fb4d</value>
         <object_component_ref idref="oc-386"/>
      </symbol>
      <symbol id="sm-527">
         <name>SOC_rcmEnableADPLLClock</name>
         <value>0x40e57f</value>
         <object_component_ref idref="oc-222"/>
      </symbol>
      <symbol id="sm-528">
         <name>SOC_rcmSetM4ClockSrc</name>
         <value>0x4104fd</value>
         <object_component_ref idref="oc-223"/>
      </symbol>
      <symbol id="sm-529">
         <name>SOC_rcmSetPeripheralClock</name>
         <value>0x40d0e9</value>
         <object_component_ref idref="oc-227"/>
      </symbol>
      <symbol id="sm-52a">
         <name>SOC_rcmGetPeripheralClock</name>
         <value>0x40d87b</value>
         <object_component_ref idref="oc-10c"/>
      </symbol>
      <symbol id="sm-52b">
         <name>SOC_rcmEnablePeripheralClock</name>
         <value>0x407c31</value>
         <object_component_ref idref="oc-226"/>
      </symbol>
      <symbol id="sm-52c">
         <name>SOC_getEfusePgVersion</name>
         <value>0x4111c9</value>
         <object_component_ref idref="oc-aa"/>
      </symbol>
      <symbol id="sm-595">
         <name>UART_init</name>
         <value>0x40da95</value>
         <object_component_ref idref="oc-10d"/>
      </symbol>
      <symbol id="sm-596">
         <name>UART_open</name>
         <value>0x40952b</value>
         <object_component_ref idref="oc-24b"/>
      </symbol>
      <symbol id="sm-597">
         <name>UART_close</name>
         <value>0x40a5e1</value>
         <object_component_ref idref="oc-261"/>
      </symbol>
      <symbol id="sm-598">
         <name>UART_flushTxFifo</name>
         <value>0x40cbd9</value>
         <object_component_ref idref="oc-2b8"/>
      </symbol>
      <symbol id="sm-599">
         <name>UART_getHandle</name>
         <value>0x41041d</value>
         <object_component_ref idref="oc-340"/>
      </symbol>
      <symbol id="sm-59a">
         <name>UART_write</name>
         <value>0x40af4d</value>
         <object_component_ref idref="oc-342"/>
      </symbol>
      <symbol id="sm-5bb">
         <name>UART_edmaChannelConfig</name>
         <value>0x40925d</value>
         <object_component_ref idref="oc-295"/>
      </symbol>
      <symbol id="sm-5bc">
         <name>UART_writeDma</name>
         <value>0x40a28f</value>
         <object_component_ref idref="oc-36d"/>
      </symbol>
      <symbol id="sm-5cd">
         <name>fputc</name>
         <value>0x40e96d</value>
         <object_component_ref idref="oc-33b"/>
      </symbol>
      <symbol id="sm-5ce">
         <name>putchar</name>
         <value>0x411a3d</value>
         <object_component_ref idref="oc-2ed"/>
      </symbol>
      <symbol id="sm-5d8">
         <name>__TI_wrt_ok</name>
         <value>0x40f80b</value>
         <object_component_ref idref="oc-356"/>
      </symbol>
      <symbol id="sm-5e2">
         <name>setvbuf</name>
         <value>0x40cf41</value>
         <object_component_ref idref="oc-373"/>
      </symbol>
      <symbol id="sm-5f2">
         <name>abort</name>
         <value>0x411a85</value>
         <object_component_ref idref="oc-8b"/>
      </symbol>
      <symbol id="sm-5f3">
         <name>C$$EXIT</name>
         <value>0x411a84</value>
         <object_component_ref idref="oc-8b"/>
      </symbol>
      <symbol id="sm-5f4">
         <name>__TI_cleanup_ptr</name>
         <value>0x4127c0</value>
         <object_component_ref idref="oc-df"/>
      </symbol>
      <symbol id="sm-5f5">
         <name>__TI_dtors_ptr</name>
         <value>0x4127c4</value>
         <object_component_ref idref="oc-df"/>
      </symbol>
      <symbol id="sm-5f6">
         <name>exit</name>
         <value>0x410ec9</value>
         <object_component_ref idref="oc-90"/>
      </symbol>
      <symbol id="sm-5ff">
         <name>_nop</name>
         <value>0x40e96b</value>
         <object_component_ref idref="oc-15f"/>
      </symbol>
      <symbol id="sm-600">
         <name>_lock</name>
         <value>0x4127e8</value>
         <object_component_ref idref="oc-dd"/>
      </symbol>
      <symbol id="sm-601">
         <name>_unlock</name>
         <value>0x4127ec</value>
         <object_component_ref idref="oc-e0"/>
      </symbol>
      <symbol id="sm-606">
         <name>_ftable</name>
         <value>0x412388</value>
         <object_component_ref idref="oc-33c"/>
      </symbol>
      <symbol id="sm-607">
         <name>__TI_ft_end</name>
         <value>0x4127e4</value>
         <object_component_ref idref="oc-3ab"/>
      </symbol>
      <symbol id="sm-608">
         <name>__TI_tmpnams</name>
         <value>0x406184</value>
         <object_component_ref idref="oc-3d9"/>
      </symbol>
      <symbol id="sm-628">
         <name>malloc</name>
         <value>0x411a71</value>
         <object_component_ref idref="oc-38e"/>
      </symbol>
      <symbol id="sm-629">
         <name>aligned_alloc</name>
         <value>0x40bd75</value>
         <object_component_ref idref="oc-3a4"/>
      </symbol>
      <symbol id="sm-62a">
         <name>free</name>
         <value>0x40ca01</value>
         <object_component_ref idref="oc-263"/>
      </symbol>
      <symbol id="sm-62b">
         <name>_sys_memory</name>
         <value>0x45a000</value>
         <object_component_ref idref="oc-29"/>
      </symbol>
      <symbol id="sm-62c">
         <name>memalign</name>
         <value>0x40bd75</value>
         <object_component_ref idref="oc-3a4"/>
      </symbol>
      <symbol id="sm-637">
         <name>__TI_auto_init_nobinit_nopinit</name>
         <value>0x410c8d</value>
         <object_component_ref idref="oc-66"/>
      </symbol>
      <symbol id="sm-642">
         <name>__TI_doflush</name>
         <value>0x41002b</value>
         <object_component_ref idref="oc-360"/>
      </symbol>
      <symbol id="sm-64d">
         <name>__TI_cleanup</name>
         <value>0x410d69</value>
         <object_component_ref idref="oc-38f"/>
      </symbol>
      <symbol id="sm-65a">
         <name>fseek</name>
         <value>0x411a7d</value>
         <object_component_ref idref="oc-36e"/>
      </symbol>
      <symbol id="sm-65b">
         <name>fseeko</name>
         <value>0x40f479</value>
         <object_component_ref idref="oc-38a"/>
      </symbol>
      <symbol id="sm-66d">
         <name>__TI_closefile</name>
         <value>0x40ef51</value>
         <object_component_ref idref="oc-3a5"/>
      </symbol>
      <symbol id="sm-67e">
         <name>write</name>
         <value>0x41119d</value>
         <object_component_ref idref="oc-35c"/>
      </symbol>
      <symbol id="sm-683">
         <name>_device</name>
         <value>0x412540</value>
         <object_component_ref idref="oc-398"/>
      </symbol>
      <symbol id="sm-684">
         <name>_stream</name>
         <value>0x41261c</value>
         <object_component_ref idref="oc-379"/>
      </symbol>
      <symbol id="sm-68c">
         <name>remove</name>
         <value>0x411a81</value>
         <object_component_ref idref="oc-3d5"/>
      </symbol>
      <symbol id="sm-697">
         <name>lseek</name>
         <value>0x411095</value>
         <object_component_ref idref="oc-3a0"/>
      </symbol>
      <symbol id="sm-6a1">
         <name>close</name>
         <value>0x40f86d</value>
         <object_component_ref idref="oc-3d1"/>
      </symbol>
      <symbol id="sm-6ab">
         <name>unlink</name>
         <value>0x411119</value>
         <object_component_ref idref="oc-3fd"/>
      </symbol>
      <symbol id="sm-6b5">
         <name>HOSTclose</name>
         <value>0x410a81</value>
         <object_component_ref idref="oc-3b2"/>
      </symbol>
      <symbol id="sm-6bf">
         <name>HOSTlseek</name>
         <value>0x40fa9d</value>
         <object_component_ref idref="oc-3be"/>
      </symbol>
      <symbol id="sm-6c9">
         <name>HOSTopen</name>
         <value>0x40faf5</value>
         <object_component_ref idref="oc-3ae"/>
      </symbol>
      <symbol id="sm-6ca">
         <name>parmbuf</name>
         <value>0x405ab0</value>
         <object_component_ref idref="oc-3e3"/>
      </symbol>
      <symbol id="sm-6d4">
         <name>HOSTread</name>
         <value>0x40fc51</value>
         <object_component_ref idref="oc-3b6"/>
      </symbol>
      <symbol id="sm-6e5">
         <name>HOSTrename</name>
         <value>0x40f5b1</value>
         <object_component_ref idref="oc-3c6"/>
      </symbol>
      <symbol id="sm-6ef">
         <name>HOSTunlink</name>
         <value>0x41061d</value>
         <object_component_ref idref="oc-3c2"/>
      </symbol>
      <symbol id="sm-6f9">
         <name>HOSTwrite</name>
         <value>0x40fca5</value>
         <object_component_ref idref="oc-3ba"/>
      </symbol>
      <symbol id="sm-707">
         <name>C$$IO$$</name>
         <value>0x410dc7</value>
         <object_component_ref idref="oc-3dc"/>
      </symbol>
      <symbol id="sm-708">
         <name>__TI_writemsg</name>
         <value>0x410d9d</value>
         <object_component_ref idref="oc-3dc"/>
      </symbol>
      <symbol id="sm-709">
         <name>__CIOBUF_</name>
         <value>0x405d64</value>
         <object_component_ref idref="oc-403"/>
      </symbol>
      <symbol id="sm-70a">
         <name>__TI_readmsg</name>
         <value>0x410e69</value>
         <object_component_ref idref="oc-3e2"/>
      </symbol>
      <symbol id="sm-70b">
         <name>_CIOBUF_</name>
         <value>0x405d64</value>
         <object_component_ref idref="oc-403"/>
      </symbol>
      <symbol id="sm-711">
         <name>__aeabi_dadd</name>
         <value>0x40a0e3</value>
         <object_component_ref idref="oc-304"/>
      </symbol>
      <symbol id="sm-712">
         <name>__adddf3</name>
         <value>0x40a0e3</value>
         <object_component_ref idref="oc-304"/>
      </symbol>
      <symbol id="sm-713">
         <name>__aeabi_dsub</name>
         <value>0x40a0d9</value>
         <object_component_ref idref="oc-304"/>
      </symbol>
      <symbol id="sm-714">
         <name>__subdf3</name>
         <value>0x40a0d9</value>
         <object_component_ref idref="oc-304"/>
      </symbol>
      <symbol id="sm-71a">
         <name>__aeabi_dmul</name>
         <value>0x40c719</value>
         <object_component_ref idref="oc-311"/>
      </symbol>
      <symbol id="sm-71b">
         <name>__muldf3</name>
         <value>0x40c719</value>
         <object_component_ref idref="oc-311"/>
      </symbol>
      <symbol id="sm-721">
         <name>__aeabi_ddiv</name>
         <value>0x40b9e1</value>
         <object_component_ref idref="oc-31d"/>
      </symbol>
      <symbol id="sm-722">
         <name>__divdf3</name>
         <value>0x40b9e1</value>
         <object_component_ref idref="oc-31d"/>
      </symbol>
      <symbol id="sm-728">
         <name>__aeabi_d2iz</name>
         <value>0x410545</value>
         <object_component_ref idref="oc-308"/>
      </symbol>
      <symbol id="sm-729">
         <name>__fixdfsi</name>
         <value>0x410545</value>
         <object_component_ref idref="oc-308"/>
      </symbol>
      <symbol id="sm-72f">
         <name>__aeabi_d2uiz</name>
         <value>0x4107b5</value>
         <object_component_ref idref="oc-315"/>
      </symbol>
      <symbol id="sm-730">
         <name>__fixunsdfsi</name>
         <value>0x4107b5</value>
         <object_component_ref idref="oc-315"/>
      </symbol>
      <symbol id="sm-736">
         <name>__aeabi_i2d</name>
         <value>0x410f59</value>
         <object_component_ref idref="oc-30c"/>
      </symbol>
      <symbol id="sm-737">
         <name>__floatsidf</name>
         <value>0x410f59</value>
         <object_component_ref idref="oc-30c"/>
      </symbol>
      <symbol id="sm-73d">
         <name>__aeabi_ui2d</name>
         <value>0x4115e1</value>
         <object_component_ref idref="oc-319"/>
      </symbol>
      <symbol id="sm-73e">
         <name>__floatunsidf</name>
         <value>0x4115e1</value>
         <object_component_ref idref="oc-319"/>
      </symbol>
      <symbol id="sm-74c">
         <name>__ledf2</name>
         <value>0x40f1f9</value>
         <object_component_ref idref="oc-345"/>
      </symbol>
      <symbol id="sm-74d">
         <name>__gedf2</name>
         <value>0x40f189</value>
         <object_component_ref idref="oc-346"/>
      </symbol>
      <symbol id="sm-74e">
         <name>__unorddf2</name>
         <value>0x410e99</value>
         <object_component_ref idref="oc-2f5"/>
      </symbol>
      <symbol id="sm-74f">
         <name>__cmpdf2</name>
         <value>0x40f1f9</value>
         <object_component_ref idref="oc-345"/>
      </symbol>
      <symbol id="sm-750">
         <name>__eqdf2</name>
         <value>0x40f1f9</value>
         <object_component_ref idref="oc-345"/>
      </symbol>
      <symbol id="sm-751">
         <name>__ltdf2</name>
         <value>0x40f1f9</value>
         <object_component_ref idref="oc-345"/>
      </symbol>
      <symbol id="sm-752">
         <name>__nedf2</name>
         <value>0x40f1f9</value>
         <object_component_ref idref="oc-345"/>
      </symbol>
      <symbol id="sm-753">
         <name>__gtdf2</name>
         <value>0x40f189</value>
         <object_component_ref idref="oc-346"/>
      </symbol>
      <symbol id="sm-754">
         <name>__aeabi_dcmpun</name>
         <value>0x410e99</value>
         <object_component_ref idref="oc-2f5"/>
      </symbol>
      <symbol id="sm-75a">
         <name>__aeabi_dcmpeq</name>
         <value>0x40f7a9</value>
         <object_component_ref idref="oc-2fd"/>
      </symbol>
      <symbol id="sm-75b">
         <name>__aeabi_dcmplt</name>
         <value>0x40f7bd</value>
         <object_component_ref idref="oc-2fd"/>
      </symbol>
      <symbol id="sm-75c">
         <name>__aeabi_dcmple</name>
         <value>0x40f7d1</value>
         <object_component_ref idref="oc-2fd"/>
      </symbol>
      <symbol id="sm-75d">
         <name>__aeabi_dcmpge</name>
         <value>0x40f7e5</value>
         <object_component_ref idref="oc-2fd"/>
      </symbol>
      <symbol id="sm-75e">
         <name>__aeabi_dcmpgt</name>
         <value>0x40f7f9</value>
         <object_component_ref idref="oc-2fd"/>
      </symbol>
      <symbol id="sm-764">
         <name>__aeabi_memcpy</name>
         <value>0x411a79</value>
         <object_component_ref idref="oc-e7"/>
      </symbol>
      <symbol id="sm-765">
         <name>__aeabi_memcpy4</name>
         <value>0x411a79</value>
         <object_component_ref idref="oc-e7"/>
      </symbol>
      <symbol id="sm-766">
         <name>__aeabi_memcpy8</name>
         <value>0x411a79</value>
         <object_component_ref idref="oc-e7"/>
      </symbol>
      <symbol id="sm-76d">
         <name>__aeabi_memclr</name>
         <value>0x411a61</value>
         <object_component_ref idref="oc-61"/>
      </symbol>
      <symbol id="sm-76e">
         <name>__aeabi_memclr4</name>
         <value>0x411a61</value>
         <object_component_ref idref="oc-61"/>
      </symbol>
      <symbol id="sm-76f">
         <name>__aeabi_memclr8</name>
         <value>0x411a61</value>
         <object_component_ref idref="oc-61"/>
      </symbol>
      <symbol id="sm-775">
         <name>__aeabi_uldivmod</name>
         <value>0x411809</value>
         <object_component_ref idref="oc-1ad"/>
      </symbol>
      <symbol id="sm-77b">
         <name>__udivmoddi4</name>
         <value>0x40db45</value>
         <object_component_ref idref="oc-23f"/>
      </symbol>
      <symbol id="sm-785">
         <name>__aeabi_ldiv0</name>
         <value>0x40c717</value>
         <object_component_ref idref="oc-280"/>
      </symbol>
      <symbol id="sm-793">
         <name>finddevice</name>
         <value>0x411069</value>
         <object_component_ref idref="oc-40f"/>
      </symbol>
      <symbol id="sm-794">
         <name>getdevice</name>
         <value>0x40f4e1</value>
         <object_component_ref idref="oc-406"/>
      </symbol>
      <symbol id="sm-79b">
         <name>strcmp</name>
         <value>0x408f89</value>
         <object_component_ref idref="oc-412"/>
      </symbol>
      <symbol id="sm-7a3">
         <name>TI_memcpy_small</name>
         <value>0x41188f</value>
         <object_component_ref idref="oc-20f"/>
      </symbol>
      <symbol id="sm-7ab">
         <name>TI_memset_small</name>
         <value>0x4119e7</value>
         <object_component_ref idref="oc-e1"/>
      </symbol>
      <symbol id="sm-7b4">
         <name>gAddrTranslateConfig</name>
         <value>0x4127a8</value>
         <object_component_ref idref="oc-236"/>
      </symbol>
      <symbol id="sm-7b5">
         <name>AddrTranslateP_getLocalAddr</name>
         <value>0x40caf1</value>
         <object_component_ref idref="oc-1a0"/>
      </symbol>
      <symbol id="sm-7be">
         <name>TaskP_yield</name>
         <value>0x411715</value>
         <object_component_ref idref="oc-324"/>
      </symbol>
      <symbol id="sm-7bf">
         <name>_system_post_cinit</name>
         <value>0x0</value>
      </symbol>
      <symbol id="sm-7c0">
         <name>__TI_Handler_Table_Limit</name>
         <value>0x0</value>
      </symbol>
      <symbol id="sm-7c1">
         <name>__TI_Handler_Table_Base</name>
         <value>0x0</value>
      </symbol>
      <symbol id="sm-7c2">
         <name>__TI_CINIT_Base</name>
         <value>0x0</value>
      </symbol>
      <symbol id="sm-7c3">
         <name>__TI_CINIT_Limit</name>
         <value>0x0</value>
      </symbol>
   </symbol_table>
   <title>Link successful</title>
</link_info>
