<?xml version="1.0" encoding="ISO-8859-1" ?>
<link_info>
   <banner>TI ARM Clang Linker PC v3.2.2.LTS</banner>
   <copyright>Copyright (c) 1996-2018 Texas Instruments Incorporated</copyright>
   <link_time>0x67619b5c</link_time>
   <link_errors>0x0</link_errors>
   <output_file>C:\Users\jonas\repos\tin\ti_iwrl6432boost_dsp\person_detection\Debug\person_detection.out</output_file>
   <entry_point>
      <name>_c_int00</name>
      <address>0x415a07</address>
   </entry_point>
   <input_file_list>
      <input_file id="fl-1">
         <path>C:\Users\jonas\repos\tin\ti_iwrl6432boost_dsp\person_detection\Debug\.\syscfg\</path>
         <kind>object</kind>
         <file>ti_dpl_config.o</file>
         <name>ti_dpl_config.o</name>
      </input_file>
      <input_file id="fl-2">
         <path>C:\Users\jonas\repos\tin\ti_iwrl6432boost_dsp\person_detection\Debug\.\syscfg\</path>
         <kind>object</kind>
         <file>ti_drivers_config.o</file>
         <name>ti_drivers_config.o</name>
      </input_file>
      <input_file id="fl-3">
         <path>C:\Users\jonas\repos\tin\ti_iwrl6432boost_dsp\person_detection\Debug\.\syscfg\</path>
         <kind>object</kind>
         <file>ti_drivers_open_close.o</file>
         <name>ti_drivers_open_close.o</name>
      </input_file>
      <input_file id="fl-4">
         <path>C:\Users\jonas\repos\tin\ti_iwrl6432boost_dsp\person_detection\Debug\.\syscfg\</path>
         <kind>object</kind>
         <file>ti_pinmux_config.o</file>
         <name>ti_pinmux_config.o</name>
      </input_file>
      <input_file id="fl-5">
         <path>C:\Users\jonas\repos\tin\ti_iwrl6432boost_dsp\person_detection\Debug\.\syscfg\</path>
         <kind>object</kind>
         <file>ti_power_clock_config.o</file>
         <name>ti_power_clock_config.o</name>
      </input_file>
      <input_file id="fl-6">
         <path>C:\Users\jonas\repos\tin\ti_iwrl6432boost_dsp\person_detection\Debug\.\syscfg\</path>
         <kind>object</kind>
         <file>ti_board_config.o</file>
         <name>ti_board_config.o</name>
      </input_file>
      <input_file id="fl-7">
         <path>C:\Users\jonas\repos\tin\ti_iwrl6432boost_dsp\person_detection\Debug\.\syscfg\</path>
         <kind>object</kind>
         <file>ti_board_open_close.o</file>
         <name>ti_board_open_close.o</name>
      </input_file>
      <input_file id="fl-8">
         <path>C:\Users\jonas\repos\tin\ti_iwrl6432boost_dsp\person_detection\Debug\.\src\</path>
         <kind>object</kind>
         <file>main.o</file>
         <name>main.o</name>
      </input_file>
      <input_file id="fl-9">
         <path>C:\Users\jonas\repos\tin\ti_iwrl6432boost_dsp\person_detection\Debug\.\src\</path>
         <kind>object</kind>
         <file>mmwave_basic.o</file>
         <name>mmwave_basic.o</name>
      </input_file>
      <input_file id="fl-a">
         <path>C:\Users\jonas\repos\tin\ti_iwrl6432boost_dsp\person_detection\Debug\.\src\</path>
         <kind>object</kind>
         <file>rangeproc_dpc.o</file>
         <name>rangeproc_dpc.o</name>
      </input_file>
      <input_file id="fl-1e">
         <path>C:\Users\jonas\repos\tin\ti_iwrl6432boost_dsp\person_detection\Debug\</path>
         <kind>object</kind>
         <file>&lt;internal&gt;</file>
         <name>&lt;internal&gt;</name>
      </input_file>
      <input_file id="fl-1f">
         <path>C:\ti\MMWAVE_L_SDK_05_05_02_00\source\kernel\freertos\lib\</path>
         <kind>archive</kind>
         <file>freertos.xwrL64xx.m4f.ti-arm-clang.debug.lib</file>
         <name>boot_armv7m.obj</name>
      </input_file>
      <input_file id="fl-20">
         <path>C:\ti\MMWAVE_L_SDK_05_05_02_00\source\kernel\freertos\lib\</path>
         <kind>archive</kind>
         <file>freertos.xwrL64xx.m4f.ti-arm-clang.debug.lib</file>
         <name>DebugP_uartLogWriter.obj</name>
      </input_file>
      <input_file id="fl-21">
         <path>C:\ti\MMWAVE_L_SDK_05_05_02_00\source\kernel\freertos\lib\</path>
         <kind>archive</kind>
         <file>freertos.xwrL64xx.m4f.ti-arm-clang.debug.lib</file>
         <name>DebugP_log.obj</name>
      </input_file>
      <input_file id="fl-22">
         <path>C:\ti\MMWAVE_L_SDK_05_05_02_00\source\kernel\freertos\lib\</path>
         <kind>archive</kind>
         <file>freertos.xwrL64xx.m4f.ti-arm-clang.debug.lib</file>
         <name>MpuP_armv7m.obj</name>
      </input_file>
      <input_file id="fl-23">
         <path>C:\ti\MMWAVE_L_SDK_05_05_02_00\source\kernel\freertos\lib\</path>
         <kind>archive</kind>
         <file>freertos.xwrL64xx.m4f.ti-arm-clang.debug.lib</file>
         <name>HwiP_armv7m.obj</name>
      </input_file>
      <input_file id="fl-24">
         <path>C:\ti\MMWAVE_L_SDK_05_05_02_00\source\kernel\freertos\lib\</path>
         <kind>archive</kind>
         <file>freertos.xwrL64xx.m4f.ti-arm-clang.debug.lib</file>
         <name>ClockP_freertos.obj</name>
      </input_file>
      <input_file id="fl-25">
         <path>C:\ti\MMWAVE_L_SDK_05_05_02_00\source\kernel\freertos\lib\</path>
         <kind>archive</kind>
         <file>freertos.xwrL64xx.m4f.ti-arm-clang.debug.lib</file>
         <name>ClockP_freertos_m4.obj</name>
      </input_file>
      <input_file id="fl-26">
         <path>C:\ti\MMWAVE_L_SDK_05_05_02_00\source\kernel\freertos\lib\</path>
         <kind>archive</kind>
         <file>freertos.xwrL64xx.m4f.ti-arm-clang.debug.lib</file>
         <name>HwiP_armv7m_handlers_freertos.obj</name>
      </input_file>
      <input_file id="fl-27">
         <path>C:\ti\MMWAVE_L_SDK_05_05_02_00\source\kernel\freertos\lib\</path>
         <kind>archive</kind>
         <file>freertos.xwrL64xx.m4f.ti-arm-clang.debug.lib</file>
         <name>DebugP_freertos.obj</name>
      </input_file>
      <input_file id="fl-28">
         <path>C:\ti\MMWAVE_L_SDK_05_05_02_00\source\kernel\freertos\lib\</path>
         <kind>archive</kind>
         <file>freertos.xwrL64xx.m4f.ti-arm-clang.debug.lib</file>
         <name>tasks.obj</name>
      </input_file>
      <input_file id="fl-29">
         <path>C:\ti\MMWAVE_L_SDK_05_05_02_00\source\kernel\freertos\lib\</path>
         <kind>archive</kind>
         <file>freertos.xwrL64xx.m4f.ti-arm-clang.debug.lib</file>
         <name>timers.obj</name>
      </input_file>
      <input_file id="fl-2a">
         <path>C:\ti\MMWAVE_L_SDK_05_05_02_00\source\kernel\freertos\lib\</path>
         <kind>archive</kind>
         <file>freertos.xwrL64xx.m4f.ti-arm-clang.debug.lib</file>
         <name>queue.obj</name>
      </input_file>
      <input_file id="fl-2b">
         <path>C:\ti\MMWAVE_L_SDK_05_05_02_00\source\kernel\freertos\lib\</path>
         <kind>archive</kind>
         <file>freertos.xwrL64xx.m4f.ti-arm-clang.debug.lib</file>
         <name>list.obj</name>
      </input_file>
      <input_file id="fl-2c">
         <path>C:\ti\MMWAVE_L_SDK_05_05_02_00\source\kernel\freertos\lib\</path>
         <kind>archive</kind>
         <file>freertos.xwrL64xx.m4f.ti-arm-clang.debug.lib</file>
         <name>heap_3.obj</name>
      </input_file>
      <input_file id="fl-2d">
         <path>C:\ti\MMWAVE_L_SDK_05_05_02_00\source\kernel\freertos\lib\</path>
         <kind>archive</kind>
         <file>freertos.xwrL64xx.m4f.ti-arm-clang.debug.lib</file>
         <name>port.obj</name>
      </input_file>
      <input_file id="fl-2e">
         <path>C:\ti\MMWAVE_L_SDK_05_05_02_00\source\kernel\freertos\lib\</path>
         <kind>archive</kind>
         <file>freertos.xwrL64xx.m4f.ti-arm-clang.debug.lib</file>
         <name>printf.obj</name>
      </input_file>
      <input_file id="fl-2f">
         <path>C:\ti\MMWAVE_L_SDK_05_05_02_00\source\kernel\freertos\lib\</path>
         <kind>archive</kind>
         <file>freertos.xwrL64xx.m4f.ti-arm-clang.debug.lib</file>
         <name>SysTickTimerP.obj</name>
      </input_file>
      <input_file id="fl-30">
         <path>C:\ti\MMWAVE_L_SDK_05_05_02_00\source\kernel\freertos\lib\</path>
         <kind>archive</kind>
         <file>freertos.xwrL64xx.m4f.ti-arm-clang.debug.lib</file>
         <name>SemaphoreP_freertos.obj</name>
      </input_file>
      <input_file id="fl-31">
         <path>C:\ti\MMWAVE_L_SDK_05_05_02_00\source\kernel\freertos\lib\</path>
         <kind>archive</kind>
         <file>freertos.xwrL64xx.m4f.ti-arm-clang.debug.lib</file>
         <name>power_xwrLx4xx_freertos.obj</name>
      </input_file>
      <input_file id="fl-32">
         <path>C:\ti\MMWAVE_L_SDK_05_05_02_00\source\kernel\freertos\lib\</path>
         <kind>archive</kind>
         <file>freertos.xwrL64xx.m4f.ti-arm-clang.debug.lib</file>
         <name>TimerP_rti.obj</name>
      </input_file>
      <input_file id="fl-33">
         <path>C:\ti\MMWAVE_L_SDK_05_05_02_00\source\datapath\lib\</path>
         <kind>archive</kind>
         <file>datapath_tracker2d.xwrL64xx.m4f.ti-arm-clang.debug.lib</file>
         <name>rangeprochwa.obj</name>
      </input_file>
      <input_file id="fl-34">
         <path>C:\ti\MMWAVE_L_SDK_05_05_02_00\source\datapath\lib\</path>
         <kind>archive</kind>
         <file>datapath_tracker2d.xwrL64xx.m4f.ti-arm-clang.debug.lib</file>
         <name>dpedma.obj</name>
      </input_file>
      <input_file id="fl-35">
         <path>C:\ti\MMWAVE_L_SDK_05_05_02_00\source\datapath\lib\</path>
         <kind>archive</kind>
         <file>datapath_tracker2d.xwrL64xx.m4f.ti-arm-clang.debug.lib</file>
         <name>dpedmahwa.obj</name>
      </input_file>
      <input_file id="fl-36">
         <path>C:\ti\MMWAVE_L_SDK_05_05_02_00\source\drivers\lib\</path>
         <kind>archive</kind>
         <file>drivers.xwrL64xx.m4f.ti-arm-clang.debug.lib</file>
         <name>edma.obj</name>
      </input_file>
      <input_file id="fl-37">
         <path>C:\ti\MMWAVE_L_SDK_05_05_02_00\source\drivers\lib\</path>
         <kind>archive</kind>
         <file>drivers.xwrL64xx.m4f.ti-arm-clang.debug.lib</file>
         <name>hwa.obj</name>
      </input_file>
      <input_file id="fl-38">
         <path>C:\ti\MMWAVE_L_SDK_05_05_02_00\source\drivers\lib\</path>
         <kind>archive</kind>
         <file>drivers.xwrL64xx.m4f.ti-arm-clang.debug.lib</file>
         <name>pinmux.obj</name>
      </input_file>
      <input_file id="fl-39">
         <path>C:\ti\MMWAVE_L_SDK_05_05_02_00\source\drivers\lib\</path>
         <kind>archive</kind>
         <file>drivers.xwrL64xx.m4f.ti-arm-clang.debug.lib</file>
         <name>power_xwrLx4xx.obj</name>
      </input_file>
      <input_file id="fl-3a">
         <path>C:\ti\MMWAVE_L_SDK_05_05_02_00\source\drivers\lib\</path>
         <kind>archive</kind>
         <file>drivers.xwrL64xx.m4f.ti-arm-clang.debug.lib</file>
         <name>prcm.obj</name>
      </input_file>
      <input_file id="fl-3b">
         <path>C:\ti\MMWAVE_L_SDK_05_05_02_00\source\drivers\lib\</path>
         <kind>archive</kind>
         <file>drivers.xwrL64xx.m4f.ti-arm-clang.debug.lib</file>
         <name>soc.obj</name>
      </input_file>
      <input_file id="fl-3c">
         <path>C:\ti\MMWAVE_L_SDK_05_05_02_00\source\drivers\lib\</path>
         <kind>archive</kind>
         <file>drivers.xwrL64xx.m4f.ti-arm-clang.debug.lib</file>
         <name>soc_rcm.obj</name>
      </input_file>
      <input_file id="fl-3d">
         <path>C:\ti\MMWAVE_L_SDK_05_05_02_00\source\drivers\lib\</path>
         <kind>archive</kind>
         <file>drivers.xwrL64xx.m4f.ti-arm-clang.debug.lib</file>
         <name>uart_sci.obj</name>
      </input_file>
      <input_file id="fl-3e">
         <path>C:\ti\MMWAVE_L_SDK_05_05_02_00\source\drivers\lib\</path>
         <kind>archive</kind>
         <file>drivers.xwrL64xx.m4f.ti-arm-clang.debug.lib</file>
         <name>uart_sci_edma.obj</name>
      </input_file>
      <input_file id="fl-3f">
         <path>C:\ti\MMWAVE_L_SDK_05_05_02_00\source\drivers\lib\</path>
         <kind>archive</kind>
         <file>drivers.xwrL64xx.m4f.ti-arm-clang.debug.lib</file>
         <name>power_xwrLx4xx_asm.obj</name>
      </input_file>
      <input_file id="fl-40">
         <path>C:\ti\MMWAVE_L_SDK_05_05_02_00\source\drivers\lib\</path>
         <kind>archive</kind>
         <file>drivers.xwrL64xx.m4f.ti-arm-clang.debug.lib</file>
         <name>List.obj</name>
      </input_file>
      <input_file id="fl-41">
         <path>C:\ti\MMWAVE_L_SDK_05_05_02_00\source\board\lib\</path>
         <kind>archive</kind>
         <file>board.xwrL64xx.m4f.ti-arm-clang.debug.lib</file>
         <name>cpu.obj</name>
      </input_file>
      <input_file id="fl-42">
         <path>C:\ti\MMWAVE_L_SDK_05_05_02_00\source\control\lib\</path>
         <kind>archive</kind>
         <file>control.xwrL64xx.m4f.ti-arm-clang.debug.lib</file>
         <name>mmwave.obj</name>
      </input_file>
      <input_file id="fl-43">
         <path>C:\ti\MMWAVE_L_SDK_05_05_02_00\source\control\lib\</path>
         <kind>archive</kind>
         <file>control.xwrL64xx.m4f.ti-arm-clang.debug.lib</file>
         <name>mmwave_link_common.obj</name>
      </input_file>
      <input_file id="fl-44">
         <path>C:\ti\MMWAVE_L_SDK_05_05_02_00\source\control\lib\</path>
         <kind>archive</kind>
         <file>control.xwrL64xx.m4f.ti-arm-clang.debug.lib</file>
         <name>mmwave_link_xWRLx4xx.obj</name>
      </input_file>
      <input_file id="fl-45">
         <path>C:\ti\MMWAVE_L_SDK_05_05_02_00\source\control\lib\</path>
         <kind>archive</kind>
         <file>control.xwrL64xx.m4f.ti-arm-clang.debug.lib</file>
         <name>mmwave_listlib.obj</name>
      </input_file>
      <input_file id="fl-46">
         <path>C:\ti\MMWAVE_L_SDK_05_05_02_00\source\control\lib\</path>
         <kind>archive</kind>
         <file>control.xwrL64xx.m4f.ti-arm-clang.debug.lib</file>
         <name>mmwave_monitors.obj</name>
      </input_file>
      <input_file id="fl-47">
         <path>C:\ti\MMWAVE_L_SDK_05_05_02_00\source\control\lib\</path>
         <kind>archive</kind>
         <file>control.xwrL64xx.m4f.ti-arm-clang.debug.lib</file>
         <name>mmwave_osal.obj</name>
      </input_file>
      <input_file id="fl-48">
         <path>C:\ti\MMWAVE_L_SDK_05_05_02_00\source\control\lib\</path>
         <kind>archive</kind>
         <file>control.xwrL64xx.m4f.ti-arm-clang.debug.lib</file>
         <name>mmwave_fullcfg.obj</name>
      </input_file>
      <input_file id="fl-49">
         <path>C:\ti\MMWAVE_L_SDK_05_05_02_00\source\utils\lib\</path>
         <kind>archive</kind>
         <file>utils.xwrL64xx.m4f.ti-arm-clang.debug.lib</file>
         <name>mathutils.obj</name>
      </input_file>
      <input_file id="fl-58">
         <path>C:\ti\ti_cgt_tiarmclang_3.2.2.LTS\lib\armv7em-ti-none-eabihf\c\</path>
         <kind>archive</kind>
         <file>libc.a</file>
         <name>fputc.c.obj</name>
      </input_file>
      <input_file id="fl-59">
         <path>C:\ti\ti_cgt_tiarmclang_3.2.2.LTS\lib\armv7em-ti-none-eabihf\c\</path>
         <kind>archive</kind>
         <file>libc.a</file>
         <name>_io_perm.c.obj</name>
      </input_file>
      <input_file id="fl-5a">
         <path>C:\ti\ti_cgt_tiarmclang_3.2.2.LTS\lib\armv7em-ti-none-eabihf\c\</path>
         <kind>archive</kind>
         <file>libc.a</file>
         <name>setvbuf.c.obj</name>
      </input_file>
      <input_file id="fl-5b">
         <path>C:\ti\ti_cgt_tiarmclang_3.2.2.LTS\lib\armv7em-ti-none-eabihf\c\</path>
         <kind>archive</kind>
         <file>libc.a</file>
         <name>e_fmod.c.obj</name>
      </input_file>
      <input_file id="fl-5c">
         <path>C:\ti\ti_cgt_tiarmclang_3.2.2.LTS\lib\armv7em-ti-none-eabihf\c\</path>
         <kind>archive</kind>
         <file>libc.a</file>
         <name>s_ceil.c.obj</name>
      </input_file>
      <input_file id="fl-5d">
         <path>C:\ti\ti_cgt_tiarmclang_3.2.2.LTS\lib\armv7em-ti-none-eabihf\c\</path>
         <kind>archive</kind>
         <file>libc.a</file>
         <name>s_cos.c.obj</name>
      </input_file>
      <input_file id="fl-5e">
         <path>C:\ti\ti_cgt_tiarmclang_3.2.2.LTS\lib\armv7em-ti-none-eabihf\c\</path>
         <kind>archive</kind>
         <file>libc.a</file>
         <name>k_rem_pio2.c.obj</name>
      </input_file>
      <input_file id="fl-5f">
         <path>C:\ti\ti_cgt_tiarmclang_3.2.2.LTS\lib\armv7em-ti-none-eabihf\c\</path>
         <kind>archive</kind>
         <file>libc.a</file>
         <name>exit.c.obj</name>
      </input_file>
      <input_file id="fl-60">
         <path>C:\ti\ti_cgt_tiarmclang_3.2.2.LTS\lib\armv7em-ti-none-eabihf\c\</path>
         <kind>archive</kind>
         <file>libc.a</file>
         <name>_lock.c.obj</name>
      </input_file>
      <input_file id="fl-61">
         <path>C:\ti\ti_cgt_tiarmclang_3.2.2.LTS\lib\armv7em-ti-none-eabihf\c\</path>
         <kind>archive</kind>
         <file>libc.a</file>
         <name>defs.c.obj</name>
      </input_file>
      <input_file id="fl-62">
         <path>C:\ti\ti_cgt_tiarmclang_3.2.2.LTS\lib\armv7em-ti-none-eabihf\c\</path>
         <kind>archive</kind>
         <file>libc.a</file>
         <name>memory.c.obj</name>
      </input_file>
      <input_file id="fl-63">
         <path>C:\ti\ti_cgt_tiarmclang_3.2.2.LTS\lib\armv7em-ti-none-eabihf\c\</path>
         <kind>archive</kind>
         <file>libc.a</file>
         <name>autoinit.c.obj</name>
      </input_file>
      <input_file id="fl-64">
         <path>C:\ti\ti_cgt_tiarmclang_3.2.2.LTS\lib\armv7em-ti-none-eabihf\c\</path>
         <kind>archive</kind>
         <file>libc.a</file>
         <name>cpy_tbl.c.obj</name>
      </input_file>
      <input_file id="fl-65">
         <path>C:\ti\ti_cgt_tiarmclang_3.2.2.LTS\lib\armv7em-ti-none-eabihf\c\</path>
         <kind>archive</kind>
         <file>libc.a</file>
         <name>fflush.c.obj</name>
      </input_file>
      <input_file id="fl-66">
         <path>C:\ti\ti_cgt_tiarmclang_3.2.2.LTS\lib\armv7em-ti-none-eabihf\c\</path>
         <kind>archive</kind>
         <file>libc.a</file>
         <name>fopen.c.obj</name>
      </input_file>
      <input_file id="fl-67">
         <path>C:\ti\ti_cgt_tiarmclang_3.2.2.LTS\lib\armv7em-ti-none-eabihf\c\</path>
         <kind>archive</kind>
         <file>libc.a</file>
         <name>fseek.c.obj</name>
      </input_file>
      <input_file id="fl-68">
         <path>C:\ti\ti_cgt_tiarmclang_3.2.2.LTS\lib\armv7em-ti-none-eabihf\c\</path>
         <kind>archive</kind>
         <file>libc.a</file>
         <name>k_cos.c.obj</name>
      </input_file>
      <input_file id="fl-69">
         <path>C:\ti\ti_cgt_tiarmclang_3.2.2.LTS\lib\armv7em-ti-none-eabihf\c\</path>
         <kind>archive</kind>
         <file>libc.a</file>
         <name>k_sin.c.obj</name>
      </input_file>
      <input_file id="fl-6a">
         <path>C:\ti\ti_cgt_tiarmclang_3.2.2.LTS\lib\armv7em-ti-none-eabihf\c\</path>
         <kind>archive</kind>
         <file>libc.a</file>
         <name>s_floor.c.obj</name>
      </input_file>
      <input_file id="fl-6b">
         <path>C:\ti\ti_cgt_tiarmclang_3.2.2.LTS\lib\armv7em-ti-none-eabihf\c\</path>
         <kind>archive</kind>
         <file>libc.a</file>
         <name>s_scalbn.c.obj</name>
      </input_file>
      <input_file id="fl-6c">
         <path>C:\ti\ti_cgt_tiarmclang_3.2.2.LTS\lib\armv7em-ti-none-eabihf\c\</path>
         <kind>archive</kind>
         <file>libc.a</file>
         <name>aeabi_portable.c.obj</name>
      </input_file>
      <input_file id="fl-6d">
         <path>C:\ti\ti_cgt_tiarmclang_3.2.2.LTS\lib\armv7em-ti-none-eabihf\c\</path>
         <kind>archive</kind>
         <file>libc.a</file>
         <name>assert.c.obj</name>
      </input_file>
      <input_file id="fl-6e">
         <path>C:\ti\ti_cgt_tiarmclang_3.2.2.LTS\lib\armv7em-ti-none-eabihf\c\</path>
         <kind>archive</kind>
         <file>libc.a</file>
         <name>sprintf.c.obj</name>
      </input_file>
      <input_file id="fl-6f">
         <path>C:\ti\ti_cgt_tiarmclang_3.2.2.LTS\lib\armv7em-ti-none-eabihf\c\</path>
         <kind>archive</kind>
         <file>libc.a</file>
         <name>fclose.c.obj</name>
      </input_file>
      <input_file id="fl-70">
         <path>C:\ti\ti_cgt_tiarmclang_3.2.2.LTS\lib\armv7em-ti-none-eabihf\c\</path>
         <kind>archive</kind>
         <file>libc.a</file>
         <name>fputs.c.obj</name>
      </input_file>
      <input_file id="fl-71">
         <path>C:\ti\ti_cgt_tiarmclang_3.2.2.LTS\lib\armv7em-ti-none-eabihf\c\</path>
         <kind>archive</kind>
         <file>libc.a</file>
         <name>_printfi.c.obj</name>
      </input_file>
      <input_file id="fl-72">
         <path>C:\ti\ti_cgt_tiarmclang_3.2.2.LTS\lib\armv7em-ti-none-eabihf\c\</path>
         <kind>archive</kind>
         <file>libc.a</file>
         <name>s_frexp.c.obj</name>
      </input_file>
      <input_file id="fl-73">
         <path>C:\ti\ti_cgt_tiarmclang_3.2.2.LTS\lib\armv7em-ti-none-eabihf\c\</path>
         <kind>archive</kind>
         <file>libc.a</file>
         <name>_ltoa.c.obj</name>
      </input_file>
      <input_file id="fl-74">
         <path>C:\ti\ti_cgt_tiarmclang_3.2.2.LTS\lib\armv7em-ti-none-eabihf\c\</path>
         <kind>archive</kind>
         <file>libc.a</file>
         <name>atoi.c.obj</name>
      </input_file>
      <input_file id="fl-75">
         <path>C:\ti\ti_cgt_tiarmclang_3.2.2.LTS\lib\armv7em-ti-none-eabihf\c\</path>
         <kind>archive</kind>
         <file>libc.a</file>
         <name>memccpy.c.obj</name>
      </input_file>
      <input_file id="fl-76">
         <path>C:\ti\ti_cgt_tiarmclang_3.2.2.LTS\lib\armv7em-ti-none-eabihf\c\</path>
         <kind>archive</kind>
         <file>libc.a</file>
         <name>wcslen.c.obj</name>
      </input_file>
      <input_file id="fl-77">
         <path>C:\ti\ti_cgt_tiarmclang_3.2.2.LTS\lib\armv7em-ti-none-eabihf\c\</path>
         <kind>archive</kind>
         <file>libc.a</file>
         <name>aeabi_ctype.S.obj</name>
      </input_file>
      <input_file id="fl-78">
         <path>C:\ti\MMWAVE_L_SDK_05_05_02_00\firmware\mmwave_dfp\mmwavelink\lib\xWRLx432\</path>
         <kind>archive</kind>
         <file>mmwavelink_m4.lib</file>
         <name>rl_device.o</name>
      </input_file>
      <input_file id="fl-79">
         <path>C:\ti\MMWAVE_L_SDK_05_05_02_00\firmware\mmwave_dfp\mmwavelink\lib\xWRLx432\</path>
         <kind>archive</kind>
         <file>mmwavelink_m4.lib</file>
         <name>rl_monitor.o</name>
      </input_file>
      <input_file id="fl-7a">
         <path>C:\ti\MMWAVE_L_SDK_05_05_02_00\firmware\mmwave_dfp\mmwavelink\lib\xWRLx432\</path>
         <kind>archive</kind>
         <file>mmwavelink_m4.lib</file>
         <name>rl_sensor.o</name>
      </input_file>
      <input_file id="fl-7b">
         <path>C:\ti\MMWAVE_L_SDK_05_05_02_00\firmware\mmwave_dfp\fecsslib\lib\xWRLx432\</path>
         <kind>archive</kind>
         <file>fecss_rom_m4.lib</file>
         <name>rom_lib_fe_symbols.o</name>
      </input_file>
      <input_file id="fl-7c">
         <path>C:\ti\MMWAVE_L_SDK_05_05_02_00\firmware\mmwave_dfp\fecsslib\lib\xWRLx432\</path>
         <kind>archive</kind>
         <file>fecss_rom_m4.lib</file>
         <name>rom_lib_rfs_symbols.o</name>
      </input_file>
      <input_file id="fl-7d">
         <path>C:\ti\MMWAVE_L_SDK_05_05_02_00\firmware\mmwave_dfp\fecsslib\lib\xWRLx432\</path>
         <kind>archive</kind>
         <file>fecss_patch_m4.lib</file>
         <name>pfe_device.o</name>
      </input_file>
      <input_file id="fl-e3">
         <path>C:\ti\ti_cgt_tiarmclang_3.2.2.LTS\lib\armv7em-ti-none-eabihf\c\</path>
         <kind>archive</kind>
         <file>libsysbm.a</file>
         <name>write.c.obj</name>
      </input_file>
      <input_file id="fl-e4">
         <path>C:\ti\ti_cgt_tiarmclang_3.2.2.LTS\lib\armv7em-ti-none-eabihf\c\</path>
         <kind>archive</kind>
         <file>libsysbm.a</file>
         <name>host_device.c.obj</name>
      </input_file>
      <input_file id="fl-e5">
         <path>C:\ti\ti_cgt_tiarmclang_3.2.2.LTS\lib\armv7em-ti-none-eabihf\c\</path>
         <kind>archive</kind>
         <file>libsysbm.a</file>
         <name>remove.c.obj</name>
      </input_file>
      <input_file id="fl-e6">
         <path>C:\ti\ti_cgt_tiarmclang_3.2.2.LTS\lib\armv7em-ti-none-eabihf\c\</path>
         <kind>archive</kind>
         <file>libsysbm.a</file>
         <name>open.c.obj</name>
      </input_file>
      <input_file id="fl-e7">
         <path>C:\ti\ti_cgt_tiarmclang_3.2.2.LTS\lib\armv7em-ti-none-eabihf\c\</path>
         <kind>archive</kind>
         <file>libsysbm.a</file>
         <name>lseek.c.obj</name>
      </input_file>
      <input_file id="fl-e8">
         <path>C:\ti\ti_cgt_tiarmclang_3.2.2.LTS\lib\armv7em-ti-none-eabihf\c\</path>
         <kind>archive</kind>
         <file>libsysbm.a</file>
         <name>close.c.obj</name>
      </input_file>
      <input_file id="fl-e9">
         <path>C:\ti\ti_cgt_tiarmclang_3.2.2.LTS\lib\armv7em-ti-none-eabihf\c\</path>
         <kind>archive</kind>
         <file>libsysbm.a</file>
         <name>unlink.c.obj</name>
      </input_file>
      <input_file id="fl-ea">
         <path>C:\ti\ti_cgt_tiarmclang_3.2.2.LTS\lib\armv7em-ti-none-eabihf\c\</path>
         <kind>archive</kind>
         <file>libsysbm.a</file>
         <name>hostclose.c.obj</name>
      </input_file>
      <input_file id="fl-eb">
         <path>C:\ti\ti_cgt_tiarmclang_3.2.2.LTS\lib\armv7em-ti-none-eabihf\c\</path>
         <kind>archive</kind>
         <file>libsysbm.a</file>
         <name>hostlseek.c.obj</name>
      </input_file>
      <input_file id="fl-ec">
         <path>C:\ti\ti_cgt_tiarmclang_3.2.2.LTS\lib\armv7em-ti-none-eabihf\c\</path>
         <kind>archive</kind>
         <file>libsysbm.a</file>
         <name>hostopen.c.obj</name>
      </input_file>
      <input_file id="fl-ed">
         <path>C:\ti\ti_cgt_tiarmclang_3.2.2.LTS\lib\armv7em-ti-none-eabihf\c\</path>
         <kind>archive</kind>
         <file>libsysbm.a</file>
         <name>hostread.c.obj</name>
      </input_file>
      <input_file id="fl-ee">
         <path>C:\ti\ti_cgt_tiarmclang_3.2.2.LTS\lib\armv7em-ti-none-eabihf\c\</path>
         <kind>archive</kind>
         <file>libsysbm.a</file>
         <name>hostrename.c.obj</name>
      </input_file>
      <input_file id="fl-ef">
         <path>C:\ti\ti_cgt_tiarmclang_3.2.2.LTS\lib\armv7em-ti-none-eabihf\c\</path>
         <kind>archive</kind>
         <file>libsysbm.a</file>
         <name>hostunlink.c.obj</name>
      </input_file>
      <input_file id="fl-f0">
         <path>C:\ti\ti_cgt_tiarmclang_3.2.2.LTS\lib\armv7em-ti-none-eabihf\c\</path>
         <kind>archive</kind>
         <file>libsysbm.a</file>
         <name>hostwrite.c.obj</name>
      </input_file>
      <input_file id="fl-f1">
         <path>C:\ti\ti_cgt_tiarmclang_3.2.2.LTS\lib\armv7em-ti-none-eabihf\c\</path>
         <kind>archive</kind>
         <file>libsysbm.a</file>
         <name>trgmsg.c.obj</name>
      </input_file>
      <input_file id="fl-f2">
         <path>C:\ti\ti_cgt_tiarmclang_3.2.2.LTS\lib\clang\15.0.7\lib\armv7em-ti-none-eabihf\</path>
         <kind>archive</kind>
         <file>libclang_rt.builtins.a</file>
         <name>adddf3.S.obj</name>
      </input_file>
      <input_file id="fl-f3">
         <path>C:\ti\ti_cgt_tiarmclang_3.2.2.LTS\lib\clang\15.0.7\lib\armv7em-ti-none-eabihf\</path>
         <kind>archive</kind>
         <file>libclang_rt.builtins.a</file>
         <name>muldf3.S.obj</name>
      </input_file>
      <input_file id="fl-f4">
         <path>C:\ti\ti_cgt_tiarmclang_3.2.2.LTS\lib\clang\15.0.7\lib\armv7em-ti-none-eabihf\</path>
         <kind>archive</kind>
         <file>libclang_rt.builtins.a</file>
         <name>divdf3.S.obj</name>
      </input_file>
      <input_file id="fl-f5">
         <path>C:\ti\ti_cgt_tiarmclang_3.2.2.LTS\lib\clang\15.0.7\lib\armv7em-ti-none-eabihf\</path>
         <kind>archive</kind>
         <file>libclang_rt.builtins.a</file>
         <name>extendsfdf2.S.obj</name>
      </input_file>
      <input_file id="fl-f6">
         <path>C:\ti\ti_cgt_tiarmclang_3.2.2.LTS\lib\clang\15.0.7\lib\armv7em-ti-none-eabihf\</path>
         <kind>archive</kind>
         <file>libclang_rt.builtins.a</file>
         <name>fixdfsi.S.obj</name>
      </input_file>
      <input_file id="fl-f7">
         <path>C:\ti\ti_cgt_tiarmclang_3.2.2.LTS\lib\clang\15.0.7\lib\armv7em-ti-none-eabihf\</path>
         <kind>archive</kind>
         <file>libclang_rt.builtins.a</file>
         <name>fixunsdfsi.S.obj</name>
      </input_file>
      <input_file id="fl-f8">
         <path>C:\ti\ti_cgt_tiarmclang_3.2.2.LTS\lib\clang\15.0.7\lib\armv7em-ti-none-eabihf\</path>
         <kind>archive</kind>
         <file>libclang_rt.builtins.a</file>
         <name>floatsidf.S.obj</name>
      </input_file>
      <input_file id="fl-f9">
         <path>C:\ti\ti_cgt_tiarmclang_3.2.2.LTS\lib\clang\15.0.7\lib\armv7em-ti-none-eabihf\</path>
         <kind>archive</kind>
         <file>libclang_rt.builtins.a</file>
         <name>floatunsidf.S.obj</name>
      </input_file>
      <input_file id="fl-fa">
         <path>C:\ti\ti_cgt_tiarmclang_3.2.2.LTS\lib\clang\15.0.7\lib\armv7em-ti-none-eabihf\</path>
         <kind>archive</kind>
         <file>libclang_rt.builtins.a</file>
         <name>truncdfsf2.S.obj</name>
      </input_file>
      <input_file id="fl-fb">
         <path>C:\ti\ti_cgt_tiarmclang_3.2.2.LTS\lib\clang\15.0.7\lib\armv7em-ti-none-eabihf\</path>
         <kind>archive</kind>
         <file>libclang_rt.builtins.a</file>
         <name>comparedf2.c.obj</name>
      </input_file>
      <input_file id="fl-fc">
         <path>C:\ti\ti_cgt_tiarmclang_3.2.2.LTS\lib\clang\15.0.7\lib\armv7em-ti-none-eabihf\</path>
         <kind>archive</kind>
         <file>libclang_rt.builtins.a</file>
         <name>aeabi_dcmp.S.obj</name>
      </input_file>
      <input_file id="fl-fd">
         <path>C:\ti\ti_cgt_tiarmclang_3.2.2.LTS\lib\clang\15.0.7\lib\armv7em-ti-none-eabihf\</path>
         <kind>archive</kind>
         <file>libclang_rt.builtins.a</file>
         <name>aeabi_memcpy.S.obj</name>
      </input_file>
      <input_file id="fl-fe">
         <path>C:\ti\ti_cgt_tiarmclang_3.2.2.LTS\lib\clang\15.0.7\lib\armv7em-ti-none-eabihf\</path>
         <kind>archive</kind>
         <file>libclang_rt.builtins.a</file>
         <name>aeabi_memset.S.obj</name>
      </input_file>
      <input_file id="fl-ff">
         <path>C:\ti\ti_cgt_tiarmclang_3.2.2.LTS\lib\clang\15.0.7\lib\armv7em-ti-none-eabihf\</path>
         <kind>archive</kind>
         <file>libclang_rt.builtins.a</file>
         <name>aeabi_uldivmod.S.obj</name>
      </input_file>
      <input_file id="fl-100">
         <path>C:\ti\ti_cgt_tiarmclang_3.2.2.LTS\lib\clang\15.0.7\lib\armv7em-ti-none-eabihf\</path>
         <kind>archive</kind>
         <file>libclang_rt.builtins.a</file>
         <name>udivmoddi4.S.obj</name>
      </input_file>
      <input_file id="fl-101">
         <path>C:\ti\ti_cgt_tiarmclang_3.2.2.LTS\lib\clang\15.0.7\lib\armv7em-ti-none-eabihf\</path>
         <kind>archive</kind>
         <file>libclang_rt.builtins.a</file>
         <name>aeabi_div0.c.obj</name>
      </input_file>
      <input_file id="fl-102">
         <path>C:\ti\ti_cgt_tiarmclang_3.2.2.LTS\lib\armv7em-ti-none-eabihf\c\</path>
         <kind>archive</kind>
         <file>libc.a</file>
         <name>getdevice.c.obj</name>
      </input_file>
      <input_file id="fl-103">
         <path>C:\ti\ti_cgt_tiarmclang_3.2.2.LTS\lib\armv7em-ti-none-eabihf\c\</path>
         <kind>archive</kind>
         <file>libc.a</file>
         <name>strcmp_t2.S.obj</name>
      </input_file>
      <input_file id="fl-104">
         <path>C:\ti\ti_cgt_tiarmclang_3.2.2.LTS\lib\armv7em-ti-none-eabihf\c\</path>
         <kind>archive</kind>
         <file>libc.a</file>
         <name>memcpy_t2.S.obj</name>
      </input_file>
      <input_file id="fl-105">
         <path>C:\ti\ti_cgt_tiarmclang_3.2.2.LTS\lib\armv7em-ti-none-eabihf\c\</path>
         <kind>archive</kind>
         <file>libc.a</file>
         <name>memset_t2.S.obj</name>
      </input_file>
      <input_file id="fl-106">
         <path>C:\ti\MMWAVE_L_SDK_05_05_02_00\source\kernel\freertos\lib\</path>
         <kind>archive</kind>
         <file>freertos.xwrL64xx.m4f.ti-arm-clang.debug.lib</file>
         <name>AddrTranslateP.obj</name>
      </input_file>
      <input_file id="fl-107">
         <path>C:\ti\MMWAVE_L_SDK_05_05_02_00\source\kernel\freertos\lib\</path>
         <kind>archive</kind>
         <file>freertos.xwrL64xx.m4f.ti-arm-clang.debug.lib</file>
         <name>HeapP_freertos.obj</name>
      </input_file>
      <input_file id="fl-108">
         <path>C:\ti\MMWAVE_L_SDK_05_05_02_00\source\kernel\freertos\lib\</path>
         <kind>archive</kind>
         <file>freertos.xwrL64xx.m4f.ti-arm-clang.debug.lib</file>
         <name>TaskP_freertos.obj</name>
      </input_file>
      <input_file id="fl-109">
         <path>C:\ti\MMWAVE_L_SDK_05_05_02_00\source\kernel\freertos\lib\</path>
         <kind>archive</kind>
         <file>freertos.xwrL64xx.m4f.ti-arm-clang.debug.lib</file>
         <name>HeapP_internal.obj</name>
      </input_file>
      <input_file id="fl-10a">
         <path>C:\ti\MMWAVE_L_SDK_05_05_02_00\firmware\mmwave_dfp\fecsslib\lib\xWRLx432\</path>
         <kind>archive</kind>
         <file>fecss_rom_m4.lib</file>
         <name>rom_lib_sens_symbols.o</name>
      </input_file>
   </input_file_list>
   <object_component_list>
      <object_component id="oc-f">
         <name>.vectors</name>
         <load_address>0x400000</load_address>
         <readwrite>true</readwrite>
         <run_address>0x400000</run_address>
         <size>0x140</size>
         <alignment>0x20</alignment>
         <input_file_ref idref="fl-26"/>
      </object_component>
      <object_component id="oc-2dc">
         <name>.bss.gUartObjects</name>
         <uninitialized>true</uninitialized>
         <readwrite>true</readwrite>
         <run_address>0x405b20</run_address>
         <size>0x21c</size>
         <alignment>0x4</alignment>
         <input_file_ref idref="fl-2"/>
      </object_component>
      <object_component id="oc-235">
         <name>.bss.gEdmaObjects</name>
         <uninitialized>true</uninitialized>
         <readwrite>true</readwrite>
         <run_address>0x4069c8</run_address>
         <size>0x58</size>
         <alignment>0x4</alignment>
         <input_file_ref idref="fl-2"/>
      </object_component>
      <object_component id="oc-257">
         <name>.bss.gDebugLogLockObj</name>
         <uninitialized>true</uninitialized>
         <readwrite>true</readwrite>
         <run_address>0x406848</run_address>
         <size>0x60</size>
         <alignment>0x4</alignment>
         <input_file_ref idref="fl-27"/>
      </object_component>
      <object_component id="oc-a6">
         <name>.bss.pxReadyTasksLists</name>
         <uninitialized>true</uninitialized>
         <readwrite>true</readwrite>
         <run_address>0x405ea4</run_address>
         <size>0x140</size>
         <alignment>0x4</alignment>
         <input_file_ref idref="fl-28"/>
      </object_component>
      <object_component id="oc-1c7">
         <name>.bss.xTasksWaitingTermination</name>
         <uninitialized>true</uninitialized>
         <readwrite>true</readwrite>
         <run_address>0x406be8</run_address>
         <size>0x14</size>
         <alignment>0x4</alignment>
         <input_file_ref idref="fl-28"/>
      </object_component>
      <object_component id="oc-298">
         <name>.bss.xSuspendedTaskList</name>
         <uninitialized>true</uninitialized>
         <readwrite>true</readwrite>
         <run_address>0x406bd4</run_address>
         <size>0x14</size>
         <alignment>0x4</alignment>
         <input_file_ref idref="fl-28"/>
      </object_component>
      <object_component id="oc-297">
         <name>.bss.xPendingReadyList</name>
         <uninitialized>true</uninitialized>
         <readwrite>true</readwrite>
         <run_address>0x406bc0</run_address>
         <size>0x14</size>
         <alignment>0x4</alignment>
         <input_file_ref idref="fl-28"/>
      </object_component>
      <object_component id="oc-293">
         <name>.bss.pxDelayedTaskList</name>
         <uninitialized>true</uninitialized>
         <readwrite>true</readwrite>
         <run_address>0x406c04</run_address>
         <size>0x4</size>
         <alignment>0x4</alignment>
         <input_file_ref idref="fl-28"/>
      </object_component>
      <object_component id="oc-299">
         <name>.bss.pxOverflowDelayedTaskList</name>
         <uninitialized>true</uninitialized>
         <readwrite>true</readwrite>
         <run_address>0x406c10</run_address>
         <size>0x4</size>
         <alignment>0x4</alignment>
         <input_file_ref idref="fl-28"/>
      </object_component>
      <object_component id="oc-295">
         <name>.bss.xDelayedTaskList1</name>
         <uninitialized>true</uninitialized>
         <readwrite>true</readwrite>
         <run_address>0x406b98</run_address>
         <size>0x14</size>
         <alignment>0x4</alignment>
         <input_file_ref idref="fl-28"/>
      </object_component>
      <object_component id="oc-296">
         <name>.bss.xDelayedTaskList2</name>
         <uninitialized>true</uninitialized>
         <readwrite>true</readwrite>
         <run_address>0x406bac</run_address>
         <size>0x14</size>
         <alignment>0x4</alignment>
         <input_file_ref idref="fl-28"/>
      </object_component>
      <object_component id="oc-2a6">
         <name>.bss.pxCurrentTimerList</name>
         <uninitialized>true</uninitialized>
         <readwrite>true</readwrite>
         <run_address>0x4067d4</run_address>
         <size>0x4</size>
         <alignment>0x4</alignment>
         <input_file_ref idref="fl-29"/>
      </object_component>
      <object_component id="oc-2a7">
         <name>.bss.pxOverflowTimerList</name>
         <uninitialized>true</uninitialized>
         <readwrite>true</readwrite>
         <run_address>0x406c14</run_address>
         <size>0x4</size>
         <alignment>0x4</alignment>
         <input_file_ref idref="fl-29"/>
      </object_component>
      <object_component id="oc-2a4">
         <name>.bss.xActiveTimerList1</name>
         <uninitialized>true</uninitialized>
         <readwrite>true</readwrite>
         <run_address>0x406b70</run_address>
         <size>0x14</size>
         <alignment>0x4</alignment>
         <input_file_ref idref="fl-29"/>
      </object_component>
      <object_component id="oc-2a5">
         <name>.bss.xActiveTimerList2</name>
         <uninitialized>true</uninitialized>
         <readwrite>true</readwrite>
         <run_address>0x406b84</run_address>
         <size>0x14</size>
         <alignment>0x4</alignment>
         <input_file_ref idref="fl-29"/>
      </object_component>
      <object_component id="oc-2a9">
         <name>.bss.prvCheckForValidListAndQueue.xStaticTimerQueue</name>
         <uninitialized>true</uninitialized>
         <readwrite>true</readwrite>
         <run_address>0x406a20</run_address>
         <size>0x48</size>
         <alignment>0x4</alignment>
         <input_file_ref idref="fl-29"/>
      </object_component>
      <object_component id="oc-2a8">
         <name>.bss.prvCheckForValidListAndQueue.ucStaticTimerQueueStorage</name>
         <uninitialized>true</uninitialized>
         <readwrite>true</readwrite>
         <run_address>0x40622c</run_address>
         <size>0x100</size>
         <alignment>0x1</alignment>
         <input_file_ref idref="fl-29"/>
      </object_component>
      <object_component id="oc-1d1">
         <name>.bss.xIdleTaskTCB</name>
         <uninitialized>true</uninitialized>
         <readwrite>true</readwrite>
         <run_address>0x406660</run_address>
         <size>0x7c</size>
         <alignment>0x4</alignment>
         <input_file_ref idref="fl-2d"/>
      </object_component>
      <object_component id="oc-1d2">
         <name>.bss.uxIdleTaskStack</name>
         <uninitialized>true</uninitialized>
         <readwrite>true</readwrite>
         <run_address>0x404200</run_address>
         <size>0x1000</size>
         <alignment>0x4</alignment>
         <input_file_ref idref="fl-2d"/>
      </object_component>
      <object_component id="oc-2b1">
         <name>.bss.xTimerTaskTCB</name>
         <uninitialized>true</uninitialized>
         <readwrite>true</readwrite>
         <run_address>0x4066dc</run_address>
         <size>0x7c</size>
         <alignment>0x4</alignment>
         <input_file_ref idref="fl-2d"/>
      </object_component>
      <object_component id="oc-2b2">
         <name>.bss.uxTimerTaskStack</name>
         <uninitialized>true</uninitialized>
         <readwrite>true</readwrite>
         <run_address>0x405200</run_address>
         <size>0x400</size>
         <alignment>0x4</alignment>
         <input_file_ref idref="fl-2d"/>
      </object_component>
      <object_component id="oc-324">
         <name>.bss.gRangeProcHeapMem</name>
         <uninitialized>true</uninitialized>
         <readwrite>true</readwrite>
         <run_address>0x405d40</run_address>
         <size>0x164</size>
         <alignment>0x40</alignment>
         <input_file_ref idref="fl-33"/>
      </object_component>
      <object_component id="oc-315">
         <name>.bss.MMWave_openLink.clpcTxcodes</name>
         <uninitialized>true</uninitialized>
         <readwrite>true</readwrite>
         <run_address>0x405d3c</run_address>
         <size>0x4</size>
         <alignment>0x2</alignment>
         <input_file_ref idref="fl-44"/>
      </object_component>
      <object_component id="oc-316">
         <name>.bss.MMWave_openLink.clpcCalTemp</name>
         <uninitialized>true</uninitialized>
         <readwrite>true</readwrite>
         <run_address>0x406c34</run_address>
         <size>0x1</size>
         <alignment>0x1</alignment>
         <input_file_ref idref="fl-44"/>
      </object_component>
      <object_component id="oc-525">
         <name>.bss.__TI_tmpnams</name>
         <uninitialized>true</uninitialized>
         <readwrite>true</readwrite>
         <run_address>0x40652c</run_address>
         <size>0xa0</size>
         <alignment>0x1</alignment>
         <input_file_ref idref="fl-61"/>
      </object_component>
      <object_component id="oc-440">
         <name>.bss.sys_free</name>
         <uninitialized>true</uninitialized>
         <readwrite>true</readwrite>
         <run_address>0x406c18</run_address>
         <size>0x4</size>
         <alignment>0x4</alignment>
         <input_file_ref idref="fl-62"/>
      </object_component>
      <object_component id="oc-3e2">
         <name>.bss.z_FeDriverData</name>
         <uninitialized>true</uninitialized>
         <readwrite>true</readwrite>
         <run_address>0x4065cc</run_address>
         <size>0x94</size>
         <alignment>0x4</alignment>
         <input_file_ref idref="fl-78"/>
      </object_component>
      <object_component id="oc-52f">
         <name>.bss.parmbuf</name>
         <uninitialized>true</uninitialized>
         <readwrite>true</readwrite>
         <run_address>0x406bfc</run_address>
         <size>0x8</size>
         <alignment>0x1</alignment>
         <input_file_ref idref="fl-ec"/>
      </object_component>
      <object_component id="oc-54f">
         <name>.bss:_CIOBUF_</name>
         <uninitialized>true</uninitialized>
         <readwrite>true</readwrite>
         <run_address>0x40610c</run_address>
         <size>0x120</size>
         <alignment>0x4</alignment>
         <input_file_ref idref="fl-f1"/>
      </object_component>
      <object_component id="oc-26f">
         <name>.common:gHwaObject</name>
         <uninitialized>true</uninitialized>
         <readwrite>true</readwrite>
         <run_address>0x4067d8</run_address>
         <size>0x70</size>
         <alignment>0x8</alignment>
      </object_component>
      <object_component id="oc-27e">
         <name>.common:gEdmaHandle</name>
         <uninitialized>true</uninitialized>
         <readwrite>true</readwrite>
         <run_address>0x406c20</run_address>
         <size>0x4</size>
         <alignment>0x4</alignment>
      </object_component>
      <object_component id="oc-31b">
         <name>.common:gUartHandle</name>
         <uninitialized>true</uninitialized>
         <readwrite>true</readwrite>
         <run_address>0x406c28</run_address>
         <size>0x4</size>
         <alignment>0x4</alignment>
      </object_component>
      <object_component id="oc-e8">
         <name>.common:gMainTaskObj</name>
         <uninitialized>true</uninitialized>
         <readwrite>true</readwrite>
         <run_address>0x406758</run_address>
         <size>0x7c</size>
         <alignment>0x4</alignment>
      </object_component>
      <object_component id="oc-e9">
         <name>.common:gMainTaskStack</name>
         <uninitialized>true</uninitialized>
         <readwrite>true</readwrite>
         <run_address>0x400200</run_address>
         <size>0x4000</size>
         <alignment>0x20</alignment>
      </object_component>
      <object_component id="oc-ed">
         <name>.common:gMainTask</name>
         <uninitialized>true</uninitialized>
         <readwrite>true</readwrite>
         <run_address>0x406c24</run_address>
         <size>0x4</size>
         <alignment>0x4</alignment>
      </object_component>
      <object_component id="oc-191">
         <name>.common:ctrlHandle</name>
         <uninitialized>true</uninitialized>
         <readwrite>true</readwrite>
         <run_address>0x406c1c</run_address>
         <size>0x4</size>
         <alignment>0x4</alignment>
      </object_component>
      <object_component id="oc-19b">
         <name>.common:mmwOpenCfg</name>
         <uninitialized>true</uninitialized>
         <readwrite>true</readwrite>
         <run_address>0x406968</run_address>
         <size>0x60</size>
         <alignment>0x4</alignment>
      </object_component>
      <object_component id="oc-1a9">
         <name>.common:hwaHandle</name>
         <uninitialized>true</uninitialized>
         <readwrite>true</readwrite>
         <run_address>0x406c2c</run_address>
         <size>0x4</size>
         <alignment>0x4</alignment>
      </object_component>
      <object_component id="oc-1b3">
         <name>.common:rangeProcHWADpuHandle</name>
         <uninitialized>true</uninitialized>
         <readwrite>true</readwrite>
         <run_address>0x406c30</run_address>
         <size>0x4</size>
         <alignment>0x4</alignment>
      </object_component>
      <object_component id="oc-284">
         <name>.common:gHwiFrameStartHwiObject</name>
         <uninitialized>true</uninitialized>
         <readwrite>true</readwrite>
         <run_address>0x406b50</run_address>
         <size>0x20</size>
         <alignment>0x4</alignment>
      </object_component>
      <object_component id="oc-27c">
         <name>.common:rangeProcDpuCfg</name>
         <uninitialized>true</uninitialized>
         <readwrite>true</readwrite>
         <run_address>0x405fe4</run_address>
         <size>0x128</size>
         <alignment>0x4</alignment>
      </object_component>
      <object_component id="oc-27d">
         <name>.common:intrObj_Rangeproc</name>
         <uninitialized>true</uninitialized>
         <readwrite>true</readwrite>
         <run_address>0x406b28</run_address>
         <size>0x28</size>
         <alignment>0x4</alignment>
      </object_component>
      <object_component id="oc-334">
         <name>.common:demoStartTime</name>
         <uninitialized>true</uninitialized>
         <readwrite>true</readwrite>
         <run_address>0x406c08</run_address>
         <size>0x8</size>
         <alignment>0x8</alignment>
      </object_component>
      <object_component id="oc-c2">
         <name>.common:gHwiCtrl</name>
         <uninitialized>true</uninitialized>
         <readwrite>true</readwrite>
         <run_address>0x4058a0</run_address>
         <size>0x280</size>
         <alignment>0x4</alignment>
      </object_component>
      <object_component id="oc-1fd">
         <name>.common:gClockCtrl</name>
         <uninitialized>true</uninitialized>
         <readwrite>true</readwrite>
         <run_address>0x406af0</run_address>
         <size>0x38</size>
         <alignment>0x8</alignment>
      </object_component>
      <object_component id="oc-346">
         <name>.common:xQueueRegistry</name>
         <uninitialized>true</uninitialized>
         <readwrite>true</readwrite>
         <run_address>0x40642c</run_address>
         <size>0x100</size>
         <alignment>0x4</alignment>
      </object_component>
      <object_component id="oc-16">
         <name>.common:gRovDummyQueue</name>
         <uninitialized>true</uninitialized>
         <readwrite>true</readwrite>
         <run_address>0x406a68</run_address>
         <size>0x48</size>
         <alignment>0x4</alignment>
      </object_component>
      <object_component id="oc-272">
         <name>.common:HwaParamsetIntr</name>
         <uninitialized>true</uninitialized>
         <readwrite>true</readwrite>
         <run_address>0x40632c</run_address>
         <size>0x100</size>
         <alignment>0x4</alignment>
      </object_component>
      <object_component id="oc-248">
         <name>.common:gMMWave_MCB</name>
         <uninitialized>true</uninitialized>
         <readwrite>true</readwrite>
         <run_address>0x405600</run_address>
         <size>0x2a0</size>
         <alignment>0x4</alignment>
      </object_component>
      <object_component id="oc-37c">
         <name>.common:AppDebugData</name>
         <uninitialized>true</uninitialized>
         <readwrite>true</readwrite>
         <run_address>0x406ab0</run_address>
         <size>0x40</size>
         <alignment>0x4</alignment>
      </object_component>
      <object_component id="oc-3db">
         <name>.common:gMmwOsalMutex</name>
         <uninitialized>true</uninitialized>
         <readwrite>true</readwrite>
         <run_address>0x4068a8</run_address>
         <size>0x60</size>
         <alignment>0x4</alignment>
      </object_component>
      <object_component id="oc-3de">
         <name>.common:gMmwOsalSem</name>
         <uninitialized>true</uninitialized>
         <readwrite>true</readwrite>
         <run_address>0x406908</run_address>
         <size>0x60</size>
         <alignment>0x4</alignment>
      </object_component>
      <object_component id="oc-2fa">
         <name>.text._vsnprintf</name>
         <load_address>0x406c40</load_address>
         <readonly>true</readonly>
         <executable>true</executable>
         <run_address>0x406c40</run_address>
         <size>0xa30</size>
         <alignment>0x4</alignment>
         <input_file_ref idref="fl-2e"/>
      </object_component>
      <object_component id="oc-3bd">
         <name>.text.HWA_configCommon</name>
         <load_address>0x407670</load_address>
         <readonly>true</readonly>
         <executable>true</executable>
         <run_address>0x407670</run_address>
         <size>0x8d6</size>
         <alignment>0x2</alignment>
         <input_file_ref idref="fl-37"/>
      </object_component>
      <object_component id="oc-1bc">
         <name>.text.Board_driversClose</name>
         <load_address>0x407f46</load_address>
         <readonly>true</readonly>
         <executable>true</executable>
         <run_address>0x407f46</run_address>
         <size>0x2</size>
         <alignment>0x2</alignment>
         <input_file_ref idref="fl-7"/>
      </object_component>
      <object_component id="oc-47e">
         <name>.text.HWA_configParamSet</name>
         <load_address>0x407f48</load_address>
         <readonly>true</readonly>
         <executable>true</executable>
         <run_address>0x407f48</run_address>
         <size>0x6ac</size>
         <alignment>0x4</alignment>
         <input_file_ref idref="fl-37"/>
      </object_component>
      <object_component id="oc-375">
         <name>.text.MMWave_TimeStamp</name>
         <load_address>0x4085f4</load_address>
         <readonly>true</readonly>
         <executable>true</executable>
         <run_address>0x4085f4</run_address>
         <size>0x4</size>
         <alignment>0x2</alignment>
         <input_file_ref idref="fl-44"/>
      </object_component>
      <object_component id="oc-391">
         <name>.text._etoa</name>
         <load_address>0x4085f8</load_address>
         <readonly>true</readonly>
         <executable>true</executable>
         <run_address>0x4085f8</run_address>
         <size>0x640</size>
         <alignment>0x8</alignment>
         <input_file_ref idref="fl-2e"/>
      </object_component>
      <object_component id="oc-434">
         <name>.text.rangeProcHWA_ConfigHWA</name>
         <load_address>0x408c38</load_address>
         <readonly>true</readonly>
         <executable>true</executable>
         <run_address>0x408c38</run_address>
         <size>0x5ae</size>
         <alignment>0x2</alignment>
         <input_file_ref idref="fl-33"/>
      </object_component>
      <object_component id="oc-e3">
         <name>.text.Board_init</name>
         <load_address>0x4091e6</load_address>
         <readonly>true</readonly>
         <executable>true</executable>
         <run_address>0x4091e6</run_address>
         <size>0x2</size>
         <alignment>0x2</alignment>
         <input_file_ref idref="fl-6"/>
      </object_component>
      <object_component id="oc-390">
         <name>.text._ftoa</name>
         <load_address>0x4091e8</load_address>
         <readonly>true</readonly>
         <executable>true</executable>
         <run_address>0x4091e8</run_address>
         <size>0x580</size>
         <alignment>0x8</alignment>
         <input_file_ref idref="fl-2e"/>
      </object_component>
      <object_component id="oc-435">
         <name>.text.rangeProcHWA_ConfigEDMA_DataOut</name>
         <load_address>0x409768</load_address>
         <readonly>true</readonly>
         <executable>true</executable>
         <run_address>0x409768</run_address>
         <size>0x506</size>
         <alignment>0x2</alignment>
         <input_file_ref idref="fl-33"/>
      </object_component>
      <object_component id="oc-11e">
         <name>.text.HWA_init</name>
         <load_address>0x409c6e</load_address>
         <readonly>true</readonly>
         <executable>true</executable>
         <run_address>0x409c6e</run_address>
         <size>0x2</size>
         <alignment>0x2</alignment>
         <input_file_ref idref="fl-37"/>
      </object_component>
      <object_component id="oc-2cd">
         <name>.text.SOC_rcmEnablePeripheralClock</name>
         <load_address>0x409c70</load_address>
         <readonly>true</readonly>
         <executable>true</executable>
         <run_address>0x409c70</run_address>
         <size>0x4f4</size>
         <alignment>0x4</alignment>
         <input_file_ref idref="fl-3c"/>
      </object_component>
      <object_component id="oc-101">
         <name>.text.hwi</name>
         <load_address>0x40a164</load_address>
         <readonly>true</readonly>
         <executable>true</executable>
         <run_address>0x40a164</run_address>
         <size>0x4ca</size>
         <alignment>0x2</alignment>
         <input_file_ref idref="fl-23"/>
      </object_component>
      <object_component id="oc-358">
         <name>.text.__aeabi_ldiv0</name>
         <load_address>0x40a62e</load_address>
         <readonly>true</readonly>
         <executable>true</executable>
         <run_address>0x40a62e</run_address>
         <size>0x2</size>
         <alignment>0x2</alignment>
         <input_file_ref idref="fl-101"/>
      </object_component>
      <object_component id="oc-266">
         <name>.text.MMWave_openLink</name>
         <load_address>0x40a630</load_address>
         <readonly>true</readonly>
         <executable>true</executable>
         <run_address>0x40a630</run_address>
         <size>0x418</size>
         <alignment>0x8</alignment>
         <input_file_ref idref="fl-44"/>
      </object_component>
      <object_component id="oc-482">
         <name>.text.DPEDMA_configSyncAB</name>
         <load_address>0x40aa48</load_address>
         <readonly>true</readonly>
         <executable>true</executable>
         <run_address>0x40aa48</run_address>
         <size>0x3ce</size>
         <alignment>0x2</alignment>
         <input_file_ref idref="fl-34"/>
      </object_component>
      <object_component id="oc-483">
         <name>.text.rangeProcHWA_ConfigEDMA_evtDecim</name>
         <load_address>0x40ae16</load_address>
         <readonly>true</readonly>
         <executable>true</executable>
         <run_address>0x40ae16</run_address>
         <size>0x3aa</size>
         <alignment>0x2</alignment>
         <input_file_ref idref="fl-33"/>
      </object_component>
      <object_component id="oc-4b7">
         <name>.text.HWA_validateParamSetConfig</name>
         <load_address>0x40b1c0</load_address>
         <readonly>true</readonly>
         <executable>true</executable>
         <run_address>0x40b1c0</run_address>
         <size>0x360</size>
         <alignment>0x2</alignment>
         <input_file_ref idref="fl-37"/>
      </object_component>
      <object_component id="oc-1a8">
         <name>.text.HWA_open</name>
         <load_address>0x40b520</load_address>
         <readonly>true</readonly>
         <executable>true</executable>
         <run_address>0x40b520</run_address>
         <size>0x35a</size>
         <alignment>0x2</alignment>
         <input_file_ref idref="fl-37"/>
      </object_component>
      <object_component id="oc-433">
         <name>.text.rangeProcHWA_ConfigEDMA_DataIn</name>
         <load_address>0x40b87a</load_address>
         <readonly>true</readonly>
         <executable>true</executable>
         <run_address>0x40b87a</run_address>
         <size>0x348</size>
         <alignment>0x2</alignment>
         <input_file_ref idref="fl-33"/>
      </object_component>
      <object_component id="oc-189">
         <name>.text.EDMAInitialize</name>
         <load_address>0x40bbc2</load_address>
         <readonly>true</readonly>
         <executable>true</executable>
         <run_address>0x40bbc2</run_address>
         <size>0x32c</size>
         <alignment>0x2</alignment>
         <input_file_ref idref="fl-36"/>
      </object_component>
      <object_component id="oc-1e9">
         <name>.text._nop</name>
         <load_address>0x40beee</load_address>
         <readonly>true</readonly>
         <executable>true</executable>
         <run_address>0x40beee</run_address>
         <size>0x2</size>
         <alignment>0x2</alignment>
         <input_file_ref idref="fl-60"/>
      </object_component>
      <object_component id="oc-21d">
         <name>.text.SOC_rcmGetClkSrcAndDivValue</name>
         <load_address>0x40bef0</load_address>
         <readonly>true</readonly>
         <executable>true</executable>
         <run_address>0x40bef0</run_address>
         <size>0x2f8</size>
         <alignment>0x4</alignment>
         <input_file_ref idref="fl-3c"/>
      </object_component>
      <object_component id="oc-429">
         <name>.text.EDMA_isInterruptEnabled</name>
         <load_address>0x40c1e8</load_address>
         <readonly>true</readonly>
         <executable>true</executable>
         <run_address>0x40c1e8</run_address>
         <size>0x18</size>
         <alignment>0x2</alignment>
         <input_file_ref idref="fl-36"/>
      </object_component>
      <object_component id="oc-55e">
         <name>.text:strcmp</name>
         <load_address>0x40c200</load_address>
         <readonly>true</readonly>
         <executable>true</executable>
         <run_address>0x40c200</run_address>
         <size>0x2dc</size>
         <alignment>0x20</alignment>
         <input_file_ref idref="fl-103"/>
      </object_component>
      <object_component id="oc-3af">
         <name>.text.UART_edmaChannelConfig</name>
         <load_address>0x40c4dc</load_address>
         <readonly>true</readonly>
         <executable>true</executable>
         <run_address>0x40c4dc</run_address>
         <size>0x2ce</size>
         <alignment>0x2</alignment>
         <input_file_ref idref="fl-3e"/>
      </object_component>
      <object_component id="oc-31d">
         <name>.text.UART_open</name>
         <load_address>0x40c7aa</load_address>
         <readonly>true</readonly>
         <executable>true</executable>
         <run_address>0x40c7aa</run_address>
         <size>0x29c</size>
         <alignment>0x2</alignment>
         <input_file_ref idref="fl-3d"/>
      </object_component>
      <object_component id="oc-1b0">
         <name>.text.RangeProc_config</name>
         <load_address>0x40ca46</load_address>
         <readonly>true</readonly>
         <executable>true</executable>
         <run_address>0x40ca46</run_address>
         <size>0x276</size>
         <alignment>0x2</alignment>
         <input_file_ref idref="fl-a"/>
      </object_component>
      <object_component id="oc-280">
         <name>.text.DPU_RangeProcHWA_config</name>
         <load_address>0x40ccbc</load_address>
         <readonly>true</readonly>
         <executable>true</executable>
         <run_address>0x40ccbc</run_address>
         <size>0x270</size>
         <alignment>0x2</alignment>
         <input_file_ref idref="fl-33"/>
      </object_component>
      <object_component id="oc-32b">
         <name>.text.rangeProcHWA_ParseConfig</name>
         <load_address>0x40cf2c</load_address>
         <readonly>true</readonly>
         <executable>true</executable>
         <run_address>0x40cf2c</run_address>
         <size>0x268</size>
         <alignment>0x2</alignment>
         <input_file_ref idref="fl-33"/>
      </object_component>
      <object_component id="oc-4a2">
         <name>.text.allocResource</name>
         <load_address>0x40d194</load_address>
         <readonly>true</readonly>
         <executable>true</executable>
         <run_address>0x40d194</run_address>
         <size>0x25a</size>
         <alignment>0x4</alignment>
         <input_file_ref idref="fl-36"/>
      </object_component>
      <object_component id="oc-c6">
         <name>.text.mpu</name>
         <load_address>0x40d3ee</load_address>
         <readonly>true</readonly>
         <executable>true</executable>
         <run_address>0x40d3ee</run_address>
         <size>0x23e</size>
         <alignment>0x2</alignment>
         <input_file_ref idref="fl-22"/>
      </object_component>
      <object_component id="oc-3ae">
         <name>.text.UART_controllerIsr</name>
         <load_address>0x40d62c</load_address>
         <readonly>true</readonly>
         <executable>true</executable>
         <run_address>0x40d62c</run_address>
         <size>0x23c</size>
         <alignment>0x2</alignment>
         <input_file_ref idref="fl-3d"/>
      </object_component>
      <object_component id="oc-3ef">
         <name>.text._ntoa_format</name>
         <load_address>0x40d868</load_address>
         <readonly>true</readonly>
         <executable>true</executable>
         <run_address>0x40d868</run_address>
         <size>0x23c</size>
         <alignment>0x2</alignment>
         <input_file_ref idref="fl-2e"/>
      </object_component>
      <object_component id="oc-3e4">
         <name>.text.MMWave_deviceGetVersion</name>
         <load_address>0x40daa4</load_address>
         <readonly>true</readonly>
         <executable>true</executable>
         <run_address>0x40daa4</run_address>
         <size>0x1f2</size>
         <alignment>0x2</alignment>
         <input_file_ref idref="fl-43"/>
      </object_component>
      <object_component id="oc-147">
         <name>.text.vPortConfigTimerForRunTimeStats</name>
         <load_address>0x40dc96</load_address>
         <readonly>true</readonly>
         <executable>true</executable>
         <run_address>0x40dc96</run_address>
         <size>0x2</size>
         <alignment>0x2</alignment>
         <input_file_ref idref="fl-2d"/>
      </object_component>
      <object_component id="oc-3f6">
         <name>.text.adddf3_subdf3</name>
         <load_address>0x40dc98</load_address>
         <readonly>true</readonly>
         <executable>true</executable>
         <run_address>0x40dc98</run_address>
         <size>0x1b6</size>
         <alignment>0x4</alignment>
         <input_file_ref idref="fl-f2"/>
      </object_component>
      <object_component id="oc-470">
         <name>.text.DPEDMA_configDummyChannel</name>
         <load_address>0x40de4e</load_address>
         <readonly>true</readonly>
         <executable>true</executable>
         <run_address>0x40de4e</run_address>
         <size>0x1ae</size>
         <alignment>0x2</alignment>
         <input_file_ref idref="fl-34"/>
      </object_component>
      <object_component id="oc-2f3">
         <name>.text.MMWave_initMMWaveLink</name>
         <load_address>0x40dffc</load_address>
         <readonly>true</readonly>
         <executable>true</executable>
         <run_address>0x40dffc</run_address>
         <size>0x1ae</size>
         <alignment>0x2</alignment>
         <input_file_ref idref="fl-44"/>
      </object_component>
      <object_component id="oc-4a0">
         <name>.text.UART_writeDma</name>
         <load_address>0x40e1aa</load_address>
         <readonly>true</readonly>
         <executable>true</executable>
         <run_address>0x40e1aa</run_address>
         <size>0x1aa</size>
         <alignment>0x2</alignment>
         <input_file_ref idref="fl-3e"/>
      </object_component>
      <object_component id="oc-469">
         <name>.text.EDMA_freeResource</name>
         <load_address>0x40e354</load_address>
         <readonly>true</readonly>
         <executable>true</executable>
         <run_address>0x40e354</run_address>
         <size>0x1a8</size>
         <alignment>0x4</alignment>
         <input_file_ref idref="fl-36"/>
      </object_component>
      <object_component id="oc-339">
         <name>.text.UART_close</name>
         <load_address>0x40e4fc</load_address>
         <readonly>true</readonly>
         <executable>true</executable>
         <run_address>0x40e4fc</run_address>
         <size>0x1a8</size>
         <alignment>0x2</alignment>
         <input_file_ref idref="fl-3d"/>
      </object_component>
      <object_component id="oc-2f8">
         <name>.text.xQueueSemaphoreTake</name>
         <load_address>0x40e6a4</load_address>
         <readonly>true</readonly>
         <executable>true</executable>
         <run_address>0x40e6a4</run_address>
         <size>0x19e</size>
         <alignment>0x2</alignment>
         <input_file_ref idref="fl-2a"/>
      </object_component>
      <object_component id="oc-3a5">
         <name>.text.EDMA_transferCompletionMasterIsrFxn</name>
         <load_address>0x40e842</load_address>
         <readonly>true</readonly>
         <executable>true</executable>
         <run_address>0x40e842</run_address>
         <size>0x196</size>
         <alignment>0x2</alignment>
         <input_file_ref idref="fl-36"/>
      </object_component>
      <object_component id="oc-3ad">
         <name>.text.UART_configInstance</name>
         <load_address>0x40e9d8</load_address>
         <readonly>true</readonly>
         <executable>true</executable>
         <run_address>0x40e9d8</run_address>
         <size>0x194</size>
         <alignment>0x2</alignment>
         <input_file_ref idref="fl-3d"/>
      </object_component>
      <object_component id="oc-318">
         <name>.text.EDMA_open</name>
         <load_address>0x40eb6c</load_address>
         <readonly>true</readonly>
         <executable>true</executable>
         <run_address>0x40eb6c</run_address>
         <size>0x186</size>
         <alignment>0x2</alignment>
         <input_file_ref idref="fl-36"/>
      </object_component>
      <object_component id="oc-165">
         <name>.text.ClockP_init</name>
         <load_address>0x40ecf2</load_address>
         <readonly>true</readonly>
         <executable>true</executable>
         <run_address>0x40ecf2</run_address>
         <size>0x176</size>
         <alignment>0x2</alignment>
         <input_file_ref idref="fl-25"/>
      </object_component>
      <object_component id="oc-133">
         <name>.text.rangeproc_main</name>
         <load_address>0x40ee68</load_address>
         <readonly>true</readonly>
         <executable>true</executable>
         <run_address>0x40ee68</run_address>
         <size>0x176</size>
         <alignment>0x2</alignment>
         <input_file_ref idref="fl-a"/>
      </object_component>
      <object_component id="oc-454">
         <name>.text.UART_write</name>
         <load_address>0x40efde</load_address>
         <readonly>true</readonly>
         <executable>true</executable>
         <run_address>0x40efde</run_address>
         <size>0x174</size>
         <alignment>0x2</alignment>
         <input_file_ref idref="fl-3d"/>
      </object_component>
      <object_component id="oc-2ed">
         <name>.text.xQueueGenericSend</name>
         <load_address>0x40f152</load_address>
         <readonly>true</readonly>
         <executable>true</executable>
         <run_address>0x40f152</run_address>
         <size>0x16a</size>
         <alignment>0x2</alignment>
         <input_file_ref idref="fl-2a"/>
      </object_component>
      <object_component id="oc-2a3">
         <name>.text.xTaskIncrementTick</name>
         <load_address>0x40f2bc</load_address>
         <readonly>true</readonly>
         <executable>true</executable>
         <run_address>0x40f2bc</run_address>
         <size>0x168</size>
         <alignment>0x2</alignment>
         <input_file_ref idref="fl-28"/>
      </object_component>
      <object_component id="oc-1db">
         <name>.text.xTaskResumeAll</name>
         <load_address>0x40f424</load_address>
         <readonly>true</readonly>
         <executable>true</executable>
         <run_address>0x40f424</run_address>
         <size>0x154</size>
         <alignment>0x2</alignment>
         <input_file_ref idref="fl-28"/>
      </object_component>
      <object_component id="oc-34a">
         <name>.text.xQueueReceive</name>
         <load_address>0x40f578</load_address>
         <readonly>true</readonly>
         <executable>true</executable>
         <run_address>0x40f578</run_address>
         <size>0x152</size>
         <alignment>0x2</alignment>
         <input_file_ref idref="fl-2a"/>
      </object_component>
      <object_component id="oc-479">
         <name>.text.DPEDMAHWA_configTwoHotSignature</name>
         <load_address>0x40f6ca</load_address>
         <readonly>true</readonly>
         <executable>true</executable>
         <run_address>0x40f6ca</run_address>
         <size>0x148</size>
         <alignment>0x2</alignment>
         <input_file_ref idref="fl-35"/>
      </object_component>
      <object_component id="oc-2b5">
         <name>.text.prvProcessReceivedCommands</name>
         <load_address>0x40f814</load_address>
         <readonly>true</readonly>
         <executable>true</executable>
         <run_address>0x40f814</run_address>
         <size>0x13a</size>
         <alignment>0x4</alignment>
         <input_file_ref idref="fl-29"/>
      </object_component>
      <object_component id="oc-38e">
         <name>.text._ntoa_long_long</name>
         <load_address>0x40f94e</load_address>
         <readonly>true</readonly>
         <executable>true</executable>
         <run_address>0x40f94e</run_address>
         <size>0x138</size>
         <alignment>0x2</alignment>
         <input_file_ref idref="fl-2e"/>
      </object_component>
      <object_component id="oc-42b">
         <name>.text.EDMA_registerIntr</name>
         <load_address>0x40fa86</load_address>
         <readonly>true</readonly>
         <executable>true</executable>
         <run_address>0x40fa86</run_address>
         <size>0x136</size>
         <alignment>0x2</alignment>
         <input_file_ref idref="fl-36"/>
      </object_component>
      <object_component id="oc-40f">
         <name>.text.__divdf3</name>
         <load_address>0x40fbbc</load_address>
         <readonly>true</readonly>
         <executable>true</executable>
         <run_address>0x40fbbc</run_address>
         <size>0x136</size>
         <alignment>0x4</alignment>
         <input_file_ref idref="fl-f4"/>
      </object_component>
      <object_component id="oc-45d">
         <name>.text.EDMA_allocResource</name>
         <load_address>0x40fcf4</load_address>
         <readonly>true</readonly>
         <executable>true</executable>
         <run_address>0x40fcf4</run_address>
         <size>0x132</size>
         <alignment>0x4</alignment>
         <input_file_ref idref="fl-36"/>
      </object_component>
      <object_component id="oc-3e1">
         <name>.text.rl_initErrorCheck</name>
         <load_address>0x40fe26</load_address>
         <readonly>true</readonly>
         <executable>true</executable>
         <run_address>0x40fe26</run_address>
         <size>0x12e</size>
         <alignment>0x2</alignment>
         <input_file_ref idref="fl-78"/>
      </object_component>
      <object_component id="oc-32d">
         <name>.text.HWA_configRam</name>
         <load_address>0x40ff54</load_address>
         <readonly>true</readonly>
         <executable>true</executable>
         <run_address>0x40ff54</run_address>
         <size>0x12c</size>
         <alignment>0x2</alignment>
         <input_file_ref idref="fl-37"/>
      </object_component>
      <object_component id="oc-480">
         <name>.text.HWA_enableParamSetInterrupt</name>
         <load_address>0x410080</load_address>
         <readonly>true</readonly>
         <executable>true</executable>
         <run_address>0x410080</run_address>
         <size>0x128</size>
         <alignment>0x2</alignment>
         <input_file_ref idref="fl-37"/>
      </object_component>
      <object_component id="oc-352">
         <name>.text.SOC_rcmGetClkSrcAndDivReg</name>
         <load_address>0x4101a8</load_address>
         <readonly>true</readonly>
         <executable>true</executable>
         <run_address>0x4101a8</run_address>
         <size>0x128</size>
         <alignment>0x4</alignment>
         <input_file_ref idref="fl-3c"/>
      </object_component>
      <object_component id="oc-4f0">
         <name>.text.aligned_alloc</name>
         <load_address>0x4102d0</load_address>
         <readonly>true</readonly>
         <executable>true</executable>
         <run_address>0x4102d0</run_address>
         <size>0x120</size>
         <alignment>0x4</alignment>
         <input_file_ref idref="fl-62"/>
      </object_component>
      <object_component id="oc-138">
         <name>.text.vTaskDelete</name>
         <load_address>0x4103f0</load_address>
         <readonly>true</readonly>
         <executable>true</executable>
         <run_address>0x4103f0</run_address>
         <size>0x11c</size>
         <alignment>0x2</alignment>
         <input_file_ref idref="fl-28"/>
      </object_component>
      <object_component id="oc-387">
         <name>.text.xTaskPriorityInherit</name>
         <load_address>0x41050c</load_address>
         <readonly>true</readonly>
         <executable>true</executable>
         <run_address>0x41050c</run_address>
         <size>0x11a</size>
         <alignment>0x2</alignment>
         <input_file_ref idref="fl-28"/>
      </object_component>
      <object_component id="oc-38f">
         <name>.text._ntoa_long</name>
         <load_address>0x410626</load_address>
         <readonly>true</readonly>
         <executable>true</executable>
         <run_address>0x410626</run_address>
         <size>0x114</size>
         <alignment>0x2</alignment>
         <input_file_ref idref="fl-2e"/>
      </object_component>
      <object_component id="oc-279">
         <name>.text.DPU_RangeProcHWA_init</name>
         <load_address>0x41073a</load_address>
         <readonly>true</readonly>
         <executable>true</executable>
         <run_address>0x41073a</run_address>
         <size>0x112</size>
         <alignment>0x2</alignment>
         <input_file_ref idref="fl-33"/>
      </object_component>
      <object_component id="oc-13a">
         <name>.text.prvAddNewTaskToReadyList</name>
         <load_address>0x41084c</load_address>
         <readonly>true</readonly>
         <executable>true</executable>
         <run_address>0x41084c</run_address>
         <size>0x110</size>
         <alignment>0x2</alignment>
         <input_file_ref idref="fl-28"/>
      </object_component>
      <object_component id="oc-209">
         <name>.text.SysTickTimerP_setup</name>
         <load_address>0x41095c</load_address>
         <readonly>true</readonly>
         <executable>true</executable>
         <run_address>0x41095c</run_address>
         <size>0x10e</size>
         <alignment>0x2</alignment>
         <input_file_ref idref="fl-2f"/>
      </object_component>
      <object_component id="oc-37e">
         <name>.text.MMWave_LinkInitCommon</name>
         <load_address>0x410a6a</load_address>
         <readonly>true</readonly>
         <executable>true</executable>
         <run_address>0x410a6a</run_address>
         <size>0x10a</size>
         <alignment>0x2</alignment>
         <input_file_ref idref="fl-43"/>
      </object_component>
      <object_component id="oc-96">
         <name>.text.hwi</name>
         <load_address>0x410b74</load_address>
         <readonly>true</readonly>
         <executable>true</executable>
         <run_address>0x410b74</run_address>
         <size>0x106</size>
         <alignment>0x2</alignment>
         <input_file_ref idref="fl-26"/>
      </object_component>
      <object_component id="oc-139">
         <name>.text.prvInitialiseNewTask</name>
         <load_address>0x410c7a</load_address>
         <readonly>true</readonly>
         <executable>true</executable>
         <run_address>0x410c7a</run_address>
         <size>0x102</size>
         <alignment>0x2</alignment>
         <input_file_ref idref="fl-28"/>
      </object_component>
      <object_component id="oc-403">
         <name>.text.__muldf3</name>
         <load_address>0x410d7c</load_address>
         <readonly>true</readonly>
         <executable>true</executable>
         <run_address>0x410d7c</run_address>
         <size>0xfc</size>
         <alignment>0x4</alignment>
         <input_file_ref idref="fl-f3"/>
      </object_component>
      <object_component id="oc-389">
         <name>.text.vTaskPriorityDisinheritAfterTimeout</name>
         <load_address>0x410e78</load_address>
         <readonly>true</readonly>
         <executable>true</executable>
         <run_address>0x410e78</run_address>
         <size>0xf8</size>
         <alignment>0x2</alignment>
         <input_file_ref idref="fl-28"/>
      </object_component>
      <object_component id="oc-18c">
         <name>.text.MMWave_init</name>
         <load_address>0x410f70</load_address>
         <readonly>true</readonly>
         <executable>true</executable>
         <run_address>0x410f70</run_address>
         <size>0xf4</size>
         <alignment>0x2</alignment>
         <input_file_ref idref="fl-42"/>
      </object_component>
      <object_component id="oc-3d9">
         <name>.text.prvAddCurrentTaskToDelayedList</name>
         <load_address>0x411064</load_address>
         <readonly>true</readonly>
         <executable>true</executable>
         <run_address>0x411064</run_address>
         <size>0xf4</size>
         <alignment>0x2</alignment>
         <input_file_ref idref="fl-28"/>
      </object_component>
      <object_component id="oc-33b">
         <name>.text.free</name>
         <load_address>0x411158</load_address>
[...]
      </symbol>
      <symbol id="sm-859">
         <name>rfs_rfsOpen</name>
         <value>0x20001</value>
      </symbol>
      <symbol id="sm-85a">
         <name>rfs_sensStatusClear</name>
         <value>0x23acd</value>
      </symbol>
      <symbol id="sm-85b">
         <name>rfs_cmdMonEnableTrig_rom</name>
         <value>0x23e45</value>
      </symbol>
      <symbol id="sm-85c">
         <name>rfs_cmdTempCfg_rom</name>
         <value>0x24233</value>
      </symbol>
      <symbol id="sm-85d">
         <name>rfs_cmdRespDev0IntHandler</name>
         <value>0x23a85</value>
      </symbol>
      <symbol id="sm-85e">
         <name>rfs_cmdSensDynPwrSaveStsGet_rom</name>
         <value>0x23f8f</value>
      </symbol>
      <symbol id="sm-85f">
         <name>rfs_cmdCwSensorStop_rom</name>
         <value>0x23d3d</value>
      </symbol>
      <symbol id="sm-860">
         <name>rfs_cmdTxNBbMonCfg_rom</name>
         <value>0x22965</value>
      </symbol>
      <symbol id="sm-861">
         <name>rfs_cmdLiveRxSaturCfg_rom</name>
         <value>0x22e93</value>
      </symbol>
      <symbol id="sm-862">
         <name>rfs_cmdChirpProfCfgGet_rom</name>
         <value>0x240c3</value>
      </symbol>
      <symbol id="sm-863">
         <name>rfs_cmdChirpProfCfg_rom</name>
         <value>0x240f1</value>
      </symbol>
      <symbol id="sm-864">
         <name>rfs_rfsClkCfg</name>
         <value>0x23c73</value>
      </symbol>
      <symbol id="sm-865">
         <name>rfs_cmdFactCalDataSet_rom</name>
         <value>0x2417b</value>
      </symbol>
      <symbol id="sm-866">
         <name>rfs_cmdApllClkCtrl_rom</name>
         <value>0x23cb9</value>
      </symbol>
      <symbol id="sm-867">
         <name>rfs_cmdFecssRdifCtrl_rom</name>
         <value>0x23dc1</value>
      </symbol>
      <symbol id="sm-868">
         <name>rfs_cmdRfClockBwCfg_rom</name>
         <value>0x23e87</value>
      </symbol>
      <symbol id="sm-869">
         <name>rfs_cmdRfTxRuntimeClpcCal_rom</name>
         <value>0x23c2d</value>
      </symbol>
      <symbol id="sm-86a">
         <name>rfs_cmdRespExecute</name>
         <value>0x213b5</value>
      </symbol>
      <symbol id="sm-86b">
         <name>rfs_rfsBootStatusGet</name>
         <value>0x24301</value>
      </symbol>
      <symbol id="sm-86c">
         <name>rfs_cmdDbgPdMeas_rom</name>
         <value>0x23b15</value>
      </symbol>
      <symbol id="sm-86d">
         <name>rfs_cmdRfCalibrate_rom</name>
         <value>0x23ba1</value>
      </symbol>
      <symbol id="sm-86e">
         <name>rfs_cmdRxTxCalDataGet_rom</name>
         <value>0x24205</value>
      </symbol>
      <symbol id="sm-86f">
         <name>rfs_cmdTxNRxLbMonCfg_rom</name>
         <value>0x22b6f</value>
      </symbol>
      <symbol id="sm-870">
         <name>rfs_cmdLiveGpadcCtmCfg_rom</name>
         <value>0x22dff</value>
      </symbol>
      <symbol id="sm-871">
         <name>rfs_cmdDebugCfg_rom</name>
         <value>0x23d7f</value>
      </symbol>
      <symbol id="sm-872">
         <name>rfs_cmdTxNPwrMonCfg_rom</name>
         <value>0x22ac1</value>
      </symbol>
      <symbol id="sm-873">
         <name>rfs_cmdCpuStsGet_rom</name>
         <value>0x2411f</value>
      </symbol>
      <symbol id="sm-874">
         <name>rfs_cmdRxTxCalDataSet_rom</name>
         <value>0x235ed</value>
      </symbol>
      <symbol id="sm-875">
         <name>rfs_cmdSensLbEna_rom</name>
         <value>0x24013</value>
      </symbol>
      <symbol id="sm-876">
         <name>rfs_rfsCmdSet</name>
         <value>0x21b87</value>
      </symbol>
      <symbol id="sm-877">
         <name>rfs_cmdSensStartCfg_rom</name>
         <value>0x24053</value>
      </symbol>
      <symbol id="sm-878">
         <name>rfs_cmdSensDynPwrSaveDis_rom</name>
         <value>0x23f4d</value>
      </symbol>
      <symbol id="sm-879">
         <name>rfs_cmdRfFactCal_rom</name>
         <value>0x23be7</value>
      </symbol>
      <symbol id="sm-87a">
         <name>rfs_cmdPllCtrlVltMonCfg_rom</name>
         <value>0x23163</value>
      </symbol>
      <symbol id="sm-87b">
         <name>rfs_rfsClose</name>
         <value>0x2394d</value>
      </symbol>
      <symbol id="sm-87c">
         <name>rfs_cmdFactCalDataGet_rom</name>
         <value>0x2414d</value>
      </symbol>
      <symbol id="sm-87d">
         <name>rfs_cmdSensLbCfg_rom</name>
         <value>0x2399f</value>
      </symbol>
      <symbol id="sm-87e">
         <name>rfs_cmdTxNDcSigMonCfg_rom</name>
         <value>0x22a13</value>
      </symbol>
      <symbol id="sm-87f">
         <name>rfs_cmdLiveSynthFreqCfg_rom</name>
         <value>0x2268d</value>
      </symbol>
      <symbol id="sm-880">
         <name>rfs_rfsResGet</name>
         <value>0x2123f</value>
      </symbol>
      <symbol id="sm-881">
         <name>rfs_cmdFwVerGet_rom</name>
         <value>0x241a9</value>
      </symbol>
      <symbol id="sm-882">
         <name>rfs_cmdRfPwrOnOff_rom</name>
         <value>0x23ec9</value>
      </symbol>
      <symbol id="sm-883">
         <name>rfs_cmdDbgTxPwrMeas_rom</name>
         <value>0x23b5b</value>
      </symbol>
      <symbol id="sm-884">
         <name>rfs_cmdGpadcTrig_rom</name>
         <value>0x23e03</value>
      </symbol>
      <symbol id="sm-885">
         <name>rfs_cmdRfStatusGet_rom</name>
         <value>0x23f0b</value>
      </symbol>
      <symbol id="sm-886">
         <name>rfs_cmdTempTrig_rom</name>
         <value>0x23fd1</value>
      </symbol>
      <symbol id="sm-887">
         <name>rfs_rfsBootInfoGet</name>
         <value>0x242df</value>
      </symbol>
      <symbol id="sm-892">
         <name>write</name>
         <value>0x416b71</value>
         <object_component_ref idref="oc-48f"/>
      </symbol>
      <symbol id="sm-897">
         <name>_device</name>
         <value>0x4186a0</value>
         <object_component_ref idref="oc-4e6"/>
      </symbol>
      <symbol id="sm-898">
         <name>_stream</name>
         <value>0x41877c</value>
         <object_component_ref idref="oc-4c7"/>
      </symbol>
      <symbol id="sm-8a0">
         <name>remove</name>
         <value>0x417611</value>
         <object_component_ref idref="oc-521"/>
      </symbol>
      <symbol id="sm-8ab">
         <name>lseek</name>
         <value>0x416a3d</value>
         <object_component_ref idref="oc-4ec"/>
      </symbol>
      <symbol id="sm-8b5">
         <name>close</name>
         <value>0x414b7d</value>
         <object_component_ref idref="oc-51d"/>
      </symbol>
      <symbol id="sm-8bf">
         <name>unlink</name>
         <value>0x416aed</value>
         <object_component_ref idref="oc-549"/>
      </symbol>
      <symbol id="sm-8c9">
         <name>HOSTclose</name>
         <value>0x416335</value>
         <object_component_ref idref="oc-4fe"/>
      </symbol>
      <symbol id="sm-8d3">
         <name>HOSTlseek</name>
         <value>0x414e0d</value>
         <object_component_ref idref="oc-50a"/>
      </symbol>
      <symbol id="sm-8dd">
         <name>HOSTopen</name>
         <value>0x414e65</value>
         <object_component_ref idref="oc-4fa"/>
      </symbol>
      <symbol id="sm-8de">
         <name>parmbuf</name>
         <value>0x406bfc</value>
         <object_component_ref idref="oc-52f"/>
      </symbol>
      <symbol id="sm-8e8">
         <name>HOSTread</name>
         <value>0x415019</value>
         <object_component_ref idref="oc-502"/>
      </symbol>
      <symbol id="sm-8f9">
         <name>HOSTrename</name>
         <value>0x414861</value>
         <object_component_ref idref="oc-512"/>
      </symbol>
      <symbol id="sm-903">
         <name>HOSTunlink</name>
         <value>0x415cd1</value>
         <object_component_ref idref="oc-50e"/>
      </symbol>
      <symbol id="sm-90d">
         <name>HOSTwrite</name>
         <value>0x41506d</value>
         <object_component_ref idref="oc-506"/>
      </symbol>
      <symbol id="sm-91b">
         <name>C$$IO$$</name>
         <value>0x4166e7</value>
         <object_component_ref idref="oc-528"/>
      </symbol>
      <symbol id="sm-91c">
         <name>__TI_writemsg</name>
         <value>0x4166bd</value>
         <object_component_ref idref="oc-528"/>
      </symbol>
      <symbol id="sm-91d">
         <name>__CIOBUF_</name>
         <value>0x40610c</value>
         <object_component_ref idref="oc-54f"/>
      </symbol>
      <symbol id="sm-91e">
         <name>__TI_readmsg</name>
         <value>0x4167b9</value>
         <object_component_ref idref="oc-52e"/>
      </symbol>
      <symbol id="sm-91f">
         <name>_CIOBUF_</name>
         <value>0x40610c</value>
         <object_component_ref idref="oc-54f"/>
      </symbol>
      <symbol id="sm-925">
         <name>__aeabi_dadd</name>
         <value>0x40dca3</value>
         <object_component_ref idref="oc-3f6"/>
      </symbol>
      <symbol id="sm-926">
         <name>__adddf3</name>
         <value>0x40dca3</value>
         <object_component_ref idref="oc-3f6"/>
      </symbol>
      <symbol id="sm-927">
         <name>__aeabi_dsub</name>
         <value>0x40dc99</value>
         <object_component_ref idref="oc-3f6"/>
      </symbol>
      <symbol id="sm-928">
         <name>__subdf3</name>
         <value>0x40dc99</value>
         <object_component_ref idref="oc-3f6"/>
      </symbol>
      <symbol id="sm-92e">
         <name>__aeabi_dmul</name>
         <value>0x410d7d</value>
         <object_component_ref idref="oc-403"/>
      </symbol>
      <symbol id="sm-92f">
         <name>__muldf3</name>
         <value>0x410d7d</value>
         <object_component_ref idref="oc-403"/>
      </symbol>
      <symbol id="sm-935">
         <name>__aeabi_ddiv</name>
         <value>0x40fbbd</value>
         <object_component_ref idref="oc-40f"/>
      </symbol>
      <symbol id="sm-936">
         <name>__divdf3</name>
         <value>0x40fbbd</value>
         <object_component_ref idref="oc-40f"/>
      </symbol>
      <symbol id="sm-93c">
         <name>__aeabi_f2d</name>
         <value>0x416509</value>
         <object_component_ref idref="oc-306"/>
      </symbol>
      <symbol id="sm-93d">
         <name>__extendsfdf2</name>
         <value>0x416509</value>
         <object_component_ref idref="oc-306"/>
      </symbol>
      <symbol id="sm-943">
         <name>__aeabi_d2iz</name>
         <value>0x415a99</value>
         <object_component_ref idref="oc-3fa"/>
      </symbol>
      <symbol id="sm-944">
         <name>__fixdfsi</name>
         <value>0x415a99</value>
         <object_component_ref idref="oc-3fa"/>
      </symbol>
      <symbol id="sm-94a">
         <name>__aeabi_d2uiz</name>
         <value>0x415f35</value>
         <object_component_ref idref="oc-407"/>
      </symbol>
      <symbol id="sm-94b">
         <name>__fixunsdfsi</name>
         <value>0x415f35</value>
         <object_component_ref idref="oc-407"/>
      </symbol>
      <symbol id="sm-951">
         <name>__aeabi_i2d</name>
         <value>0x4168a9</value>
         <object_component_ref idref="oc-3fe"/>
      </symbol>
      <symbol id="sm-952">
         <name>__floatsidf</name>
         <value>0x4168a9</value>
         <object_component_ref idref="oc-3fe"/>
      </symbol>
      <symbol id="sm-958">
         <name>__aeabi_ui2d</name>
         <value>0x417051</value>
         <object_component_ref idref="oc-40b"/>
      </symbol>
      <symbol id="sm-959">
         <name>__floatunsidf</name>
         <value>0x417051</value>
         <object_component_ref idref="oc-40b"/>
      </symbol>
      <symbol id="sm-95f">
         <name>__aeabi_d2f</name>
         <value>0x4142f9</value>
         <object_component_ref idref="oc-30a"/>
      </symbol>
      <symbol id="sm-960">
         <name>__truncdfsf2</name>
         <value>0x4142f9</value>
         <object_component_ref idref="oc-30a"/>
      </symbol>
      <symbol id="sm-96e">
         <name>__ledf2</name>
         <value>0x414289</value>
         <object_component_ref idref="oc-399"/>
      </symbol>
      <symbol id="sm-96f">
         <name>__gedf2</name>
         <value>0x414219</value>
         <object_component_ref idref="oc-39f"/>
      </symbol>
      <symbol id="sm-970">
         <name>__unorddf2</name>
         <value>0x4167e9</value>
         <object_component_ref idref="oc-3f0"/>
      </symbol>
      <symbol id="sm-971">
         <name>__cmpdf2</name>
         <value>0x414289</value>
         <object_component_ref idref="oc-399"/>
      </symbol>
      <symbol id="sm-972">
         <name>__eqdf2</name>
         <value>0x414289</value>
         <object_component_ref idref="oc-399"/>
      </symbol>
      <symbol id="sm-973">
         <name>__ltdf2</name>
         <value>0x414289</value>
         <object_component_ref idref="oc-399"/>
      </symbol>
      <symbol id="sm-974">
         <name>__nedf2</name>
         <value>0x414289</value>
         <object_component_ref idref="oc-399"/>
      </symbol>
      <symbol id="sm-975">
         <name>__gtdf2</name>
         <value>0x414219</value>
         <object_component_ref idref="oc-39f"/>
      </symbol>
      <symbol id="sm-976">
         <name>__aeabi_dcmpun</name>
         <value>0x4167e9</value>
         <object_component_ref idref="oc-3f0"/>
      </symbol>
      <symbol id="sm-97c">
         <name>__aeabi_dcmpeq</name>
         <value>0x414ab9</value>
         <object_component_ref idref="oc-30e"/>
      </symbol>
      <symbol id="sm-97d">
         <name>__aeabi_dcmplt</name>
         <value>0x414acd</value>
         <object_component_ref idref="oc-30e"/>
      </symbol>
      <symbol id="sm-97e">
         <name>__aeabi_dcmple</name>
         <value>0x414ae1</value>
         <object_component_ref idref="oc-30e"/>
      </symbol>
      <symbol id="sm-97f">
         <name>__aeabi_dcmpge</name>
         <value>0x414af5</value>
         <object_component_ref idref="oc-30e"/>
      </symbol>
      <symbol id="sm-980">
         <name>__aeabi_dcmpgt</name>
         <value>0x414b09</value>
         <object_component_ref idref="oc-30e"/>
      </symbol>
      <symbol id="sm-986">
         <name>__aeabi_memcpy</name>
         <value>0x41498d</value>
         <object_component_ref idref="oc-158"/>
      </symbol>
      <symbol id="sm-987">
         <name>__aeabi_memcpy4</name>
         <value>0x41498d</value>
         <object_component_ref idref="oc-158"/>
      </symbol>
      <symbol id="sm-988">
         <name>__aeabi_memcpy8</name>
         <value>0x41498d</value>
         <object_component_ref idref="oc-158"/>
      </symbol>
      <symbol id="sm-98f">
         <name>__aeabi_memclr</name>
         <value>0x4175f5</value>
         <object_component_ref idref="oc-cc"/>
      </symbol>
      <symbol id="sm-990">
         <name>__aeabi_memclr4</name>
         <value>0x4175f5</value>
         <object_component_ref idref="oc-cc"/>
      </symbol>
      <symbol id="sm-991">
         <name>__aeabi_memclr8</name>
         <value>0x4175f5</value>
         <object_component_ref idref="oc-cc"/>
      </symbol>
      <symbol id="sm-997">
         <name>__aeabi_uldivmod</name>
         <value>0x4172fd</value>
         <object_component_ref idref="oc-237"/>
      </symbol>
      <symbol id="sm-99d">
         <name>__udivmoddi4</name>
         <value>0x41267d</value>
         <object_component_ref idref="oc-2e6"/>
      </symbol>
      <symbol id="sm-9a7">
         <name>__aeabi_ldiv0</name>
         <value>0x40a62f</value>
         <object_component_ref idref="oc-358"/>
      </symbol>
      <symbol id="sm-9b5">
         <name>finddevice</name>
         <value>0x416a11</value>
         <object_component_ref idref="oc-55b"/>
      </symbol>
      <symbol id="sm-9b6">
         <name>getdevice</name>
         <value>0x414791</value>
         <object_component_ref idref="oc-552"/>
      </symbol>
      <symbol id="sm-9bd">
         <name>strcmp</name>
         <value>0x40c209</value>
         <object_component_ref idref="oc-55e"/>
      </symbol>
      <symbol id="sm-9c5">
         <name>TI_memcpy_small</name>
         <value>0x4173cb</value>
         <object_component_ref idref="oc-2b6"/>
      </symbol>
      <symbol id="sm-9cd">
         <name>TI_memset_small</name>
         <value>0x417571</value>
         <object_component_ref idref="oc-152"/>
      </symbol>
      <symbol id="sm-9d6">
         <name>gAddrTranslateConfig</name>
         <value>0x418928</value>
         <object_component_ref idref="oc-2dd"/>
      </symbol>
      <symbol id="sm-9d7">
         <name>AddrTranslateP_getLocalAddr</name>
         <value>0x411249</value>
         <object_component_ref idref="oc-22a"/>
      </symbol>
      <symbol id="sm-9e1">
         <name>TaskP_yield</name>
         <value>0x41718d</value>
         <object_component_ref idref="oc-439"/>
      </symbol>
      <symbol id="sm-9e4">
         <name>sens_configCtBurstParams</name>
         <value>0x23883</value>
      </symbol>
      <symbol id="sm-9e5">
         <name>sens_ftSensorStop</name>
         <value>0x239ef</value>
      </symbol>
      <symbol id="sm-9e6">
         <name>sens_ctSensorStatus</name>
         <value>0x238eb</value>
      </symbol>
      <symbol id="sm-9e7">
         <name>sens_configCtPerChirpHw</name>
         <value>0x20d9f</value>
      </symbol>
      <symbol id="sm-9e8">
         <name>sens_configDfeParams</name>
         <value>0x237ab</value>
      </symbol>
      <symbol id="sm-9e9">
         <name>sens_ctPerChirpHwCfgGet</name>
         <value>0x20f33</value>
      </symbol>
      <symbol id="sm-9ea">
         <name>sens_ctBurstParamsGet</name>
         <value>0x23819</value>
      </symbol>
      <symbol id="sm-9eb">
         <name>sens_configCtComnParams</name>
         <value>0x20a71</value>
      </symbol>
      <symbol id="sm-9ec">
         <name>sens_ctrlCtPerChirpHw</name>
         <value>0x220d7</value>
      </symbol>
      <symbol id="sm-9ed">
         <name>sens_ctPerChirpHwCtrlGet</name>
         <value>0x22439</value>
      </symbol>
      <symbol id="sm-9ee">
         <name>sens_ctComnParamsGet</name>
         <value>0x21cb7</value>
      </symbol>
      <symbol id="sm-9ef">
         <name>sens_dfeParamsGet</name>
         <value>0x24323</value>
      </symbol>
      <symbol id="sm-9f0">
         <name>sens_ctTimeParamsGet</name>
         <value>0x221b5</value>
      </symbol>
      <symbol id="sm-9f1">
         <name>sens_getCtResolution</name>
         <value>0x24261</value>
      </symbol>
      <symbol id="sm-9f2">
         <name>sens_configCtTimeParams</name>
         <value>0x225cd</value>
      </symbol>
      <symbol id="sm-9f3">
         <name>sens_configCtResolution</name>
         <value>0x2428f</value>
      </symbol>
      <symbol id="sm-9f4">
         <name>sens_ftFrameParamsGet</name>
         <value>0x23477</value>
      </symbol>
      <symbol id="sm-9f5">
         <name>sens_configFtFrameParams</name>
         <value>0x233f9</value>
      </symbol>
      <symbol id="sm-9f6">
         <name>sens_ftSensorStart</name>
         <value>0x21ee7</value>
      </symbol>
      <symbol id="sm-9f7">
         <name>sens_ftSensorForceStop</name>
         <value>0x208cb</value>
      </symbol>
      <symbol id="sm-9f8">
         <name>sens_ftSensorStatus</name>
         <value>0x234f5</value>
      </symbol>
      <symbol id="sm-9f9">
         <name>_system_post_cinit</name>
         <value>0x0</value>
      </symbol>
      <symbol id="sm-9fa">
         <name>__TI_Handler_Table_Limit</name>
         <value>0x0</value>
      </symbol>
      <symbol id="sm-9fb">
         <name>__TI_Handler_Table_Base</name>
         <value>0x0</value>
      </symbol>
      <symbol id="sm-9fc">
         <name>__TI_CINIT_Base</name>
         <value>0x0</value>
      </symbol>
      <symbol id="sm-9fd">
         <name>__TI_CINIT_Limit</name>
         <value>0x0</value>
      </symbol>
   </symbol_table>
   <title>Link successful</title>
</link_info>
